2026-08-28 17:20:18.797 [warning] Creation of workbench contribution 'workbench.contrib.preferencesActions' took 22ms.
2026-08-28 17:20:19.028 [warning] Creation of workbench contribution 'workbench.contrib.chatSetup' took 28ms.
2026-08-28 17:20:19.110 [info] [AgentHost:renderer] Acquiring MessagePort to agent host...
2026-08-28 17:20:19.144 [warning] Creation of workbench contribution 'workbench.contrib.agentHostPrewarm' took 27ms.
2026-08-28 17:20:20.838 [info] [AgentHost:renderer] MessagePort acquired, creating client...
2026-08-28 17:20:21.977 [info] Started local extension host with pid 164583.
2026-08-28 17:20:22.809 [error] Extension 'ms-vsliveshare.vsliveshare' wants API proposal 'notebookCellExecutionState' but that proposal DOES NOT EXIST. Likely, the proposal has been finalized (check 'vscode.d.ts') or was abandoned.
2026-08-28 17:20:22.811 [error] Extension 'ms-vsliveshare.vsliveshare CANNOT USE these API proposals 'contribMenuBarHome, contribStatusBarItems, diffCommand, documentFiltersExclusive, fileSearchProvider, findTextInFiles, notebookLiveShare, terminalDimensions, terminalDataWriteEvent, textSearchProvider'. You MUST start in extension development mode or use the --enable-proposed-api command line flag
2026-08-28 17:20:22.864 [error] [ms-vsliveshare.vsliveshare]: The statusBarItems is proposed API
2026-08-28 17:20:23.024 [error] [ms-vsliveshare.vsliveshare]: menuBar/home is a proposed menu identifier. It requires 'package.json#enabledApiProposals: ["contribMenuBarHome"]' and is only available when running out of dev or with the following command line switch: --enable-proposed-api ms-vsliveshare.vsliveshare
2026-08-28 17:20:26.448 [info] [AgentHost:renderer] Protocol connection established; clientId=ca4898de-aa76-408c-99c6-1807c76b7cd2
2026-08-28 17:20:27.053 [info] [AccountPolicyGate] apply: state=inactive, reason=undefined, isRestricted=false
2026-08-28 17:20:31.969 [info] Auto updating outdated extensions. theqtcompany.qt-core, theqtcompany.qt-qml
2026-08-28 17:20:32.096 [info] [AccountPolicyGate] apply: state=inactive, reason=undefined, isRestricted=false
2026-08-28 17:20:37.635 [error] [Extension Host] (node:164583) [DEP0040] DeprecationWarning: The `punycode` module is deprecated. Please use a userland alternative instead.
(Use `exe --trace-deprecation ...` to show where the warning was created)
2026-08-28 17:20:38.747 [error] [Extension Host] (node:164583) [DEP0169] DeprecationWarning: `url.parse()` behavior is not standardized and prone to errors that have security implications. Use the WHATWG URL API instead. CVEs are not issued for `url.parse()` vulnerabilities.
2026-08-28 17:20:38.749 [info] [AgentHost] No token resolved for resource: https://api.github.com
2026-08-28 17:20:38.752 [info] [AgentHost] Clearing authentication for resource: https://api.github.com
2026-08-28 17:20:38.755 [info] [AgentHost] No token resolved for resource: https://api.github.com/repos
2026-08-28 17:20:38.756 [info] [AgentHost] Clearing authentication for resource: https://api.github.com/repos
2026-08-28 17:20:39.933 [warning] Creation of workbench contribution 'terminal.chatAgentTools' took 102ms.
2026-08-28 17:20:41.467 [error] [Extension Host] (node:164583) [DEP0005] DeprecationWarning: Buffer() is deprecated due to security and usability issues. Please use the Buffer.alloc(), Buffer.allocUnsafe(), or Buffer.from() methods instead.
2026-08-28 17:20:42.748 [info] [perf] Render performance baseline is 194ms
2026-08-28 17:20:45.382 [error] command 'liveshare.startFromWelcomeContent' not found: Error: command 'liveshare.startFromWelcomeContent' not found
    at Jpt._tryExecuteCommand (vscode-file://vscode-app/usr/lib/code/out/vs/workbench/workbench.desktop.main.js:2005:4832)
    at Jpt.executeCommand (vscode-file://vscode-app/usr/lib/code/out/vs/workbench/workbench.desktop.main.js:2005:4732)
    at async cmt.open (vscode-file://vscode-app/usr/lib/code/out/vs/workbench/workbench.desktop.main.js:2071:383)
    at async JVe.open (vscode-file://vscode-app/usr/lib/code/out/vs/workbench/workbench.desktop.main.js:2071:1936)
2026-08-28 17:20:47.148 [error] command 'liveshare.startFromWelcomeContent' not found: Error: command 'liveshare.startFromWelcomeContent' not found
    at Jpt._tryExecuteCommand (vscode-file://vscode-app/usr/lib/code/out/vs/workbench/workbench.desktop.main.js:2005:4832)
    at Jpt.executeCommand (vscode-file://vscode-app/usr/lib/code/out/vs/workbench/workbench.desktop.main.js:2005:4732)
    at async cmt.open (vscode-file://vscode-app/usr/lib/code/out/vs/workbench/workbench.desktop.main.js:2071:383)
    at async JVe.open (vscode-file://vscode-app/usr/lib/code/out/vs/workbench/workbench.desktop.main.js:2071:1936)
2026-08-28 17:21:12.139 [error] [ms-vsliveshare.vsliveshare]: menuBar/home is a proposed menu identifier. It requires 'package.json#enabledApiProposals: ["contribMenuBarHome"]' and is only available when running out of dev or with the following command line switch: --enable-proposed-api ms-vsliveshare.vsliveshare
2026-08-28 17:21:17.387 [error] [Extension Host] Sending request failed.
2026-08-28 17:21:17.714 [error] [Extension Host] Sending request failed.
2026-08-28 17:21:17.788 [error] [Extension Host] Error: Unexpected SIGPIPE
	at process.<anonymous> (file:///usr/lib/code/out/bootstrap-fork.js:407:1689)
	at process.emit (node:events:509:28)
2026-08-28 17:21:17.813 [error] [Extension Host] Sending request failed.
2026-08-28 17:21:17.884 [error] [Extension Host] Sending request failed.
2026-08-28 17:21:18.034 [error] [Extension Host] Sending request failed.
2026-08-28 17:21:18.390 [error] An unknown error occurred. Please consult the log for more details.
