2026-08-28 20:31:42.748 [info] Reading sessions from keychain...
2026-08-28 20:31:42.748 [info] Getting sessions for all scopes...
2026-08-28 20:31:43.220 [info] Got stored sessions!
2026-08-28 20:31:43.221 [info] Got 1 verified sessions.
2026-08-28 20:31:43.221 [info] Got 1 sessions for ...
2026-08-28 20:31:43.232 [info] Getting sessions for all scopes...
2026-08-28 20:31:43.232 [info] Got 1 sessions for ...
2026-08-28 20:31:43.807 [info] Getting sessions for all scopes...
2026-08-28 20:31:43.807 [info] Got 1 sessions for ...
2026-08-28 20:31:49.567 [info] FetcherService: Electron fetch failed with status: 429 
2026-08-28 20:31:49.651 [info] Unable to resolve optional EDU details. Status: 429 
2026-08-28 20:31:49.843 [info] Getting sessions for all scopes...
2026-08-28 20:31:49.843 [info] Got 1 sessions for ...
2026-08-28 20:31:49.891 [info] Getting sessions for read:user,user:email...
2026-08-28 20:31:49.892 [info] Got 0 sessions for read:user,user:email...
2026-08-28 20:31:49.931 [info] Getting sessions for read:user,user:email...
2026-08-28 20:31:49.931 [info] Got 0 sessions for read:user,user:email...
2026-08-28 20:32:09.693 [info] Reading sessions from keychain...
2026-08-28 20:32:09.693 [info] Getting sessions for all scopes...
2026-08-28 20:32:09.693 [info] Got stored sessions!
2026-08-28 20:32:09.693 [info] Got 1 verified sessions.
2026-08-28 20:32:09.693 [info] Got 1 sessions for ...
2026-08-28 20:32:09.693 [info] Getting sessions for all scopes...
2026-08-28 20:32:09.694 [info] Got 1 sessions for ...
2026-08-28 20:32:09.694 [info] Getting sessions for all scopes...
2026-08-28 20:32:09.694 [info] Got 1 sessions for ...
2026-08-28 20:32:09.694 [info] Getting sessions for all scopes...
2026-08-28 20:32:09.694 [info] Got 1 sessions for ...
2026-08-28 20:32:09.694 [info] Getting sessions for read:user,user:email...
2026-08-28 20:32:09.694 [info] Got 0 sessions for read:user,user:email...
2026-08-28 20:32:09.694 [info] Getting sessions for all scopes...
2026-08-28 20:32:09.694 [info] Got 1 sessions for ...
2026-08-28 20:32:09.694 [info] Getting sessions for all scopes...
2026-08-28 20:32:09.694 [info] Got 1 sessions for ...
2026-08-28 20:32:09.694 [info] Getting sessions for all scopes...
2026-08-28 20:32:09.694 [info] Got 1 sessions for ...
2026-08-28 20:32:09.694 [info] Getting sessions for all scopes...
2026-08-28 20:32:09.694 [info] Got 1 sessions for ...
2026-08-28 20:32:09.694 [info] Getting sessions for all scopes...
2026-08-28 20:32:09.694 [info] Got 1 sessions for ...
2026-08-28 20:32:09.694 [info] Getting sessions for repo...
2026-08-28 20:32:09.694 [info] Got 0 sessions for repo...
2026-08-28 20:32:09.694 [info] Getting sessions for all scopes...
2026-08-28 20:32:09.694 [info] Got 1 sessions for ...
2026-08-28 20:32:11.006 [info] Getting sessions for read:user,user:email...
2026-08-28 20:32:11.006 [info] Got 0 sessions for read:user,user:email...
2026-08-28 20:32:11.015 [info] FetcherService: Electron fetch failed with status: 429 
2026-08-28 20:32:11.049 [info] Unable to resolve optional EDU details. Status: 429 
2026-08-28 20:32:11.205 [info] Getting sessions for all scopes...
2026-08-28 20:32:11.205 [info] Got 1 sessions for ...
2026-08-28 20:32:11.271 [info] Getting sessions for read:user,repo,user:email,workflow...
2026-08-28 20:32:11.271 [info] Got 1 sessions for read:user,repo,user:email,workflow...
2026-08-28 20:32:11.277 [info] Getting sessions for read:user,user:email...
2026-08-28 20:32:11.277 [info] Got 0 sessions for read:user,user:email...
2026-08-28 20:32:11.292 [info] Getting sessions for all scopes...
2026-08-28 20:32:11.292 [info] Got 1 sessions for ...
2026-08-28 20:32:11.294 [info] Getting sessions for read:user,user:email...
2026-08-28 20:32:11.294 [info] Got 0 sessions for read:user,user:email...
2026-08-28 20:32:11.454 [info] Getting sessions for all scopes...
2026-08-28 20:32:11.454 [info] Got 1 sessions for ...
2026-08-28 20:32:11.509 [info] Getting sessions for repo...
2026-08-28 20:32:11.509 [info] Got 0 sessions for repo...
2026-08-28 20:32:11.510 [info] Getting sessions for all scopes...
2026-08-28 20:32:11.510 [info] Got 1 sessions for ...
2026-08-28 20:32:12.640 [info] Getting sessions for repo...
2026-08-28 20:32:12.640 [info] Got 0 sessions for repo...
2026-08-28 20:32:12.643 [info] Getting sessions for all scopes...
2026-08-28 20:32:12.643 [info] Got 1 sessions for ...
2026-08-28 20:32:12.644 [info] Getting sessions for repo...
2026-08-28 20:32:12.644 [info] Got 0 sessions for repo...
2026-08-28 20:32:13.427 [info] Getting sessions for all scopes...
2026-08-28 20:32:13.427 [info] Got 1 sessions for ...
2026-08-28 20:32:13.427 [info] Getting sessions for read:user,user:email...
2026-08-28 20:32:13.428 [info] Got 0 sessions for read:user,user:email...
2026-08-28 20:32:13.428 [info] Getting sessions for all scopes...
2026-08-28 20:32:13.428 [info] Got 1 sessions for ...
2026-08-28 20:32:14.140 [info] Getting sessions for all scopes...
2026-08-28 20:32:14.140 [info] Got 1 sessions for ...
2026-08-28 20:32:14.146 [info] Getting sessions for read:user,user:email...
2026-08-28 20:32:14.146 [info] Got 0 sessions for read:user,user:email...
2026-08-28 20:32:14.147 [info] Getting sessions for all scopes...
2026-08-28 20:32:14.147 [info] Got 1 sessions for ...
2026-08-28 20:32:14.318 [info] Getting sessions for all scopes...
2026-08-28 20:32:14.318 [info] Got 1 sessions for ...
2026-08-28 20:32:14.764 [info] Getting sessions for all scopes...
2026-08-28 20:32:14.764 [info] Got 1 sessions for ...
2026-08-28 20:32:14.764 [info] Getting sessions for repo...
2026-08-28 20:32:14.764 [info] Got 0 sessions for repo...
2026-08-28 20:32:14.765 [info] Getting sessions for all scopes...
2026-08-28 20:32:14.765 [info] Got 1 sessions for ...
2026-08-28 20:32:14.782 [info] Getting sessions for all scopes...
2026-08-28 20:32:14.782 [info] Got 1 sessions for ...
2026-08-28 20:32:14.813 [info] Getting sessions for repo...
2026-08-28 20:32:14.814 [info] Got 0 sessions for repo...
2026-08-28 20:32:14.814 [info] Getting sessions for all scopes...
2026-08-28 20:32:14.815 [info] Got 1 sessions for ...
2026-08-28 20:32:15.290 [info] Getting sessions for read:user,repo,user:email,workflow...
2026-08-28 20:32:15.290 [info] Got 1 sessions for read:user,repo,user:email,workflow...
2026-08-28 20:32:15.291 [info] Getting sessions for all scopes...
2026-08-28 20:32:15.291 [info] Got 1 sessions for ...
2026-08-28 20:32:15.584 [info] Getting sessions for all scopes...
2026-08-28 20:32:15.584 [info] Got 1 sessions for ...
2026-08-28 20:32:16.008 [info] Getting sessions for read:user,repo,user:email,workflow...
2026-08-28 20:32:16.009 [info] Got 1 sessions for read:user,repo,user:email,workflow...
2026-08-28 20:32:16.393 [info] Getting sessions for all scopes...
2026-08-28 20:32:16.393 [info] Got 1 sessions for ...
2026-08-28 20:32:17.731 [info] Getting sessions for read:user,user:email...
2026-08-28 20:32:17.731 [info] Got 0 sessions for read:user,user:email...
2026-08-28 20:32:17.731 [info] Getting sessions for read:user,user:email...
2026-08-28 20:32:17.732 [info] Got 0 sessions for read:user,user:email...
2026-08-28 20:32:20.119 [info] Getting sessions for read:user,repo,user:email,workflow...
2026-08-28 20:32:20.119 [info] Got 1 sessions for read:user,repo,user:email,workflow...
2026-08-28 20:32:20.120 [info] Getting sessions for all scopes...
2026-08-28 20:32:20.120 [info] Got 1 sessions for ...
2026-08-28 20:32:20.124 [info] Getting sessions for all scopes...
2026-08-28 20:32:20.124 [info] Got 1 sessions for ...
2026-08-28 20:32:20.124 [info] Getting sessions for all scopes...
2026-08-28 20:32:20.125 [info] Got 1 sessions for ...
2026-08-28 20:32:20.850 [info] Getting sessions for repo...
2026-08-28 20:32:20.851 [info] Got 0 sessions for repo...
2026-08-28 20:32:20.851 [info] Getting sessions for repo...
2026-08-28 20:32:20.851 [info] Got 0 sessions for repo...
2026-08-28 20:32:20.908 [info] Getting sessions for all scopes...
2026-08-28 20:32:20.908 [info] Got 1 sessions for ...
2026-08-28 20:32:20.908 [info] Getting sessions for all scopes...
2026-08-28 20:32:20.908 [info] Got 1 sessions for ...
2026-08-28 20:32:20.941 [info] Getting sessions for read:user,repo,user:email,workflow...
2026-08-28 20:32:20.941 [info] Got 1 sessions for read:user,repo,user:email,workflow...
2026-08-28 20:32:20.942 [info] Getting sessions for read:user,user:email...
2026-08-28 20:32:20.942 [info] Got 0 sessions for read:user,user:email...
2026-08-28 20:32:20.942 [info] Getting sessions for read:user,user:email...
2026-08-28 20:32:20.943 [info] Got 0 sessions for read:user,user:email...
2026-08-28 20:32:20.972 [info] Getting sessions for all scopes...
2026-08-28 20:32:20.972 [info] Got 1 sessions for ...
2026-08-28 20:32:20.973 [info] Getting sessions for all scopes...
2026-08-28 20:32:20.973 [info] Got 1 sessions for ...
2026-08-28 20:32:21.001 [info] Getting sessions for repo...
2026-08-28 20:32:21.001 [info] Got 0 sessions for repo...
2026-08-28 20:32:21.002 [info] Getting sessions for repo...
2026-08-28 20:32:21.003 [info] Got 0 sessions for repo...
2026-08-28 20:32:21.045 [info] Getting sessions for all scopes...
2026-08-28 20:32:21.045 [info] Got 1 sessions for ...
2026-08-28 20:32:21.046 [info] Getting sessions for all scopes...
2026-08-28 20:32:21.046 [info] Got 1 sessions for ...
2026-08-28 20:32:21.354 [info] Getting sessions for all scopes...
2026-08-28 20:32:21.355 [info] Got 1 sessions for ...
2026-08-28 20:32:21.575 [info] Getting sessions for read:user,repo,user:email,workflow...
2026-08-28 20:32:21.575 [info] Got 1 sessions for read:user,repo,user:email,workflow...
2026-08-28 20:32:46.728 [info] Getting sessions for all scopes...
2026-08-28 20:32:46.729 [info] Got 1 sessions for ...
2026-08-28 20:32:46.731 [info] Getting sessions for all scopes...
2026-08-28 20:32:46.732 [info] Got 1 sessions for ...
2026-08-28 20:33:22.828 [info] Getting sessions for all scopes...
2026-08-28 20:33:22.828 [info] Got 1 sessions for ...
2026-08-28 20:33:23.200 [info] Getting sessions for all scopes...
2026-08-28 20:33:23.200 [info] Got 1 sessions for ...
2026-08-28 20:33:26.883 [info] Getting sessions for read:user,user:email...
2026-08-28 20:33:26.883 [info] Got 0 sessions for read:user,user:email...
2026-08-28 20:33:26.884 [info] Getting sessions for read:user,user:email...
2026-08-28 20:33:26.884 [info] Got 0 sessions for read:user,user:email...
2026-08-28 20:33:27.014 [info] Getting sessions for all scopes...
2026-08-28 20:33:27.014 [info] Got 1 sessions for ...
2026-08-28 20:33:27.028 [info] Getting sessions for all scopes...
2026-08-28 20:33:27.029 [info] Got 1 sessions for ...
2026-08-28 20:33:27.072 [info] Getting sessions for repo...
2026-08-28 20:33:27.072 [info] Got 0 sessions for repo...
2026-08-28 20:33:27.087 [info] Getting sessions for repo...
2026-08-28 20:33:27.087 [info] Got 0 sessions for repo...
2026-08-28 20:33:27.118 [info] Getting sessions for all scopes...
2026-08-28 20:33:27.118 [info] Got 1 sessions for ...
2026-08-28 20:33:27.120 [info] Getting sessions for all scopes...
2026-08-28 20:33:27.121 [info] Got 1 sessions for ...
2026-08-28 20:33:27.141 [info] Getting sessions for read:user,user:email...
2026-08-28 20:33:27.141 [info] Got 0 sessions for read:user,user:email...
2026-08-28 20:33:27.142 [info] Getting sessions for read:user,user:email...
2026-08-28 20:33:27.142 [info] Got 0 sessions for read:user,user:email...
2026-08-28 20:33:27.151 [info] Getting sessions for all scopes...
2026-08-28 20:33:27.151 [info] Got 1 sessions for ...
2026-08-28 20:33:27.152 [info] Getting sessions for all scopes...
2026-08-28 20:33:27.152 [info] Got 1 sessions for ...
2026-08-28 20:33:27.190 [info] Getting sessions for repo...
2026-08-28 20:33:27.190 [info] Got 0 sessions for repo...
2026-08-28 20:33:27.191 [info] Getting sessions for repo...
2026-08-28 20:33:27.191 [info] Got 0 sessions for repo...
2026-08-28 20:33:27.200 [info] Getting sessions for all scopes...
2026-08-28 20:33:27.200 [info] Got 1 sessions for ...
2026-08-28 20:33:27.201 [info] Getting sessions for all scopes...
2026-08-28 20:33:27.201 [info] Got 1 sessions for ...
2026-08-28 20:34:11.395 [info] Getting sessions for all scopes...
2026-08-28 20:34:11.395 [info] Got 1 sessions for ...
2026-08-28 20:34:11.397 [info] Getting sessions for all scopes...
2026-08-28 20:34:11.397 [info] Got 1 sessions for ...
2026-08-28 20:34:40.892 [info] Getting sessions for all scopes...
2026-08-28 20:34:40.892 [info] Got 1 sessions for ...
2026-08-28 20:34:40.896 [info] Getting sessions for all scopes...
2026-08-28 20:34:40.900 [info] Got 1 sessions for ...
2026-08-28 20:35:08.908 [info] Getting sessions for all scopes...
2026-08-28 20:35:08.908 [info] Got 1 sessions for ...
2026-08-28 20:35:08.916 [info] Getting sessions for all scopes...
2026-08-28 20:35:08.916 [info] Got 1 sessions for ...
2026-08-28 20:35:28.917 [info] Getting sessions for all scopes...
2026-08-28 20:35:28.918 [info] Got 1 sessions for ...
2026-08-28 20:35:28.924 [info] Getting sessions for all scopes...
2026-08-28 20:35:28.924 [info] Got 1 sessions for ...
2026-08-28 20:35:57.670 [info] Getting sessions for all scopes...
2026-08-28 20:35:57.670 [info] Got 1 sessions for ...
2026-08-28 20:35:57.683 [info] Getting sessions for all scopes...
2026-08-28 20:35:57.683 [info] Got 1 sessions for ...
2026-08-28 20:36:25.182 [info] Getting sessions for all scopes...
2026-08-28 20:36:25.182 [info] Got 1 sessions for ...
2026-08-28 20:36:25.187 [info] Getting sessions for all scopes...
2026-08-28 20:36:25.187 [info] Got 1 sessions for ...
2026-08-28 20:36:26.447 [info] Getting sessions for all scopes...
2026-08-28 20:36:26.447 [info] Got 1 sessions for ...
2026-08-28 20:36:26.450 [info] Getting sessions for all scopes...
2026-08-28 20:36:26.450 [info] Got 1 sessions for ...
2026-08-28 20:36:27.740 [info] Getting sessions for all scopes...
2026-08-28 20:36:27.740 [info] Got 1 sessions for ...
2026-08-28 20:36:27.742 [info] Getting sessions for all scopes...
2026-08-28 20:36:27.742 [info] Got 1 sessions for ...
2026-08-28 20:37:36.589 [info] Getting sessions for all scopes...
2026-08-28 20:37:36.590 [info] Got 1 sessions for ...
2026-08-28 20:37:36.600 [info] Getting sessions for all scopes...
2026-08-28 20:37:36.600 [info] Got 1 sessions for ...
2026-08-28 20:37:37.388 [info] Getting sessions for all scopes...
2026-08-28 20:37:37.388 [info] Got 1 sessions for ...
2026-08-28 20:37:37.390 [info] Getting sessions for all scopes...
2026-08-28 20:37:37.390 [info] Got 1 sessions for ...
2026-08-28 20:37:57.838 [info] Getting sessions for all scopes...
2026-08-28 20:37:57.838 [info] Got 1 sessions for ...
2026-08-28 20:37:57.841 [info] Getting sessions for all scopes...
2026-08-28 20:37:57.841 [info] Got 1 sessions for ...
2026-08-28 20:38:21.258 [info] Getting sessions for all scopes...
2026-08-28 20:38:21.258 [info] Got 1 sessions for ...
2026-08-28 20:38:21.284 [info] Getting sessions for all scopes...
2026-08-28 20:38:21.284 [info] Got 1 sessions for ...
2026-08-28 20:38:52.222 [info] Getting sessions for all scopes...
2026-08-28 20:38:52.222 [info] Got 1 sessions for ...
2026-08-28 20:38:52.260 [info] Getting sessions for all scopes...
2026-08-28 20:38:52.260 [info] Got 1 sessions for ...
2026-08-28 20:38:53.301 [info] Getting sessions for all scopes...
2026-08-28 20:38:53.301 [info] Got 1 sessions for ...
2026-08-28 20:38:53.303 [info] Getting sessions for all scopes...
2026-08-28 20:38:53.303 [info] Got 1 sessions for ...
2026-08-28 20:39:10.109 [info] Getting sessions for all scopes...
2026-08-28 20:39:10.109 [info] Got 1 sessions for ...
2026-08-28 20:39:10.405 [info] Getting sessions for all scopes...
2026-08-28 20:39:10.405 [info] Got 1 sessions for ...
2026-08-28 20:39:55.011 [info] Getting sessions for all scopes...
2026-08-28 20:39:55.011 [info] Got 1 sessions for ...
2026-08-28 20:39:55.014 [info] Getting sessions for all scopes...
2026-08-28 20:39:55.014 [info] Got 1 sessions for ...
2026-08-28 20:40:05.448 [info] Getting sessions for all scopes...
2026-08-28 20:40:05.449 [info] Got 1 sessions for ...
2026-08-28 20:40:05.451 [info] Getting sessions for all scopes...
2026-08-28 20:40:05.451 [info] Got 1 sessions for ...
2026-08-28 20:40:08.992 [info] Getting sessions for all scopes...
2026-08-28 20:40:08.992 [info] Got 1 sessions for ...
2026-08-28 20:40:08.993 [info] Getting sessions for all scopes...
2026-08-28 20:40:08.993 [info] Got 1 sessions for ...
2026-08-28 20:41:20.732 [info] Getting sessions for all scopes...
2026-08-28 20:41:20.732 [info] Got 1 sessions for ...
2026-08-28 20:41:20.739 [info] Getting sessions for read:user,repo,user:email,workflow...
2026-08-28 20:41:20.739 [info] Got 1 sessions for read:user,repo,user:email,workflow...
2026-08-28 20:41:21.806 [info] Getting sessions for all scopes...
2026-08-28 20:41:21.806 [info] Got 1 sessions for ...
2026-08-28 20:41:21.810 [info] Getting sessions for read:user,repo,user:email,workflow...
2026-08-28 20:41:21.810 [info] Got 1 sessions for read:user,repo,user:email,workflow...
2026-08-28 20:41:54.517 [info] Getting sessions for all scopes...
2026-08-28 20:41:54.517 [info] Got 1 sessions for ...
2026-08-28 20:41:54.530 [info] Getting sessions for read:user,repo,user:email,workflow...
2026-08-28 20:41:54.530 [info] Got 1 sessions for read:user,repo,user:email,workflow...
2026-08-28 20:43:21.577 [info] Getting sessions for all scopes...
2026-08-28 20:43:21.578 [info] Got 1 sessions for ...
2026-08-28 20:43:21.582 [info] Getting sessions for all scopes...
2026-08-28 20:43:21.582 [info] Got 1 sessions for ...
2026-08-28 20:43:44.322 [info] Getting sessions for all scopes...
2026-08-28 20:43:44.322 [info] Got 1 sessions for ...
2026-08-28 20:43:44.325 [info] Getting sessions for all scopes...
2026-08-28 20:43:44.326 [info] Got 1 sessions for ...
2026-08-28 20:45:24.000 [info] Getting sessions for all scopes...
2026-08-28 20:45:24.000 [info] Got 1 sessions for ...
2026-08-28 20:45:24.006 [info] Getting sessions for all scopes...
2026-08-28 20:45:24.006 [info] Got 1 sessions for ...
2026-08-28 20:46:17.042 [info] Getting sessions for all scopes...
2026-08-28 20:46:17.042 [info] Got 1 sessions for ...
2026-08-28 20:46:17.048 [info] Getting sessions for all scopes...
2026-08-28 20:46:17.048 [info] Got 1 sessions for ...
2026-08-28 20:46:32.830 [info] Getting sessions for all scopes...
2026-08-28 20:46:32.830 [info] Got 1 sessions for ...
2026-08-28 20:46:32.831 [info] Getting sessions for all scopes...
2026-08-28 20:46:32.832 [info] Got 1 sessions for ...
2026-08-28 20:46:53.148 [info] Getting sessions for all scopes...
2026-08-28 20:46:53.148 [info] Got 1 sessions for ...
2026-08-28 20:46:53.157 [info] Getting sessions for all scopes...
2026-08-28 20:46:53.157 [info] Got 1 sessions for ...
2026-08-28 20:47:22.384 [info] Getting sessions for all scopes...
2026-08-28 20:47:22.384 [info] Got 1 sessions for ...
2026-08-28 20:47:22.385 [info] Getting sessions for all scopes...
2026-08-28 20:47:22.386 [info] Got 1 sessions for ...
2026-08-28 20:47:40.640 [info] Getting sessions for all scopes...
2026-08-28 20:47:40.640 [info] Got 1 sessions for ...
2026-08-28 20:47:40.668 [info] Getting sessions for all scopes...
2026-08-28 20:47:40.668 [info] Got 1 sessions for ...
2026-08-28 20:48:23.020 [info] Getting sessions for all scopes...
2026-08-28 20:48:23.020 [info] Got 1 sessions for ...
2026-08-28 20:48:23.023 [info] Getting sessions for all scopes...
2026-08-28 20:48:23.023 [info] Got 1 sessions for ...
2026-08-28 20:48:38.670 [info] Getting sessions for all scopes...
2026-08-28 20:48:38.670 [info] Got 1 sessions for ...
2026-08-28 20:48:38.672 [info] Getting sessions for all scopes...
2026-08-28 20:48:38.672 [info] Got 1 sessions for ...
2026-08-28 20:50:00.996 [info] Getting sessions for all scopes...
2026-08-28 20:50:01.004 [info] Got 1 sessions for ...
2026-08-28 20:50:01.057 [info] Getting sessions for all scopes...
2026-08-28 20:50:01.058 [info] Got 1 sessions for ...
2026-08-28 20:50:20.941 [info] Getting sessions for all scopes...
2026-08-28 20:50:20.941 [info] Got 1 sessions for ...
2026-08-28 20:50:20.944 [info] Getting sessions for all scopes...
2026-08-28 20:50:20.944 [info] Got 1 sessions for ...
2026-08-28 20:50:33.893 [info] Getting sessions for all scopes...
2026-08-28 20:50:33.894 [info] Got 1 sessions for ...
2026-08-28 20:50:33.902 [info] Getting sessions for all scopes...
2026-08-28 20:50:33.903 [info] Got 1 sessions for ...
2026-08-30 15:11:28.136 [info] Getting sessions for all scopes...
2026-08-30 15:11:28.137 [info] Got 1 sessions for ...
2026-08-30 15:11:28.141 [info] Getting sessions for all scopes...
2026-08-30 15:11:28.141 [info] Got 1 sessions for ...
2026-08-30 15:11:31.664 [info] Getting sessions for read:user,user:email...
2026-08-30 15:11:31.664 [info] Got 0 sessions for read:user,user:email...
2026-08-30 15:11:31.665 [info] Getting sessions for read:user,user:email...
2026-08-30 15:11:31.665 [info] Got 0 sessions for read:user,user:email...
2026-08-30 15:11:31.684 [info] Getting sessions for all scopes...
2026-08-30 15:11:31.684 [info] Got 1 sessions for ...
2026-08-30 15:11:31.685 [info] Getting sessions for all scopes...
2026-08-30 15:11:31.685 [info] Got 1 sessions for ...
2026-08-30 15:11:31.686 [info] Getting sessions for repo...
2026-08-30 15:11:31.686 [info] Got 0 sessions for repo...
2026-08-30 15:11:31.687 [info] Getting sessions for repo...
2026-08-30 15:11:31.687 [info] Got 0 sessions for repo...
2026-08-30 15:11:31.688 [info] Getting sessions for all scopes...
2026-08-30 15:11:31.688 [info] Got 1 sessions for ...
2026-08-30 15:11:31.715 [info] Getting sessions for all scopes...
2026-08-30 15:11:31.715 [info] Got 1 sessions for ...
2026-08-30 15:11:31.717 [info] Getting sessions for read:user,user:email...
2026-08-30 15:11:31.717 [info] Got 0 sessions for read:user,user:email...
2026-08-30 15:11:31.718 [info] Getting sessions for read:user,user:email...
2026-08-30 15:11:31.718 [info] Got 0 sessions for read:user,user:email...
2026-08-30 15:11:31.720 [info] Getting sessions for all scopes...
2026-08-30 15:11:31.720 [info] Got 1 sessions for ...
2026-08-30 15:11:31.722 [info] Getting sessions for all scopes...
2026-08-30 15:11:31.723 [info] Got 1 sessions for ...
2026-08-30 15:11:31.725 [info] Getting sessions for repo...
2026-08-30 15:11:31.725 [info] Got 0 sessions for repo...
2026-08-30 15:11:31.726 [info] Getting sessions for repo...
2026-08-30 15:11:31.726 [info] Got 0 sessions for repo...
2026-08-30 15:11:31.728 [info] Getting sessions for all scopes...
2026-08-30 15:11:31.728 [info] Got 1 sessions for ...
2026-08-30 15:11:31.728 [info] Getting sessions for all scopes...
2026-08-30 15:11:31.728 [info] Got 1 sessions for ...
2026-08-30 15:13:09.953 [info] Getting sessions for all scopes...
2026-08-30 15:13:09.954 [info] Got 1 sessions for ...
2026-08-30 15:13:09.957 [info] Getting sessions for all scopes...
2026-08-30 15:13:09.958 [info] Got 1 sessions for ...
