2026-08-30 16:27:52.634 [info] [aebc6443-996d-45c2-90f0-388ff96faa56] Native Broker enabled: false
2026-08-30 16:27:53.727 [info] [getSessions] [all] starting
2026-08-30 16:27:53.727 [info] [getSessions] [all] returned 0 session(s)
2026-08-30 16:27:53.727 [info] [getSessions] [all] starting
2026-08-30 16:27:53.727 [info] [getSessions] [all] returned 0 session(s)
2026-08-30 16:27:53.727 [info] [getSessions] [all] starting
2026-08-30 16:27:53.727 [info] [getSessions] [all] returned 0 session(s)
2026-08-30 16:27:53.857 [info] [getSessions] [499b84ac-1321-427f-aa17-267ca6975798/.default offline_access] starting
2026-08-30 16:27:53.857 [info] [aebc6443-996d-45c2-90f0-388ff96faa56] Native Broker enabled: false
2026-08-30 16:27:54.192 [info] [getSessions] [499b84ac-1321-427f-aa17-267ca6975798/.default offline_access] returned 0 session(s)
2026-08-30 16:27:55.420 [info] [getSessions] [499b84ac-1321-427f-aa17-267ca6975798/.default offline_access] starting
2026-08-30 16:27:55.421 [info] [getSessions] [499b84ac-1321-427f-aa17-267ca6975798/.default offline_access] returned 0 session(s)
2026-08-30 16:27:56.365 [info] [getSessions] [all] starting
2026-08-30 16:27:56.365 [info] [getSessions] [all] returned 0 session(s)
2026-08-30 16:34:24.710 [info] Microsoft Authentication is deactivating...
2026-08-30 16:34:55.640 [info] [aebc6443-996d-45c2-90f0-388ff96faa56] Native Broker enabled: false
2026-08-30 16:34:56.455 [info] [getSessions] [all] starting
2026-08-30 16:34:56.455 [info] [getSessions] [all] returned 0 session(s)
2026-08-30 16:34:56.456 [info] [getSessions] [all] starting
2026-08-30 16:34:56.456 [info] [getSessions] [all] returned 0 session(s)
2026-08-30 16:34:56.456 [info] [getSessions] [all] starting
2026-08-30 16:34:56.456 [info] [getSessions] [all] returned 0 session(s)
2026-08-30 16:34:57.680 [info] [getSessions] [499b84ac-1321-427f-aa17-267ca6975798/.default offline_access] starting
2026-08-30 16:34:57.680 [info] [aebc6443-996d-45c2-90f0-388ff96faa56] Native Broker enabled: false
2026-08-30 16:35:00.877 [info] [getSessions] [499b84ac-1321-427f-aa17-267ca6975798/.default offline_access] returned 0 session(s)
2026-08-30 16:35:07.519 [info] [getSessions] [499b84ac-1321-427f-aa17-267ca6975798/.default offline_access] starting
2026-08-30 16:35:07.519 [info] [getSessions] [499b84ac-1321-427f-aa17-267ca6975798/.default offline_access] returned 0 session(s)
2026-08-30 18:12:11.078 [info] Microsoft Authentication is deactivating...
