2026-08-28 17:10:12.812 [info] [main] Log level: Info
2026-08-28 17:10:12.812 [info] [main] Validating found git in: "git"
2026-08-28 17:10:12.812 [info] [main] Using git "2.55.0" from "git"
2026-08-28 17:10:12.812 [info] [Model][doInitialScan] Initial repository scan started
2026-08-28 17:10:12.812 [info] > git rev-parse --show-toplevel [80ms]
2026-08-28 17:10:12.812 [info] fatal: not a git repository (or any of the parent directories): .git
2026-08-28 17:10:12.812 [info] [Model][doInitialScan] Initial repository scan completed - repositories (0), closed repositories (0), parent repositories (0), unsafe repositories (0)
2026-08-28 17:10:24.075 [info] > git rev-parse --show-toplevel [5ms]
2026-08-28 17:10:24.076 [info] fatal: not a git repository (or any of the parent directories): .git
2026-08-28 17:10:35.420 [info] > git rev-parse --show-toplevel [6ms]
2026-08-28 17:10:35.421 [info] fatal: not a git repository (or any of the parent directories): .git
2026-08-28 17:10:35.492 [info] > git rev-parse --show-toplevel [5ms]
2026-08-28 17:10:35.492 [info] fatal: not a git repository (or any of the parent directories): .git
2026-08-28 17:10:39.502 [info] > git rev-parse --show-toplevel [4ms]
2026-08-28 17:10:39.502 [info] fatal: not a git repository (or any of the parent directories): .git
2026-08-28 17:10:41.960 [info] > git rev-parse --show-toplevel [4ms]
2026-08-28 17:10:41.960 [info] fatal: not a git repository (or any of the parent directories): .git
2026-08-28 17:10:49.805 [info] > git rev-parse --show-toplevel [5ms]
2026-08-28 17:10:49.806 [info] fatal: not a git repository (or any of the parent directories): .git
2026-08-28 17:10:53.020 [info] > git rev-parse --show-toplevel [5ms]
2026-08-28 17:10:53.020 [info] fatal: not a git repository (or any of the parent directories): .git
2026-08-28 17:17:44.108 [info] [main] Log level: Info
2026-08-28 17:17:44.108 [info] [main] Validating found git in: "git"
2026-08-28 17:17:44.108 [info] [main] Using git "2.55.0" from "git"
2026-08-28 17:17:44.108 [info] [Model][doInitialScan] Initial repository scan started
2026-08-28 17:17:44.117 [info] > git rev-parse --show-toplevel [54ms]
2026-08-28 17:17:44.118 [info] fatal: not a git repository (or any of the parent directories): .git
2026-08-28 17:17:44.161 [info] > git rev-parse --show-toplevel [22ms]
2026-08-28 17:17:44.161 [info] fatal: not a git repository (or any of the parent directories): .git
2026-08-28 17:17:44.235 [info] > git rev-parse --show-toplevel [15ms]
2026-08-28 17:17:44.235 [info] fatal: not a git repository (or any of the parent directories): .git
2026-08-28 17:17:44.397 [info] > git rev-parse --show-toplevel [144ms]
2026-08-28 17:17:44.397 [info] fatal: not a git repository (or any of the parent directories): .git
2026-08-28 17:17:44.435 [info] > git rev-parse --show-toplevel [5ms]
2026-08-28 17:17:44.436 [info] fatal: not a git repository (or any of the parent directories): .git
2026-08-28 17:17:44.455 [info] > git rev-parse --show-toplevel [5ms]
2026-08-28 17:17:44.455 [info] fatal: not a git repository (or any of the parent directories): .git
2026-08-28 17:17:44.505 [info] > git rev-parse --show-toplevel [31ms]
2026-08-28 17:17:44.505 [info] fatal: not a git repository (or any of the parent directories): .git
2026-08-28 17:17:44.530 [info] > git rev-parse --show-toplevel [6ms]
2026-08-28 17:17:44.530 [info] fatal: not a git repository (or any of the parent directories): .git
2026-08-28 17:17:44.556 [info] > git rev-parse --show-toplevel [6ms]
2026-08-28 17:17:44.556 [info] fatal: not a git repository (or any of the parent directories): .git
2026-08-28 17:17:44.579 [info] > git rev-parse --show-toplevel [4ms]
2026-08-28 17:17:44.579 [info] fatal: not a git repository (or any of the parent directories): .git
2026-08-28 17:17:44.596 [info] > git rev-parse --show-toplevel [3ms]
2026-08-28 17:17:44.597 [info] fatal: not a git repository (or any of the parent directories): .git
2026-08-28 17:17:44.618 [info] > git rev-parse --show-toplevel [9ms]
2026-08-28 17:17:44.618 [info] fatal: not a git repository (or any of the parent directories): .git
2026-08-28 17:17:44.641 [info] > git rev-parse --show-toplevel [5ms]
2026-08-28 17:17:44.641 [info] fatal: not a git repository (or any of the parent directories): .git
2026-08-28 17:17:44.659 [info] > git rev-parse --show-toplevel [4ms]
2026-08-28 17:17:44.660 [info] fatal: not a git repository (or any of the parent directories): .git
2026-08-28 17:17:44.677 [info] > git rev-parse --show-toplevel [5ms]
2026-08-28 17:17:44.677 [info] fatal: not a git repository (or any of the parent directories): .git
2026-08-28 17:17:44.696 [info] > git rev-parse --show-toplevel [4ms]
2026-08-28 17:17:44.696 [info] fatal: not a git repository (or any of the parent directories): .git
2026-08-28 17:17:44.713 [info] > git rev-parse --show-toplevel [3ms]
2026-08-28 17:17:44.713 [info] fatal: not a git repository (or any of the parent directories): .git
2026-08-28 17:17:44.734 [info] > git rev-parse --show-toplevel [6ms]
2026-08-28 17:17:44.734 [info] fatal: not a git repository (or any of the parent directories): .git
2026-08-28 17:17:44.752 [info] > git rev-parse --show-toplevel [4ms]
2026-08-28 17:17:44.752 [info] fatal: not a git repository (or any of the parent directories): .git
2026-08-28 17:17:44.798 [info] > git rev-parse --show-toplevel [33ms]
2026-08-28 17:17:44.798 [info] fatal: not a git repository (or any of the parent directories): .git
2026-08-28 17:17:44.819 [info] > git rev-parse --show-toplevel [4ms]
2026-08-28 17:17:44.819 [info] fatal: not a git repository (or any of the parent directories): .git
2026-08-28 17:17:44.840 [info] > git rev-parse --show-toplevel [5ms]
2026-08-28 17:17:44.840 [info] fatal: not a git repository (or any of the parent directories): .git
2026-08-28 17:17:44.861 [info] > git rev-parse --show-toplevel [7ms]
2026-08-28 17:17:44.861 [info] fatal: not a git repository (or any of the parent directories): .git
2026-08-28 17:17:44.883 [info] > git rev-parse --show-toplevel [6ms]
2026-08-28 17:17:44.883 [info] fatal: not a git repository (or any of the parent directories): .git
2026-08-28 17:17:44.900 [info] > git rev-parse --show-toplevel [4ms]
2026-08-28 17:17:44.900 [info] fatal: not a git repository (or any of the parent directories): .git
2026-08-28 17:17:44.920 [info] > git rev-parse --show-toplevel [4ms]
2026-08-28 17:17:44.920 [info] fatal: not a git repository (or any of the parent directories): .git
2026-08-28 17:17:44.940 [info] > git rev-parse --show-toplevel [4ms]
2026-08-28 17:17:44.940 [info] fatal: not a git repository (or any of the parent directories): .git
2026-08-28 17:17:44.963 [info] > git rev-parse --show-toplevel [5ms]
2026-08-28 17:17:44.963 [info] fatal: not a git repository (or any of the parent directories): .git
2026-08-28 17:17:44.985 [info] > git rev-parse --show-toplevel [4ms]
2026-08-28 17:17:44.985 [info] fatal: not a git repository (or any of the parent directories): .git
2026-08-28 17:17:45.007 [info] > git rev-parse --show-toplevel [4ms]
2026-08-28 17:17:45.007 [info] fatal: not a git repository (or any of the parent directories): .git
2026-08-28 17:17:45.026 [info] > git rev-parse --show-toplevel [5ms]
2026-08-28 17:17:45.026 [info] fatal: not a git repository (or any of the parent directories): .git
2026-08-28 17:17:45.049 [info] > git rev-parse --show-toplevel [5ms]
2026-08-28 17:17:45.049 [info] fatal: not a git repository (or any of the parent directories): .git
2026-08-28 17:17:45.185 [info] > git rev-parse --show-toplevel [115ms]
2026-08-28 17:17:45.185 [info] fatal: not a git repository (or any of the parent directories): .git
2026-08-28 17:17:45.205 [info] > git rev-parse --show-toplevel [5ms]
2026-08-28 17:17:45.205 [info] fatal: not a git repository (or any of the parent directories): .git
2026-08-28 17:17:45.228 [info] > git rev-parse --show-toplevel [6ms]
2026-08-28 17:17:45.228 [info] fatal: not a git repository (or any of the parent directories): .git
2026-08-28 17:17:45.256 [info] > git rev-parse --show-toplevel [4ms]
2026-08-28 17:17:45.256 [info] fatal: not a git repository (or any of the parent directories): .git
2026-08-28 17:17:45.279 [info] > git rev-parse --show-toplevel [5ms]
2026-08-28 17:17:45.279 [info] fatal: not a git repository (or any of the parent directories): .git
2026-08-28 17:17:45.300 [info] > git rev-parse --show-toplevel [5ms]
2026-08-28 17:17:45.301 [info] fatal: not a git repository (or any of the parent directories): .git
2026-08-28 17:17:45.324 [info] > git rev-parse --show-toplevel [6ms]
2026-08-28 17:17:45.324 [info] fatal: not a git repository (or any of the parent directories): .git
2026-08-28 17:17:45.345 [info] > git rev-parse --show-toplevel [5ms]
2026-08-28 17:17:45.345 [info] fatal: not a git repository (or any of the parent directories): .git
2026-08-28 17:17:45.365 [info] > git rev-parse --show-toplevel [5ms]
2026-08-28 17:17:45.365 [info] fatal: not a git repository (or any of the parent directories): .git
2026-08-28 17:17:45.397 [info] > git rev-parse --show-toplevel [11ms]
2026-08-28 17:17:45.428 [info] > git rev-parse --git-dir --git-common-dir --show-superproject-working-tree [9ms]
2026-08-28 17:17:45.617 [info] [Model][openRepository] Opened repository (path): /home/rm99/.config/quickshell
2026-08-28 17:17:45.617 [info] [Model][openRepository] Opened repository (real path): /home/rm99/.config/quickshell
2026-08-28 17:17:45.617 [info] [Model][openRepository] Opened repository (kind): repository
2026-08-28 17:17:45.687 [info] > git config --get commit.template [26ms]
2026-08-28 17:17:45.688 [info] > git config --get --local core.virtualfilesystem [44ms]
2026-08-28 17:17:45.689 [warning] [Git][config] git config failed: Failed to execute git
2026-08-28 17:17:45.723 [info] > git rev-parse --show-toplevel [40ms]
2026-08-28 17:17:45.723 [info] fatal: not a git repository (or any of the parent directories): .git
2026-08-28 17:17:45.742 [info] > git for-each-ref --format=%(refname)%00%(upstream:short)%00%(objectname)%00%(upstream:track)%00%(upstream:remotename)%00%(upstream:remoteref) refs/heads/main refs/remotes/main [23ms]
2026-08-28 17:17:45.765 [warning] [Git][revParse] Unable to read file: ENOENT: no such file or directory, open '/home/rm99/.config/quickshell/.git/refs/remotes/origin/main'
2026-08-28 17:17:45.768 [info] > git rev-parse --show-toplevel [29ms]
2026-08-28 17:17:45.768 [info] fatal: not a git repository (or any of the parent directories): .git
2026-08-28 17:17:45.794 [info] > git rev-parse refs/remotes/origin/main [29ms]
2026-08-28 17:17:45.844 [info] > git status -z -uall [30ms]
2026-08-28 17:17:45.848 [info] > git rev-parse --show-toplevel [56ms]
2026-08-28 17:17:45.868 [info] > git for-each-ref --sort -committerdate --format %(refname)%00%(objectname)%00%(*objectname) [31ms]
2026-08-28 17:17:46.040 [info] > git config --get commit.template [16ms]
2026-08-28 17:17:46.040 [info] > git for-each-ref --format=%(refname)%00%(upstream:short)%00%(objectname)%00%(upstream:track)%00%(upstream:remotename)%00%(upstream:remoteref) refs/heads/main refs/remotes/main [69ms]
2026-08-28 17:17:46.059 [info] > git rev-parse --git-dir --git-common-dir --show-superproject-working-tree [193ms]
2026-08-28 17:17:46.064 [info] > git config --get --local branch.main.vscode-merge-base [6ms]
2026-08-28 17:17:46.065 [warning] [Git][config] git config failed: Failed to execute git
2026-08-28 17:17:46.104 [info] > git reflog main --grep-reflog=branch: Created from *. [24ms]
2026-08-28 17:17:46.126 [info] > git for-each-ref --format=%(refname)%00%(upstream:short)%00%(objectname)%00%(upstream:track)%00%(upstream:remotename)%00%(upstream:remoteref) refs/heads/main refs/remotes/main [27ms]
2026-08-28 17:17:46.144 [warning] [Git][revParse] Unable to read file: ENOENT: no such file or directory, open '/home/rm99/.config/quickshell/.git/refs/remotes/origin/main'
2026-08-28 17:17:46.146 [info] > git symbolic-ref --short refs/remotes/origin/HEAD [26ms]
2026-08-28 17:17:46.187 [info] > git for-each-ref --format=%(refname)%00%(upstream:short)%00%(objectname)%00%(upstream:track)%00%(upstream:remotename)%00%(upstream:remoteref) refs/heads/origin/main refs/remotes/origin/main [26ms]
2026-08-28 17:17:46.203 [info] > git rev-parse refs/remotes/origin/main [59ms]
2026-08-28 17:17:46.235 [info] > git status -z -uall [17ms]
2026-08-28 17:17:46.235 [info] > git config --add --local branch.main.vscode-merge-base origin/main [33ms]
2026-08-28 17:17:46.239 [info] > git for-each-ref --sort -committerdate --format %(refname)%00%(objectname)%00%(*objectname) [6ms] (cancelled)
2026-08-28 17:17:46.284 [info] > git config --get commit.template [19ms]
2026-08-28 17:17:46.287 [info] > git for-each-ref --format=%(refname)%00%(upstream:short)%00%(objectname)%00%(upstream:track)%00%(upstream:remotename)%00%(upstream:remoteref) refs/heads/main refs/remotes/main [5ms]
2026-08-28 17:17:46.302 [warning] [Git][revParse] Unable to read file: ENOENT: no such file or directory, open '/home/rm99/.config/quickshell/.git/refs/remotes/origin/main'
2026-08-28 17:17:46.328 [info] > git rev-parse refs/remotes/origin/main [26ms]
2026-08-28 17:17:46.364 [info] > git status -z -uall [20ms]
2026-08-28 17:17:46.385 [info] [Model][openRepository] Opened repository (path): /home/rm99/.config/rofi
2026-08-28 17:17:46.385 [info] [Model][openRepository] Opened repository (real path): /home/rm99/.config/rofi
2026-08-28 17:17:46.385 [info] [Model][openRepository] Opened repository (kind): repository
2026-08-28 17:17:46.444 [info] > git config --get commit.template [24ms]
2026-08-28 17:17:46.444 [info] > git config --get --local core.virtualfilesystem [41ms]
2026-08-28 17:17:46.444 [warning] [Git][config] git config failed: Failed to execute git
2026-08-28 17:17:46.445 [info] > git for-each-ref --sort -committerdate --format %(refname)%00%(objectname)%00%(*objectname) [82ms]
2026-08-28 17:17:46.505 [info] > git rev-parse --show-toplevel [72ms]
2026-08-28 17:17:46.505 [info] fatal: not a git repository (or any of the parent directories): .git
2026-08-28 17:17:46.541 [info] > git merge-base refs/heads/main refs/remotes/origin/main [46ms]
2026-08-28 17:17:46.558 [info] > git merge-base refs/heads/main refs/remotes/origin/main [85ms]
2026-08-28 17:17:46.588 [info] > git diff --raw --numstat --diff-filter=ADMR -z --find-renames=50% d380bee81a87e7581360f6b386b6dd72469092b1...refs/remotes/origin/main -- [13ms]
2026-08-28 17:17:46.590 [info] > git diff --raw --numstat --diff-filter=ADMR -z --find-renames=50% d380bee81a87e7581360f6b386b6dd72469092b1...refs/remotes/origin/main -- [33ms]
2026-08-28 17:17:46.599 [info] > git rev-parse --show-toplevel [59ms]
2026-08-28 17:17:46.599 [info] fatal: not a git repository (or any of the parent directories): .git
2026-08-28 17:17:46.600 [info] > git for-each-ref --format=%(refname)%00%(upstream:short)%00%(objectname)%00%(upstream:track)%00%(upstream:remotename)%00%(upstream:remoteref) refs/heads/main refs/remotes/main [74ms]
2026-08-28 17:17:46.631 [warning] [Git][revParse] Unable to read file: ENOENT: no such file or directory, open '/home/rm99/.config/rofi/.git/refs/remotes/origin/main'
2026-08-28 17:17:46.638 [info] > git rev-parse --show-toplevel [22ms]
2026-08-28 17:17:46.639 [info] fatal: not a git repository (or any of the parent directories): .git
2026-08-28 17:17:46.640 [info] > git rev-parse refs/remotes/origin/main [9ms]
2026-08-28 17:17:46.686 [info] > git status -z -uall [31ms]
2026-08-28 17:17:46.690 [info] > git for-each-ref --sort -committerdate --format %(refname)%00%(objectname)%00%(*objectname) [20ms]
2026-08-28 17:17:46.734 [info] > git rev-parse --show-toplevel [50ms]
2026-08-28 17:17:46.734 [info] fatal: not a git repository (or any of the parent directories): .git
2026-08-28 17:17:46.753 [info] > git for-each-ref --format=%(refname)%00%(upstream:short)%00%(objectname)%00%(upstream:track)%00%(upstream:remotename)%00%(upstream:remoteref) refs/heads/main refs/remotes/main [36ms]
2026-08-28 17:17:46.770 [info] > git config --get commit.template [37ms]
2026-08-28 17:17:46.785 [info] > git rev-parse --show-toplevel [32ms]
2026-08-28 17:17:46.785 [info] fatal: not a git repository (or any of the parent directories): .git
2026-08-28 17:17:46.814 [info] > git config --get --local branch.main.vscode-merge-base [47ms]
2026-08-28 17:17:46.835 [info] > git rev-parse --show-toplevel [34ms]
2026-08-28 17:17:46.835 [info] fatal: not a git repository (or any of the parent directories): .git
2026-08-28 17:17:46.835 [info] > git for-each-ref --format=%(refname)%00%(upstream:short)%00%(objectname)%00%(upstream:track)%00%(upstream:remotename)%00%(upstream:remoteref) refs/heads/main refs/remotes/main [52ms]
2026-08-28 17:17:46.865 [warning] [Git][revParse] Unable to read file: ENOENT: no such file or directory, open '/home/rm99/.config/rofi/.git/refs/remotes/origin/main'
2026-08-28 17:17:46.866 [info] > git for-each-ref --format=%(refname)%00%(upstream:short)%00%(objectname)%00%(upstream:track)%00%(upstream:remotename)%00%(upstream:remoteref) refs/heads/origin/main refs/remotes/origin/main [37ms]
2026-08-28 17:17:46.896 [info] > git rev-parse refs/remotes/origin/main [31ms]
2026-08-28 17:17:46.933 [info] > git rev-parse --show-toplevel [84ms]
2026-08-28 17:17:46.933 [info] fatal: not a git repository (or any of the parent directories): .git
2026-08-28 17:17:46.952 [info] > git status -z -uall [38ms]
2026-08-28 17:17:46.953 [info] > git merge-base refs/heads/main refs/remotes/origin/main [69ms]
2026-08-28 17:17:46.978 [info] > git diff --raw --numstat --diff-filter=ADMR -z --find-renames=50% ad5fc92407b7eb150f679126e37c19dd033b3176...refs/remotes/origin/main -- [7ms]
2026-08-28 17:17:46.982 [info] > git rev-parse --show-toplevel [31ms]
2026-08-28 17:17:46.983 [info] fatal: not a git repository (or any of the parent directories): .git
2026-08-28 17:17:46.983 [info] > git for-each-ref --sort -committerdate --format %(refname)%00%(objectname)%00%(*objectname) [50ms]
2026-08-28 17:17:47.020 [info] > git rev-parse --show-toplevel [7ms]
2026-08-28 17:17:47.020 [info] fatal: not a git repository (or any of the parent directories): .git
2026-08-28 17:17:47.050 [info] > git rev-parse --show-toplevel [10ms]
2026-08-28 17:17:47.050 [info] fatal: not a git repository (or any of the parent directories): .git
2026-08-28 17:17:47.069 [info] > git rev-parse --show-toplevel [4ms]
2026-08-28 17:17:47.069 [info] fatal: not a git repository (or any of the parent directories): .git
2026-08-28 17:17:47.098 [info] > git rev-parse --show-toplevel [11ms]
2026-08-28 17:17:47.098 [info] fatal: not a git repository (or any of the parent directories): .git
2026-08-28 17:17:47.137 [info] > git check-ignore -v -z --stdin [6ms]
2026-08-28 17:17:47.141 [info] > git rev-parse --show-toplevel [29ms]
2026-08-28 17:17:47.141 [info] fatal: not a git repository (or any of the parent directories): .git
2026-08-28 17:17:47.143 [info] [Model][doInitialScan] Initial repository scan completed - repositories (2), closed repositories (0), parent repositories (0), unsafe repositories (0)
2026-08-28 17:17:47.165 [info] > git rev-parse --show-toplevel [4ms]
2026-08-28 17:17:47.165 [info] fatal: not a git repository (or any of the parent directories): .git
2026-08-28 17:17:47.181 [info] > git rev-parse --show-toplevel [3ms]
2026-08-28 17:17:47.181 [info] fatal: not a git repository (or any of the parent directories): .git
2026-08-28 17:17:47.198 [info] > git rev-parse --show-toplevel [3ms]
2026-08-28 17:17:47.198 [info] fatal: not a git repository (or any of the parent directories): .git
2026-08-28 17:17:47.217 [info] > git rev-parse --show-toplevel [5ms]
2026-08-28 17:17:47.217 [info] fatal: not a git repository (or any of the parent directories): .git
2026-08-28 17:17:47.236 [info] > git rev-parse --show-toplevel [3ms]
2026-08-28 17:17:47.236 [info] fatal: not a git repository (or any of the parent directories): .git
2026-08-28 17:17:47.534 [info] > git config --get commit.template [10ms]
2026-08-28 17:17:47.556 [info] > git for-each-ref --format=%(refname)%00%(upstream:short)%00%(objectname)%00%(upstream:track)%00%(upstream:remotename)%00%(upstream:remoteref) refs/heads/main refs/remotes/main [6ms]
2026-08-28 17:17:47.569 [warning] [Git][revParse] Unable to read file: ENOENT: no such file or directory, open '/home/rm99/.config/quickshell/.git/refs/remotes/origin/main'
2026-08-28 17:17:47.573 [info] > git rev-parse refs/remotes/origin/main [4ms]
2026-08-28 17:17:47.606 [info] > git status -z -uall [20ms]
2026-08-28 17:17:47.611 [info] > git for-each-ref --sort -committerdate --format %(refname)%00%(objectname)%00%(*objectname) [7ms]
2026-08-28 17:17:47.872 [info] > git check-ignore -v -z --stdin [4ms]
2026-08-28 17:17:48.281 [info] > git rev-parse --show-toplevel [5ms]
2026-08-28 17:17:48.281 [info] fatal: not a git repository (or any of the parent directories): .git
2026-08-28 17:17:49.555 [info] > git rev-parse --show-toplevel [4ms]
2026-08-28 17:17:49.555 [info] fatal: not a git repository (or any of the parent directories): .git
2026-08-28 17:17:50.317 [info] > git rev-parse --show-toplevel [4ms]
2026-08-28 17:17:50.317 [info] fatal: not a git repository (or any of the parent directories): .git
2026-08-28 17:18:52.123 [info] > git rev-parse --show-toplevel [60ms]
2026-08-28 17:18:52.123 [info] fatal: not a git repository (or any of the parent directories): .git
2026-08-28 17:19:55.414 [info] > git rev-parse --show-toplevel [10ms]
2026-08-28 17:19:55.414 [info] fatal: not a git repository (or any of the parent directories): .git
2026-08-28 17:20:08.591 [info] > git rev-parse --show-toplevel [3ms]
2026-08-28 17:20:08.591 [info] fatal: not a git repository (or any of the parent directories): .git
2026-08-28 17:20:10.015 [info] > git rev-parse --show-toplevel [6ms]
2026-08-28 17:20:10.015 [info] fatal: not a git repository (or any of the parent directories): .git
