2026-08-28 19:43:49.923 [info] Log path: file:///home/rm99/.vscode/extensions/sumneko.lua-3.19.1-linux-x64/server/log/file_home_rm99_.config_hypr.log
2026-08-28 19:49:46.556 [info] Brave is dead!: ...mneko.lua-3.19.1-linux-x64/server/script/brave/brave.lua:60: attempt to call a nil value (for iterator 'for iterator')
stack traceback:
	...mneko.lua-3.19.1-linux-x64/server/script/brave/brave.lua:60: in field 'start'
	...mneko.lua-3.19.1-linux-x64/server/script/brave/brave.lua:33: in field 'register'
	[string "package.path  = "/home/rm99/.vscode/extension..."]:13: in main chunk
	[C]: in ?
stack traceback:
	script/pub/pub.lua:281: in field 'checkDead'
	script/pub/pub.lua:286: in field 'step'
	script/service/service.lua:173: in upvalue 'doSomething'
	script/service/service.lua:186: in local 'sleep'
	script/service/service.lua:204: in field 'eventLoop'
	script/service/service.lua:287: in field 'start'
	.../extensions/sumneko.lua-3.19.1-linux-x64/server/main.lua:85: in main chunk
	(main.lua):85: in main chunk
	(bootstrap.lua):17: in main chunk
	[C]: in ?

2026-08-28 19:49:46.562 [info] Brave is dead!: ...mneko.lua-3.19.1-linux-x64/server/script/brave/brave.lua:60: attempt to call a nil value (for iterator 'for iterator')
stack traceback:
	...mneko.lua-3.19.1-linux-x64/server/script/brave/brave.lua:60: in field 'start'
	...mneko.lua-3.19.1-linux-x64/server/script/brave/brave.lua:33: in field 'register'
	[string "package.path  = "/home/rm99/.vscode/extension..."]:13: in main chunk
	[C]: in ?
stack traceback:
	script/pub/pub.lua:281: in field 'checkDead'
	script/pub/pub.lua:286: in field 'step'
	script/service/service.lua:173: in upvalue 'doSomething'
	script/service/service.lua:186: in local 'sleep'
	script/service/service.lua:204: in field 'eventLoop'
	script/service/service.lua:287: in field 'start'
	.../extensions/sumneko.lua-3.19.1-linux-x64/server/main.lua:85: in main chunk
	(main.lua):85: in main chunk
	(bootstrap.lua):17: in main chunk
	[C]: in ?

2026-08-28 20:08:09.573 [info] [Info  - 8:08:09 PM] Do you want to perform workspace diagnosis?
