2026-08-28 17:10:08.357 [info] Extension host with pid 85301 started
2026-08-28 17:10:10.545 [info] ExtensionService#_doActivateExtension vscode.github-authentication, startup: false, activationEvent: 'onAuthenticationRequest:github'
2026-08-28 17:10:10.756 [info] ExtensionService#_doActivateExtension vscode.emmet, startup: false, activationEvent: 'onLanguage'
2026-08-28 17:10:10.870 [info] ExtensionService#_doActivateExtension vscode.git-base, startup: true, activationEvent: '*', root cause: vscode.git
2026-08-28 17:10:10.892 [info] ExtensionService#_doActivateExtension JohnnyMorganz.stylua, startup: false, activationEvent: 'onLanguage:lua'
2026-08-28 17:10:11.568 [info] ExtensionService#_doActivateExtension vscode.git, startup: true, activationEvent: '*'
2026-08-28 17:10:11.941 [info] ExtensionService#_doActivateExtension vscode.github, startup: true, activationEvent: '*'
2026-08-28 17:10:12.687 [info] Eager extensions activated
2026-08-28 17:10:12.815 [info] ExtensionService#_doActivateExtension vscode.debug-auto-launch, startup: false, activationEvent: 'onStartupFinished'
2026-08-28 17:10:12.834 [info] ExtensionService#_doActivateExtension vscode.merge-conflict, startup: false, activationEvent: 'onStartupFinished'
2026-08-28 17:10:53.396 [info] ExtensionService#_doActivateExtension vscode.css-language-features, startup: false, activationEvent: 'onLanguage:css'
2026-08-28 17:16:25.060 [info] ExtensionService#_doActivateExtension ms-vsliveshare.vsliveshare, startup: false, activationEvent: 'onCommand:liveshare.start'
2026-08-28 17:16:53.653 [info] ExtensionService#_doActivateExtension vscode.configuration-editing, startup: false, activationEvent: 'onLanguage:jsonc'
2026-08-28 17:16:53.684 [info] ExtensionService#_doActivateExtension vscode.json-language-features, startup: false, activationEvent: 'onLanguage:jsonc'
2026-08-28 17:16:54.119 [info] ExtensionService#_doActivateExtension vscode.typescript-language-features, startup: false, activationEvent: 'onLanguage:jsonc'
2026-08-28 17:17:31.816 [info] Extension host terminating: received terminate message from renderer
2026-08-28 17:17:31.875 [info] Extension host with pid 85301 exiting with code 0
2026-08-28 17:17:39.662 [info] Extension host with pid 143680 started
2026-08-28 17:17:39.662 [info] Skipping acquiring lock for /home/rm99/.config/Code - OSS/User/workspaceStorage/4e31085005888a75601f9cea98938bcb.
2026-08-28 17:17:40.915 [info] ExtensionService#_doActivateExtension vscode.github-authentication, startup: false, activationEvent: 'onAuthenticationRequest:github'
2026-08-28 17:17:41.074 [info] ExtensionService#_doActivateExtension vscode.emmet, startup: false, activationEvent: 'onLanguage'
2026-08-28 17:17:41.165 [info] ExtensionService#_doActivateExtension vscode.css-language-features, startup: false, activationEvent: 'onLanguage:css'
2026-08-28 17:17:41.946 [info] ExtensionService#_doActivateExtension vscode.git-base, startup: true, activationEvent: '*', root cause: vscode.git
2026-08-28 17:17:43.094 [info] ExtensionService#_doActivateExtension vscode.git, startup: true, activationEvent: '*'
2026-08-28 17:17:43.425 [info] ExtensionService#_doActivateExtension vscode.github, startup: true, activationEvent: '*'
2026-08-28 17:17:44.007 [info] Eager extensions activated
2026-08-28 17:17:44.267 [info] ExtensionService#_doActivateExtension vscode.debug-auto-launch, startup: false, activationEvent: 'onStartupFinished'
2026-08-28 17:17:44.279 [info] ExtensionService#_doActivateExtension vscode.merge-conflict, startup: false, activationEvent: 'onStartupFinished'
2026-08-28 17:18:51.327 [info] ExtensionService#_doActivateExtension vscode.configuration-editing, startup: false, activationEvent: 'onLanguage:jsonc'
2026-08-28 17:18:51.356 [info] ExtensionService#_doActivateExtension vscode.json-language-features, startup: false, activationEvent: 'onLanguage:jsonc'
2026-08-28 17:18:51.794 [info] ExtensionService#_doActivateExtension vscode.typescript-language-features, startup: false, activationEvent: 'onLanguage:jsonc'
2026-08-28 17:20:11.953 [info] Extension host terminating: received terminate message from renderer
2026-08-28 17:20:12.025 [info] Extension host with pid 143680 exiting with code 0
