2026-08-30 15:14:36.500 [info] Reading sessions from keychain...
2026-08-30 15:14:36.500 [info] Getting sessions for all scopes...
2026-08-30 15:14:36.500 [info] Got stored sessions!
2026-08-30 15:14:36.500 [info] Got 1 verified sessions.
2026-08-30 15:14:36.500 [info] Got 1 sessions for ...
2026-08-30 15:14:36.500 [info] Getting sessions for all scopes...
2026-08-30 15:14:36.500 [info] Got 1 sessions for ...
2026-08-30 15:14:36.500 [info] Getting sessions for all scopes...
2026-08-30 15:14:36.500 [info] Got 1 sessions for ...
2026-08-30 15:14:36.500 [info] Getting sessions for all scopes...
2026-08-30 15:14:36.500 [info] Got 1 sessions for ...
2026-08-30 15:14:36.500 [info] Getting sessions for read:user,user:email...
2026-08-30 15:14:36.500 [info] Got 0 sessions for read:user,user:email...
2026-08-30 15:14:36.500 [info] Getting sessions for all scopes...
2026-08-30 15:14:36.500 [info] Got 1 sessions for ...
2026-08-30 15:14:36.500 [info] Getting sessions for all scopes...
2026-08-30 15:14:36.500 [info] Got 1 sessions for ...
2026-08-30 15:14:36.500 [info] Getting sessions for all scopes...
2026-08-30 15:14:36.500 [info] Got 1 sessions for ...
2026-08-30 15:14:36.500 [info] Getting sessions for all scopes...
2026-08-30 15:14:36.500 [info] Got 1 sessions for ...
2026-08-30 15:14:36.500 [info] Getting sessions for repo...
2026-08-30 15:14:36.500 [info] Got 0 sessions for repo...
2026-08-30 15:14:36.500 [info] Getting sessions for read:user,user:email...
2026-08-30 15:14:36.500 [info] Got 0 sessions for read:user,user:email...
2026-08-30 15:14:36.500 [info] Getting sessions for all scopes...
2026-08-30 15:14:36.500 [info] Got 1 sessions for ...
2026-08-30 15:14:36.500 [info] Getting sessions for all scopes...
2026-08-30 15:14:36.500 [info] Got 1 sessions for ...
2026-08-30 15:14:36.500 [info] Getting sessions for read:user,repo,user:email,workflow...
2026-08-30 15:14:36.500 [info] Got 1 sessions for read:user,repo,user:email,workflow...
2026-08-30 15:14:36.500 [info] Getting sessions for all scopes...
2026-08-30 15:14:36.500 [info] Got 1 sessions for ...
2026-08-30 15:14:36.500 [info] FetcherService: Electron fetch failed with status: 429 
2026-08-30 15:14:36.500 [info] Unable to resolve optional EDU details. Status: 429 
2026-08-30 15:14:36.625 [info] Getting sessions for repo...
2026-08-30 15:14:36.625 [info] Got 0 sessions for repo...
2026-08-30 15:14:36.938 [info] Getting sessions for all scopes...
2026-08-30 15:14:36.938 [info] Got 1 sessions for ...
2026-08-30 15:14:37.815 [info] Getting sessions for read:user,user:email...
2026-08-30 15:14:37.815 [info] Got 0 sessions for read:user,user:email...
2026-08-30 15:14:38.455 [info] Getting sessions for read:user,user:email...
2026-08-30 15:14:38.455 [info] Got 0 sessions for read:user,user:email...
2026-08-30 15:14:38.496 [info] Getting sessions for read:user,user:email...
2026-08-30 15:14:38.496 [info] Got 0 sessions for read:user,user:email...
2026-08-30 15:14:38.596 [info] Getting sessions for all scopes...
2026-08-30 15:14:38.596 [info] Got 1 sessions for ...
2026-08-30 15:14:38.604 [info] Getting sessions for all scopes...
2026-08-30 15:14:38.604 [info] Got 1 sessions for ...
2026-08-30 15:14:38.991 [info] Getting sessions for all scopes...
2026-08-30 15:14:38.991 [info] Got 1 sessions for ...
2026-08-30 15:14:38.995 [info] Getting sessions for all scopes...
2026-08-30 15:14:38.995 [info] Got 1 sessions for ...
2026-08-30 15:14:39.002 [info] Getting sessions for all scopes...
2026-08-30 15:14:39.002 [info] Got 1 sessions for ...
2026-08-30 15:14:39.032 [info] Getting sessions for repo...
2026-08-30 15:14:39.032 [info] Got 0 sessions for repo...
2026-08-30 15:14:39.184 [info] Getting sessions for repo...
2026-08-30 15:14:39.184 [info] Got 0 sessions for repo...
2026-08-30 15:14:39.185 [info] Getting sessions for repo...
2026-08-30 15:14:39.185 [info] Got 0 sessions for repo...
2026-08-30 15:14:39.194 [info] Getting sessions for all scopes...
2026-08-30 15:14:39.194 [info] Got 1 sessions for ...
2026-08-30 15:14:39.198 [info] Getting sessions for all scopes...
2026-08-30 15:14:39.198 [info] Got 1 sessions for ...
2026-08-30 15:14:39.284 [info] Getting sessions for all scopes...
2026-08-30 15:14:39.284 [info] Got 1 sessions for ...
2026-08-30 15:14:39.455 [info] Getting sessions for all scopes...
2026-08-30 15:14:39.455 [info] Got 1 sessions for ...
2026-08-30 15:14:39.456 [info] Getting sessions for all scopes...
2026-08-30 15:14:39.456 [info] Got 1 sessions for ...
2026-08-30 15:14:39.471 [info] Getting sessions for all scopes...
2026-08-30 15:14:39.471 [info] Got 1 sessions for ...
2026-08-30 15:14:39.477 [info] Getting sessions for read:user,user:email...
2026-08-30 15:14:39.477 [info] Got 0 sessions for read:user,user:email...
2026-08-30 15:14:39.477 [info] Getting sessions for read:user,repo,user:email,workflow...
2026-08-30 15:14:39.477 [info] Got 1 sessions for read:user,repo,user:email,workflow...
2026-08-30 15:14:39.520 [info] Getting sessions for all scopes...
2026-08-30 15:14:39.521 [info] Got 1 sessions for ...
2026-08-30 15:14:39.534 [info] Getting sessions for repo...
2026-08-30 15:14:39.534 [info] Got 0 sessions for repo...
2026-08-30 15:14:39.564 [info] Getting sessions for all scopes...
2026-08-30 15:14:39.564 [info] Got 1 sessions for ...
2026-08-30 15:14:39.610 [info] Getting sessions for all scopes...
2026-08-30 15:14:39.610 [info] Got 1 sessions for ...
2026-08-30 15:14:39.635 [info] Getting sessions for all scopes...
2026-08-30 15:14:39.635 [info] Got 1 sessions for ...
2026-08-30 15:14:39.659 [info] Getting sessions for read:user,repo,user:email,workflow...
2026-08-30 15:14:39.659 [info] Got 1 sessions for read:user,repo,user:email,workflow...
2026-08-30 15:14:40.146 [info] Getting sessions for all scopes...
2026-08-30 15:14:40.146 [info] Got 1 sessions for ...
2026-08-30 15:14:40.213 [info] Getting sessions for all scopes...
2026-08-30 15:14:40.213 [info] Got 1 sessions for ...
2026-08-30 15:14:40.224 [info] Getting sessions for read:user,repo,user:email,workflow...
2026-08-30 15:14:40.224 [info] Got 1 sessions for read:user,repo,user:email,workflow...
2026-08-30 15:14:41.035 [info] Getting sessions for all scopes...
2026-08-30 15:14:41.035 [info] Got 1 sessions for ...
2026-08-30 15:14:41.095 [info] Getting sessions for read:user,repo,user:email,workflow...
2026-08-30 15:14:41.095 [info] Got 1 sessions for read:user,repo,user:email,workflow...
2026-08-30 15:14:42.176 [info] Getting sessions for all scopes...
2026-08-30 15:14:42.176 [info] Got 1 sessions for ...
2026-08-30 15:14:42.186 [info] Getting sessions for read:user,repo,user:email,workflow...
2026-08-30 15:14:42.186 [info] Got 1 sessions for read:user,repo,user:email,workflow...
2026-08-30 15:14:42.509 [info] Getting sessions for read:user,user:email...
2026-08-30 15:14:42.509 [info] Got 0 sessions for read:user,user:email...
2026-08-30 15:14:42.510 [info] Getting sessions for read:user,user:email...
2026-08-30 15:14:42.510 [info] Got 0 sessions for read:user,user:email...
2026-08-30 15:14:42.519 [info] Getting sessions for all scopes...
2026-08-30 15:14:42.519 [info] Got 1 sessions for ...
2026-08-30 15:14:42.520 [info] Getting sessions for all scopes...
2026-08-30 15:14:42.520 [info] Got 1 sessions for ...
2026-08-30 15:14:42.530 [info] Getting sessions for repo...
2026-08-30 15:14:42.531 [info] Got 0 sessions for repo...
2026-08-30 15:14:42.531 [info] Getting sessions for repo...
2026-08-30 15:14:42.531 [info] Got 0 sessions for repo...
2026-08-30 15:14:42.533 [info] Getting sessions for all scopes...
2026-08-30 15:14:42.533 [info] Got 1 sessions for ...
2026-08-30 15:14:42.534 [info] Getting sessions for all scopes...
2026-08-30 15:14:42.534 [info] Got 1 sessions for ...
2026-08-30 15:14:42.535 [info] Getting sessions for read:user,user:email...
2026-08-30 15:14:42.535 [info] Got 0 sessions for read:user,user:email...
2026-08-30 15:14:42.537 [info] Getting sessions for read:user,user:email...
2026-08-30 15:14:42.537 [info] Got 0 sessions for read:user,user:email...
2026-08-30 15:14:42.543 [info] Getting sessions for all scopes...
2026-08-30 15:14:42.543 [info] Got 1 sessions for ...
2026-08-30 15:14:42.543 [info] Getting sessions for all scopes...
2026-08-30 15:14:42.544 [info] Got 1 sessions for ...
2026-08-30 15:14:42.545 [info] Getting sessions for repo...
2026-08-30 15:14:42.545 [info] Got 0 sessions for repo...
2026-08-30 15:14:42.546 [info] Getting sessions for repo...
2026-08-30 15:14:42.546 [info] Got 0 sessions for repo...
2026-08-30 15:14:42.547 [info] Getting sessions for all scopes...
2026-08-30 15:14:42.547 [info] Got 1 sessions for ...
2026-08-30 15:14:42.547 [info] Getting sessions for all scopes...
2026-08-30 15:14:42.547 [info] Got 1 sessions for ...
2026-08-30 15:16:04.483 [info] Getting sessions for all scopes...
2026-08-30 15:16:04.484 [info] Got 1 sessions for ...
2026-08-30 15:16:04.487 [info] Getting sessions for all scopes...
2026-08-30 15:16:04.487 [info] Got 1 sessions for ...
2026-08-30 15:16:23.202 [info] Getting sessions for all scopes...
2026-08-30 15:16:23.202 [info] Got 1 sessions for ...
2026-08-30 15:16:23.203 [info] Getting sessions for all scopes...
2026-08-30 15:16:23.204 [info] Got 1 sessions for ...
