2026-08-28 20:32:11.460 [info] Python-envs extension version: 1.36.0
2026-08-28 20:32:11.460 [info] 
=== Python Envs Configuration Levels ===
2026-08-28 20:32:11.460 [info] {
  "section": "Python Envs Configuration Levels",
  "defaultEnvManager": {
    "workspaceFolderValue": "undefined",
    "workspaceValue": "undefined",
    "globalValue": "undefined",
    "defaultValue": "ms-python.python:venv"
  },
  "defaultPackageManager": {
    "workspaceFolderValue": "undefined",
    "workspaceValue": "undefined",
    "globalValue": "undefined",
    "defaultValue": "ms-python.python:pip"
  }
}
2026-08-28 20:32:11.460 [info] [pet] Starting Python Locator /home/rm99/.vscode/extensions/ms-python.vscode-python-envs-1.36.0-linux-x64/python-env-tools/bin/pet server
2026-08-28 20:32:11.460 [info] Registering pyenv manager (environments will be discovered lazily)
2026-08-28 20:32:11.460 [info] Registering pipenv manager (environments will be discovered lazily)
2026-08-28 20:32:11.460 [info] Registering poetry manager (environments will be discovered lazily)
2026-08-28 20:32:11.460 [error] TerminalEnvVarInjector: Error injecting environment variables for workspace /home/rm99/python: [EntryIsADirectory (FileSystemError): Error: EISDIR: illegal operation on a directory, read
	at lr._handleError (file:///usr/share/code/resources/app/out/vs/workbench/api/node/extensionHostProcess.js:544:21539)
	at Object.readFile (file:///usr/share/code/resources/app/out/vs/workbench/api/node/extensionHostProcess.js:544:19809)
	at async t.parseEnvFile (/home/rm99/.vscode/extensions/ms-python.vscode-python-envs-1.36.0-linux-x64/dist/extension.js:2:357593)
	at async t.PythonEnvVariableManager.getEnvironmentVariables (/home/rm99/.vscode/extensions/ms-python.vscode-python-envs-1.36.0-linux-x64/dist/extension.js:2:359441)
	at async t.TerminalEnvVarInjector.injectEnvironmentVariablesForWorkspace (/home/rm99/.vscode/extensions/ms-python.vscode-python-envs-1.36.0-linux-x64/dist/extension.js:2:454613)
	at async t.TerminalEnvVarInjector.updateEnvironmentVariables (/home/rm99/.vscode/extensions/ms-python.vscode-python-envs-1.36.0-linux-x64/dist/extension.js:2:454294)
	at async t.TerminalEnvVarInjector.initialize (/home/rm99/.vscode/extensions/ms-python.vscode-python-envs-1.36.0-linux-x64/dist/extension.js:2:453761)] {
  code: 'FileIsADirectory'
}
2026-08-28 20:32:11.534 [info] [pet] configure: Sending configuration update: {"workspaceDirectories":["/home/rm99/python"],"environmentDirectories":["/home/rm99/python/.venv","/home/rm99/python/*/.venv"],"pipenvExecutable":"pipenv","poetryExecutable":"poetry","cacheDirectory":"/home/rm99/.config/Code/User/globalStorage/ms-python.vscode-python-envs/pythonLocator"}
2026-08-28 20:32:13.791 [info] Refreshing Pyenv Environments
2026-08-28 20:32:13.791 [info] Refreshing pyenv environments
2026-08-28 20:32:13.791 [info] Refreshing Pipenv Environments
2026-08-28 20:32:13.791 [info] Refreshing pipenv environments
2026-08-28 20:32:13.792 [info] Refreshing Poetry Environments
2026-08-28 20:32:13.792 [info] Refreshing poetry environments
2026-08-28 20:32:13.924 [info] Discovered env: /home/rm99/python/.env/bin/python
2026-08-28 20:32:14.201 [info] Discovered env: /usr/bin/python
2026-08-28 20:32:14.560 [info] Conda not found, turning off conda features. [Error: Conda not found
	at L (/home/rm99/.vscode/extensions/ms-python.vscode-python-envs-1.36.0-linux-x64/dist/extension.js:2:629081)
	at async V (/home/rm99/.vscode/extensions/ms-python.vscode-python-envs-1.36.0-linux-x64/dist/extension.js:2:629206)
	at async t.registerCondaFeatures (/home/rm99/.vscode/extensions/ms-python.vscode-python-envs-1.36.0-linux-x64/dist/extension.js:2:648591)
	at async t.safeRegister (/home/rm99/.vscode/extensions/ms-python.vscode-python-envs-1.36.0-linux-x64/dist/extension.js:2:290365)
	at async Promise.all (index 1)
	at async Immediate.<anonymous> (/home/rm99/.vscode/extensions/ms-python.vscode-python-envs-1.36.0-linux-x64/dist/extension.js:2:782813)]
2026-08-28 20:32:14.576 [info] [interpreterSelection] Applying initial environment selection for 1 workspace folder(s)
2026-08-28 20:32:15.410 [info] Discovered env: /home/rm99/python/.env/bin/python
2026-08-28 20:32:15.492 [info] Discovered env: /usr/bin/python
2026-08-28 20:32:15.613 [info] Discovered env: /home/rm99/python/.env/bin/python
2026-08-28 20:32:15.628 [info] Found venv environment: .env (3.14.7)
2026-08-28 20:32:15.723 [info] Python API: Changed environment from undefined to .env (3.14.7) for: /home/rm99/python
2026-08-28 20:32:15.723 [info] Internal: Changed environment from undefined to .env (3.14.7) for: /home/rm99/python
2026-08-28 20:32:15.726 [info] [interpreterSelection] python: .env (3.14.7) (source: autoDiscovery)
2026-08-28 20:32:15.726 [info] [interpreterSelection] Workspace env resolved, deferring global scope to background
2026-08-28 20:32:16.043 [info] Discovered env: /usr/bin/python
2026-08-28 20:32:16.045 [info] Python API: Changed environment from undefined to Python 3.14.7.final.0 for: global
2026-08-28 20:32:16.045 [info] Internal: Changed environment from undefined to Python 3.14.7.final.0 for: global
2026-08-28 20:32:16.045 [info] [interpreterSelection] global: Python 3.14.7.final.0 (source: autoDiscovery)
2026-08-28 20:32:16.814 [info] Discovered env: /home/rm99/python/.env/bin/python
2026-08-28 20:32:17.501 [info] Discovered env: /usr/bin/python
2026-08-28 20:32:17.672 [info] Refreshing pyenv environments
2026-08-28 20:32:20.352 [info] Discovered env: /home/rm99/python/.env/bin/python
2026-08-28 20:32:20.900 [info] Discovered env: /usr/bin/python
2026-08-28 20:32:20.994 [info] Found venv environment: .env (3.14.7)
2026-08-28 20:32:21.042 [info] Discovered env: /home/rm99/python/.env/bin/python
2026-08-28 20:32:21.056 [info] Python API: Changed environment from .env (3.14.7) to .env (3.14.7) for: /home/rm99/python
2026-08-28 20:32:21.056 [info] Internal: Changed environment from .env (3.14.7) to .env (3.14.7) for: /home/rm99/python
2026-08-28 20:32:21.299 [info] Discovered env: /usr/bin/python
2026-08-28 20:32:21.333 [info] Pipenv not found via settings, cache, or PATH
2026-08-28 20:32:21.334 [info] Refreshing pipenv environments
2026-08-28 20:32:21.373 [info] Pipenv not found via settings, cache, or PATH
2026-08-28 20:32:21.373 [info] Found 0 pipenv environments
2026-08-28 20:32:21.400 [info] Discovered env: /home/rm99/python/.env/bin/python
2026-08-28 20:32:21.443 [info] Pipenv not found via settings, cache, or PATH
2026-08-28 20:32:21.444 [info] Found 0 pipenv environments
2026-08-28 20:32:21.483 [info] Pipenv not found via settings, cache, or PATH
2026-08-28 20:32:21.601 [info] Refreshing poetry environments
2026-08-28 20:32:21.615 [info] Poetry executable not found
2026-08-28 20:32:21.647 [info] Environment discovery complete: 2 environments found (Global: 1, venv: 1)
2026-08-28 20:32:21.698 [info] Discovered env: /usr/bin/python
2026-08-28 20:32:21.755 [info] Poetry executable not found
