2026-08-28 17:20:31.305 [info] [main] Log level: Info
2026-08-28 17:20:31.306 [info] [main] Validating found git in: "git"
2026-08-28 17:20:31.306 [info] [main] Using git "2.55.0" from "git"
2026-08-28 17:20:31.306 [info] [Model][doInitialScan] Initial repository scan started
2026-08-28 17:20:31.306 [info] > git rev-parse --show-toplevel [11ms]
2026-08-28 17:20:31.306 [info] fatal: not a git repository (or any of the parent directories): .git
2026-08-28 17:20:31.306 [info] > git rev-parse --show-toplevel [8ms]
2026-08-28 17:20:31.306 [info] fatal: not a git repository (or any of the parent directories): .git
2026-08-28 17:20:31.306 [info] > git rev-parse --show-toplevel [207ms]
2026-08-28 17:20:31.306 [info] fatal: not a git repository (or any of the parent directories): .git
2026-08-28 17:20:31.306 [info] > git rev-parse --show-toplevel [34ms]
2026-08-28 17:20:31.306 [info] fatal: not a git repository (or any of the parent directories): .git
2026-08-28 17:20:31.317 [info] > git rev-parse --show-toplevel [17ms]
2026-08-28 17:20:31.317 [info] fatal: not a git repository (or any of the parent directories): .git
2026-08-28 17:20:31.347 [info] > git rev-parse --show-toplevel [11ms]
2026-08-28 17:20:31.348 [info] fatal: not a git repository (or any of the parent directories): .git
2026-08-28 17:20:31.380 [info] > git rev-parse --show-toplevel [11ms]
2026-08-28 17:20:31.380 [info] fatal: not a git repository (or any of the parent directories): .git
2026-08-28 17:20:31.415 [info] > git rev-parse --show-toplevel [11ms]
2026-08-28 17:20:31.415 [info] fatal: not a git repository (or any of the parent directories): .git
2026-08-28 17:20:31.450 [info] > git rev-parse --show-toplevel [14ms]
2026-08-28 17:20:31.450 [info] fatal: not a git repository (or any of the parent directories): .git
2026-08-28 17:20:31.482 [info] > git rev-parse --show-toplevel [11ms]
2026-08-28 17:20:31.482 [info] fatal: not a git repository (or any of the parent directories): .git
2026-08-28 17:20:31.516 [info] > git rev-parse --show-toplevel [13ms]
2026-08-28 17:20:31.516 [info] fatal: not a git repository (or any of the parent directories): .git
2026-08-28 17:20:31.542 [info] > git rev-parse --show-toplevel [6ms]
2026-08-28 17:20:31.543 [info] fatal: not a git repository (or any of the parent directories): .git
2026-08-28 17:20:31.564 [info] > git rev-parse --show-toplevel [7ms]
2026-08-28 17:20:31.565 [info] fatal: not a git repository (or any of the parent directories): .git
2026-08-28 17:20:31.596 [info] > git rev-parse --show-toplevel [10ms]
2026-08-28 17:20:31.596 [info] fatal: not a git repository (or any of the parent directories): .git
2026-08-28 17:20:31.630 [info] > git rev-parse --show-toplevel [9ms]
2026-08-28 17:20:31.630 [info] fatal: not a git repository (or any of the parent directories): .git
2026-08-28 17:20:31.671 [info] > git rev-parse --show-toplevel [17ms]
2026-08-28 17:20:31.672 [info] fatal: not a git repository (or any of the parent directories): .git
2026-08-28 17:20:31.937 [info] > git rev-parse --show-toplevel [82ms]
2026-08-28 17:20:31.937 [info] fatal: not a git repository (or any of the parent directories): .git
2026-08-28 17:20:31.972 [info] > git rev-parse --show-toplevel [8ms]
2026-08-28 17:20:31.972 [info] fatal: not a git repository (or any of the parent directories): .git
2026-08-28 17:20:32.006 [info] > git rev-parse --show-toplevel [12ms]
2026-08-28 17:20:32.007 [info] fatal: not a git repository (or any of the parent directories): .git
2026-08-28 17:20:32.041 [info] > git rev-parse --show-toplevel [7ms]
2026-08-28 17:20:32.041 [info] fatal: not a git repository (or any of the parent directories): .git
2026-08-28 17:20:32.075 [info] > git rev-parse --show-toplevel [9ms]
2026-08-28 17:20:32.075 [info] fatal: not a git repository (or any of the parent directories): .git
2026-08-28 17:20:32.106 [info] > git rev-parse --show-toplevel [4ms]
2026-08-28 17:20:32.106 [info] fatal: not a git repository (or any of the parent directories): .git
2026-08-28 17:20:32.140 [info] > git rev-parse --show-toplevel [6ms]
2026-08-28 17:20:32.140 [info] fatal: not a git repository (or any of the parent directories): .git
2026-08-28 17:20:32.171 [info] > git rev-parse --show-toplevel [7ms]
2026-08-28 17:20:32.172 [info] fatal: not a git repository (or any of the parent directories): .git
2026-08-28 17:20:32.204 [info] > git rev-parse --show-toplevel [9ms]
2026-08-28 17:20:32.204 [info] fatal: not a git repository (or any of the parent directories): .git
2026-08-28 17:20:32.253 [info] > git rev-parse --show-toplevel [18ms]
2026-08-28 17:20:32.253 [info] fatal: not a git repository (or any of the parent directories): .git
2026-08-28 17:20:32.292 [info] > git rev-parse --show-toplevel [6ms]
2026-08-28 17:20:32.292 [info] fatal: not a git repository (or any of the parent directories): .git
2026-08-28 17:20:32.318 [info] > git rev-parse --show-toplevel [5ms]
2026-08-28 17:20:32.318 [info] fatal: not a git repository (or any of the parent directories): .git
2026-08-28 17:20:32.344 [info] > git rev-parse --show-toplevel [6ms]
2026-08-28 17:20:32.344 [info] fatal: not a git repository (or any of the parent directories): .git
2026-08-28 17:20:32.367 [info] > git rev-parse --show-toplevel [3ms]
2026-08-28 17:20:32.368 [info] fatal: not a git repository (or any of the parent directories): .git
2026-08-28 17:20:32.396 [info] > git rev-parse --show-toplevel [5ms]
2026-08-28 17:20:32.397 [info] fatal: not a git repository (or any of the parent directories): .git
2026-08-28 17:20:32.421 [info] > git rev-parse --show-toplevel [6ms]
2026-08-28 17:20:32.421 [info] fatal: not a git repository (or any of the parent directories): .git
2026-08-28 17:20:32.443 [info] > git rev-parse --show-toplevel [5ms]
2026-08-28 17:20:32.443 [info] fatal: not a git repository (or any of the parent directories): .git
2026-08-28 17:20:32.468 [info] > git rev-parse --show-toplevel [5ms]
2026-08-28 17:20:32.468 [info] fatal: not a git repository (or any of the parent directories): .git
2026-08-28 17:20:32.488 [info] > git rev-parse --show-toplevel [5ms]
2026-08-28 17:20:32.488 [info] fatal: not a git repository (or any of the parent directories): .git
2026-08-28 17:20:32.517 [info] > git rev-parse --show-toplevel [5ms]
2026-08-28 17:20:32.517 [info] fatal: not a git repository (or any of the parent directories): .git
2026-08-28 17:20:32.541 [info] > git rev-parse --show-toplevel [6ms]
2026-08-28 17:20:32.541 [info] fatal: not a git repository (or any of the parent directories): .git
2026-08-28 17:20:32.562 [info] > git rev-parse --show-toplevel [4ms]
2026-08-28 17:20:32.562 [info] fatal: not a git repository (or any of the parent directories): .git
2026-08-28 17:20:32.582 [info] > git rev-parse --show-toplevel [6ms]
2026-08-28 17:20:32.582 [info] fatal: not a git repository (or any of the parent directories): .git
2026-08-28 17:20:32.607 [info] > git rev-parse --show-toplevel [6ms]
2026-08-28 17:20:32.607 [info] fatal: not a git repository (or any of the parent directories): .git
2026-08-28 17:20:32.632 [info] > git rev-parse --show-toplevel [5ms]
2026-08-28 17:20:32.632 [info] fatal: not a git repository (or any of the parent directories): .git
2026-08-28 17:20:32.659 [info] > git rev-parse --show-toplevel [8ms]
2026-08-28 17:20:32.695 [info] > git rev-parse --git-dir --git-common-dir --show-superproject-working-tree [12ms]
2026-08-28 17:20:32.843 [info] [Model][openRepository] Opened repository (path): /home/rm99/.config/quickshell
2026-08-28 17:20:32.843 [info] [Model][openRepository] Opened repository (real path): /home/rm99/.config/quickshell
2026-08-28 17:20:32.843 [info] [Model][openRepository] Opened repository (kind): repository
2026-08-28 17:20:32.977 [info] > git config --get commit.template [59ms]
2026-08-28 17:20:32.978 [info] > git config --get --local core.virtualfilesystem [91ms]
2026-08-28 17:20:32.979 [warning] [Git][config] git config failed: Failed to execute git
2026-08-28 17:20:32.987 [info] > git rev-parse --show-toplevel [43ms]
2026-08-28 17:20:32.987 [info] fatal: not a git repository (or any of the parent directories): .git
2026-08-28 17:20:33.034 [info] > git for-each-ref --format=%(refname)%00%(upstream:short)%00%(objectname)%00%(upstream:track)%00%(upstream:remotename)%00%(upstream:remoteref) refs/heads/main refs/remotes/main [30ms]
2026-08-28 17:20:33.055 [warning] [Git][revParse] Unable to read file: ENOENT: no such file or directory, open '/home/rm99/.config/quickshell/.git/refs/remotes/origin/main'
2026-08-28 17:20:33.064 [info] > git rev-parse --show-toplevel [35ms]
2026-08-28 17:20:33.064 [info] fatal: not a git repository (or any of the parent directories): .git
2026-08-28 17:20:33.095 [info] > git rev-parse refs/remotes/origin/main [42ms]
2026-08-28 17:20:33.230 [info] > git status -z -uall [92ms]
2026-08-28 17:20:33.236 [info] > git rev-parse --show-toplevel [145ms]
2026-08-28 17:20:33.263 [info] > git for-each-ref --sort -committerdate --format %(refname)%00%(objectname)%00%(*objectname) [89ms]
2026-08-28 17:20:33.509 [info] > git config --get commit.template [16ms]
2026-08-28 17:20:33.509 [info] > git for-each-ref --format=%(refname)%00%(upstream:short)%00%(objectname)%00%(upstream:track)%00%(upstream:remotename)%00%(upstream:remoteref) refs/heads/main refs/remotes/main [96ms]
2026-08-28 17:20:33.532 [info] > git rev-parse --git-dir --git-common-dir --show-superproject-working-tree [272ms]
2026-08-28 17:20:33.566 [info] > git config --get --local branch.main.vscode-merge-base [35ms]
2026-08-28 17:20:33.608 [info] > git for-each-ref --format=%(refname)%00%(upstream:short)%00%(objectname)%00%(upstream:track)%00%(upstream:remotename)%00%(upstream:remoteref) refs/heads/main refs/remotes/main [47ms]
2026-08-28 17:20:33.634 [warning] [Git][revParse] Unable to read file: ENOENT: no such file or directory, open '/home/rm99/.config/quickshell/.git/refs/remotes/origin/main'
2026-08-28 17:20:33.636 [info] > git for-each-ref --format=%(refname)%00%(upstream:short)%00%(objectname)%00%(upstream:track)%00%(upstream:remotename)%00%(upstream:remoteref) refs/heads/origin/main refs/remotes/origin/main [40ms]
2026-08-28 17:20:33.733 [info] [Model][openRepository] Opened repository (path): /home/rm99/.config/rofi
2026-08-28 17:20:33.733 [info] [Model][openRepository] Opened repository (real path): /home/rm99/.config/rofi
2026-08-28 17:20:33.733 [info] [Model][openRepository] Opened repository (kind): repository
2026-08-28 17:20:33.859 [info] > git config --get commit.template [58ms]
2026-08-28 17:20:33.860 [info] > git config --get --local core.virtualfilesystem [93ms]
2026-08-28 17:20:33.860 [warning] [Git][config] git config failed: Failed to execute git
2026-08-28 17:20:33.862 [info] > git merge-base refs/heads/main refs/remotes/origin/main [187ms]
2026-08-28 17:20:33.886 [info] > git rev-parse refs/remotes/origin/main [253ms]
2026-08-28 17:20:33.965 [info] > git status -z -uall [50ms]
2026-08-28 17:20:33.965 [info] > git diff --raw --numstat --diff-filter=ADMR -z --find-renames=50% d380bee81a87e7581360f6b386b6dd72469092b1...refs/remotes/origin/main -- [80ms]
2026-08-28 17:20:33.969 [info] > git rev-parse --show-toplevel [135ms]
2026-08-28 17:20:33.969 [info] fatal: not a git repository (or any of the parent directories): .git
2026-08-28 17:20:34.026 [info] > git for-each-ref --sort -committerdate --format %(refname)%00%(objectname)%00%(*objectname) [86ms]
2026-08-28 17:20:34.078 [info] > git rev-parse --show-toplevel [59ms]
2026-08-28 17:20:34.080 [info] fatal: not a git repository (or any of the parent directories): .git
2026-08-28 17:20:34.081 [info] > git for-each-ref --format=%(refname)%00%(upstream:short)%00%(objectname)%00%(upstream:track)%00%(upstream:remotename)%00%(upstream:remoteref) refs/heads/main refs/remotes/main [87ms]
2026-08-28 17:20:34.124 [warning] [Git][revParse] Unable to read file: ENOENT: no such file or directory, open '/home/rm99/.config/rofi/.git/refs/remotes/origin/main'
2026-08-28 17:20:34.131 [info] > git rev-parse --show-toplevel [30ms]
2026-08-28 17:20:34.131 [info] fatal: not a git repository (or any of the parent directories): .git
2026-08-28 17:20:34.174 [info] > git rev-parse refs/remotes/origin/main [50ms]
2026-08-28 17:20:34.232 [info] > git status -z -uall [38ms]
2026-08-28 17:20:34.233 [info] > git rev-parse --show-toplevel [79ms]
2026-08-28 17:20:34.233 [info] fatal: not a git repository (or any of the parent directories): .git
2026-08-28 17:20:34.269 [info] > git for-each-ref --sort -committerdate --format %(refname)%00%(objectname)%00%(*objectname) [44ms]
2026-08-28 17:20:34.353 [info] > git rev-parse --show-toplevel [92ms]
2026-08-28 17:20:34.353 [info] fatal: not a git repository (or any of the parent directories): .git
2026-08-28 17:20:34.384 [info] > git config --get commit.template [33ms]
2026-08-28 17:20:34.386 [info] > git for-each-ref --format=%(refname)%00%(upstream:short)%00%(objectname)%00%(upstream:track)%00%(upstream:remotename)%00%(upstream:remoteref) refs/heads/main refs/remotes/main [74ms]
2026-08-28 17:20:34.469 [info] > git config --get --local branch.main.vscode-merge-base [60ms]
2026-08-28 17:20:34.494 [info] > git rev-parse --show-toplevel [111ms]
2026-08-28 17:20:34.494 [info] fatal: not a git repository (or any of the parent directories): .git
2026-08-28 17:20:34.542 [info] > git for-each-ref --format=%(refname)%00%(upstream:short)%00%(objectname)%00%(upstream:track)%00%(upstream:remotename)%00%(upstream:remoteref) refs/heads/main refs/remotes/main [80ms]
2026-08-28 17:20:34.544 [info] > git rev-parse --show-toplevel [10ms]
2026-08-28 17:20:34.545 [info] fatal: not a git repository (or any of the parent directories): .git
2026-08-28 17:20:34.545 [info] > git for-each-ref --format=%(refname)%00%(upstream:short)%00%(objectname)%00%(upstream:track)%00%(upstream:remotename)%00%(upstream:remoteref) refs/heads/origin/main refs/remotes/origin/main [52ms]
2026-08-28 17:20:34.617 [warning] [Git][revParse] Unable to read file: ENOENT: no such file or directory, open '/home/rm99/.config/rofi/.git/refs/remotes/origin/main'
2026-08-28 17:20:34.645 [info] > git rev-parse refs/remotes/origin/main [28ms]
2026-08-28 17:20:34.688 [info] > git merge-base refs/heads/main refs/remotes/origin/main [104ms]
2026-08-28 17:20:34.712 [info] > git status -z -uall [46ms]
2026-08-28 17:20:34.713 [info] > git rev-parse --show-toplevel [71ms]
2026-08-28 17:20:34.713 [info] fatal: not a git repository (or any of the parent directories): .git
2026-08-28 17:20:34.734 [info] > git for-each-ref --sort -committerdate --format %(refname)%00%(objectname)%00%(*objectname) [49ms]
2026-08-28 17:20:34.778 [info] > git diff --raw --numstat --diff-filter=ADMR -z --find-renames=50% ad5fc92407b7eb150f679126e37c19dd033b3176...refs/remotes/origin/main -- [69ms]
2026-08-28 17:20:34.780 [info] > git merge-base refs/heads/main refs/remotes/origin/main [12ms]
2026-08-28 17:20:34.795 [info] > git rev-parse --show-toplevel [62ms]
2026-08-28 17:20:34.795 [info] fatal: not a git repository (or any of the parent directories): .git
2026-08-28 17:20:34.829 [info] > git diff --raw --numstat --diff-filter=ADMR -z --find-renames=50% ad5fc92407b7eb150f679126e37c19dd033b3176...refs/remotes/origin/main -- [34ms]
2026-08-28 17:20:34.832 [info] > git rev-parse --show-toplevel [7ms]
2026-08-28 17:20:34.832 [info] fatal: not a git repository (or any of the parent directories): .git
2026-08-28 17:20:34.866 [info] > git rev-parse --show-toplevel [14ms]
2026-08-28 17:20:34.866 [info] fatal: not a git repository (or any of the parent directories): .git
2026-08-28 17:20:34.910 [info] > git rev-parse --show-toplevel [23ms]
2026-08-28 17:20:34.910 [info] fatal: not a git repository (or any of the parent directories): .git
2026-08-28 17:20:34.936 [info] > git rev-parse --show-toplevel [6ms]
2026-08-28 17:20:34.936 [info] fatal: not a git repository (or any of the parent directories): .git
2026-08-28 17:20:34.938 [info] [Model][doInitialScan] Initial repository scan completed - repositories (2), closed repositories (0), parent repositories (0), unsafe repositories (0)
2026-08-28 17:20:35.856 [info] > git rev-parse --show-toplevel [5ms]
2026-08-28 17:20:35.856 [info] fatal: not a git repository (or any of the parent directories): .git
2026-08-28 17:20:36.320 [info] > git rev-parse --show-toplevel [41ms]
2026-08-28 17:20:36.320 [info] fatal: not a git repository (or any of the parent directories): .git
2026-08-28 17:20:36.346 [info] > git rev-parse --show-toplevel [4ms]
2026-08-28 17:20:36.347 [info] fatal: not a git repository (or any of the parent directories): .git
2026-08-28 17:20:37.291 [info] > git rev-parse --show-toplevel [7ms]
2026-08-28 17:20:37.291 [info] fatal: not a git repository (or any of the parent directories): .git
2026-08-28 17:20:38.194 [info] > git rev-parse --show-toplevel [7ms]
2026-08-28 17:20:38.194 [info] fatal: not a git repository (or any of the parent directories): .git
2026-08-28 17:20:39.152 [info] > git rev-parse --show-toplevel [7ms]
2026-08-28 17:20:39.153 [info] fatal: not a git repository (or any of the parent directories): .git
2026-08-28 17:20:41.662 [info] > git rev-parse --show-toplevel [82ms]
2026-08-28 17:20:41.662 [info] fatal: not a git repository (or any of the parent directories): .git
2026-08-28 17:20:41.799 [info] > git rev-parse --show-toplevel [29ms]
2026-08-28 17:20:41.799 [info] fatal: not a git repository (or any of the parent directories): .git
2026-08-28 17:20:42.288 [info] > git rev-parse --show-toplevel [5ms]
2026-08-28 17:20:42.288 [info] fatal: not a git repository (or any of the parent directories): .git
2026-08-28 17:21:17.533 [info] > git rev-parse --show-toplevel [507ms]
2026-08-28 17:21:17.533 [info] fatal: not a git repository (or any of the parent directories): .git
2026-08-28 17:21:18.045 [info] > git rev-parse --show-toplevel [460ms]
2026-08-28 17:21:18.045 [info] fatal: not a git repository (or any of the parent directories): .git
