2026-08-30 16:34:40.155 [info] Environment discovery is managed by the Python Environments extension (ms-python.vscode-python-envs). Check the "Python Environments" output channel for environment-specific logs.
2026-08-30 16:34:40.705 [info] [test-by-project] Activating project-based testing mode
2026-08-30 16:34:40.705 [info] [test-by-project] Discovering projects for workspace: /home/rm99/python
2026-08-30 16:34:40.707 [info] Native locator: Refresh started
2026-08-30 16:34:40.707 [info] [test-by-project] Found 1 total Python projects from API
2026-08-30 16:34:40.707 [info] [test-by-project] Filtered to 1 projects in workspace
2026-08-30 16:34:40.707 [info] [test-by-project] Creating adapter for: python at file:///home/rm99/python
2026-08-30 16:34:54.708 [error] Custom .env is likely not pointing to a valid file [EntryIsADirectory (FileSystemError): Error: EISDIR: illegal operation on a directory, read
	at lr._handleError (file:///usr/share/code/resources/app/out/vs/workbench/api/node/extensionHostProcess.js:544:21539)
	at Object.readFile (file:///usr/share/code/resources/app/out/vs/workbench/api/node/extensionHostProcess.js:544:19809)
	at async S.readText (/home/rm99/.vscode/extensions/ms-python.python-2026.4.0-linux-x64/out/client/extension.js:2:232078)
	at async g.parseFile (/home/rm99/.vscode/extensions/ms-python.python-2026.4.0-linux-x64/out/client/extension.js:2:387518)
	at async _._getEnvironmentVariables (/home/rm99/.vscode/extensions/ms-python.python-2026.4.0-linux-x64/out/client/extension.js:2:392847)
	at async _.getEnvironmentVariables (/home/rm99/.vscode/extensions/ms-python.python-2026.4.0-linux-x64/out/client/extension.js:2:392014)
	at async u.create (/home/rm99/.vscode/extensions/ms-python.python-2026.4.0-linux-x64/out/client/extension.js:2:261489)
	at async t.shellExecute (/home/rm99/.vscode/extensions/ms-python.python-2026.4.0-linux-x64/out/client/extension.js:2:740235)
	at async t.getActivePyenvForDirectory (/home/rm99/.vscode/extensions/ms-python.python-2026.4.0-linux-x64/out/client/extension.js:2:734153)
	at async f.initialize (/home/rm99/.vscode/extensions/ms-python.python-2026.4.0-linux-x64/out/client/extension.js:2:503505)
	at async _.autoselectInterpreterWithLocators (/home/rm99/.vscode/extensions/ms-python.python-2026.4.0-linux-x64/out/client/extension.js:2:497570)
	at async _.autoSelectInterpreter (/home/rm99/.vscode/extensions/ms-python.python-2026.4.0-linux-x64/out/client/extension.js:2:494715)
	at async v.activateWorkspace (/home/rm99/.vscode/extensions/ms-python.python-2026.4.0-linux-x64/out/client/extension.js:2:2185)] {
  code: 'FileIsADirectory'
}
2026-08-30 16:34:54.760 [info] > pyenv which python
2026-08-30 16:34:54.760 [info] cwd: .
2026-08-30 16:34:56.835 [info] [test-by-project] Registered 1 project(s) for /home/rm99/python
2026-08-30 16:34:56.839 [info] [test-by-project] Activated 1 project(s) for /home/rm99/python
2026-08-30 16:34:56.839 [info] [test-by-project] Subscribed to Python project changes
2026-08-30 16:35:01.605 [info] Active interpreter [/home/rm99/python]:  /home/rm99/python/.env/bin/python
2026-08-30 16:35:06.612 [warning] Environment discovery is taking longer than expected. Check the "Python Environments" output channel for progress. The Python Environments extension (ms-python.vscode-python-envs) manages environment discovery.
2026-08-30 16:35:10.571 [info] Starting Pylance language server.
2026-08-30 16:35:11.895 [info] Native locator: Refresh finished in 31193 ms
2026-08-30 16:46:36.614 [info] Send text to terminal: r
2026-08-30 16:46:36.622 [info] Send text to terminal: t
2026-08-30 16:46:36.956 [info] Send text to terminal: r
2026-08-30 16:46:37.178 [info] Send text to terminal: r
2026-08-30 16:46:37.570 [info] Send text to terminal: r
2026-08-30 16:46:37.571 [info] Send text to terminal: t
2026-08-30 16:46:37.763 [info] Send text to terminal: t
2026-08-30 16:46:37.857 [info] Send text to terminal: r
2026-08-30 16:46:37.858 [info] Send text to terminal: e
2026-08-30 16:46:38.020 [info] Send text to terminal: t
2026-08-30 16:46:38.109 [info] Send text to terminal: e
2026-08-30 16:46:38.110 [info] Send text to terminal: r
2026-08-30 16:46:38.711 [info] Send text to terminal: 
2026-08-30 16:46:39.185 [info] Send text to terminal: 
2026-08-30 16:46:39.235 [info] Send text to terminal: 
2026-08-30 16:46:39.243 [info] Send text to terminal: 
2026-08-30 16:46:39.313 [info] Send text to terminal: 
2026-08-30 16:46:39.314 [info] Send text to terminal: 
2026-08-30 16:46:39.342 [info] Send text to terminal: 
2026-08-30 16:46:39.375 [info] Send text to terminal: 
2026-08-30 16:46:39.436 [info] Send text to terminal: 
2026-08-30 16:46:39.465 [info] Send text to terminal: 
2026-08-30 16:46:39.479 [info] Send text to terminal: 
2026-08-30 16:46:39.570 [info] Send text to terminal: 
2026-08-30 16:46:39.571 [info] Send text to terminal: 
2026-08-30 16:46:39.575 [info] Send text to terminal: 
2026-08-30 16:46:39.681 [info] Send text to terminal: 
2026-08-30 16:46:39.684 [info] Send text to terminal: 
2026-08-30 16:46:39.685 [info] Send text to terminal: 
2026-08-30 16:46:39.710 [info] Send text to terminal: 
2026-08-30 16:46:39.741 [info] Send text to terminal: 
2026-08-30 16:46:39.775 [info] Send text to terminal: 
2026-08-30 16:46:39.873 [info] Send text to terminal: 
2026-08-30 16:46:39.874 [info] Send text to terminal: 
2026-08-30 16:46:39.875 [info] Send text to terminal: 
2026-08-30 16:46:39.921 [info] Send text to terminal: 
2026-08-30 16:46:39.950 [info] Send text to terminal: 
2026-08-30 16:46:40.003 [info] Send text to terminal: 
2026-08-30 16:46:40.004 [info] Send text to terminal: 
2026-08-30 16:46:40.059 [info] Send text to terminal: 
2026-08-30 16:46:40.081 [info] Send text to terminal: 
2026-08-30 16:46:40.112 [info] Send text to terminal: 
2026-08-30 16:46:40.145 [info] Send text to terminal: 
2026-08-30 16:46:40.287 [info] Send text to terminal: 
2026-08-30 16:46:40.745 [info] Send text to terminal: 
2026-08-30 16:46:42.485 [info] Send text to terminal: [A
2026-08-30 16:46:42.997 [info] Send text to terminal: [A
2026-08-30 16:46:45.967 [info] Send text to terminal: 2
2026-08-30 16:47:04.400 [info] Send text to terminal: t
2026-08-30 16:47:04.707 [info] Send text to terminal: r
2026-08-30 16:47:04.872 [info] Send text to terminal: e
2026-08-30 16:47:05.219 [info] Send text to terminal: s
2026-08-30 16:47:05.406 [info] Send text to terminal:  
