2026-08-28 20:07:14.477 [info] read schema from vscode: vscode://schemas/settings/folder
2026-08-28 20:07:15.428 [info] read schema from vscode: vscode://schemas/settings/resourceLanguage
2026-08-28 20:07:15.430 [info] read schema from vscode: vscode://schemas/workbench-colors
2026-08-28 20:07:15.432 [info] read schema from vscode: vscode://schemas/textmate-colors
2026-08-28 20:07:15.434 [info] read schema from vscode: vscode://schemas/token-styling
2026-08-28 20:07:15.453 [info] read schema from vscode: vscode://schemas/launch
2026-08-28 20:07:15.876 [info] schema change detected vscode://schemas/settings/folder
2026-08-28 20:07:16.827 [info] read schema from vscode: vscode://schemas/settings/folder
2026-08-28 20:08:03.723 [info] schema change detected vscode://schemas/settings/folder
2026-08-28 20:08:03.729 [info] read schema from vscode: vscode://schemas/settings/folder
2026-08-28 20:08:08.003 [info] schema change detected vscode://schemas/settings/folder
2026-08-28 20:08:08.008 [info] read schema from vscode: vscode://schemas/settings/folder
2026-08-28 20:10:35.822 [info] schema change detected vscode://schemas/settings/resourceLanguage
2026-08-28 20:10:35.829 [info] read schema from vscode: vscode://schemas/settings/folder
2026-08-28 20:10:36.487 [info] schema change detected vscode://schemas/settings/folder
2026-08-28 20:10:37.024 [info] schema change detected vscode://schemas/settings/folder
2026-08-28 20:10:37.039 [info] read schema from vscode: vscode://schemas/settings/resourceLanguage
2026-08-28 20:10:38.115 [info] read schema from vscode: vscode://schemas/settings/folder
2026-08-28 20:10:39.265 [info] schema change detected vscode://schemas/settings/resourceLanguage
2026-08-28 20:10:39.583 [info] read schema from vscode: vscode://schemas/settings/folder
2026-08-28 20:10:39.828 [info] schema change detected vscode://schemas/settings/folder
2026-08-28 20:10:40.544 [info] schema change detected vscode://schemas/settings/folder
2026-08-28 20:10:40.693 [info] read schema from vscode: vscode://schemas/settings/resourceLanguage
2026-08-28 20:10:41.547 [info] read schema from vscode: vscode://schemas/settings/folder
2026-08-28 20:15:52.593 [info] schema change detected vscode://schemas/settings/folder
2026-08-28 20:15:52.602 [info] read schema from vscode: vscode://schemas/settings/folder
2026-08-28 20:17:35.594 [info] schema change detected vscode://schemas/settings/folder
2026-08-28 20:17:35.953 [info] read schema from vscode: vscode://schemas/settings/folder
2026-08-28 20:17:57.401 [info] schema change detected vscode://schemas/settings/folder
2026-08-28 20:17:57.407 [info] read schema from vscode: vscode://schemas/settings/folder
2026-08-28 20:18:03.784 [info] schema change detected vscode://schemas/settings/folder
2026-08-28 20:18:03.790 [info] read schema from vscode: vscode://schemas/settings/folder
