2026-08-28 17:20:25.686 [info] Extension host with pid 164583 started
2026-08-28 17:20:25.686 [info] Skipping acquiring lock for /home/rm99/.config/Code - OSS/User/workspaceStorage/4e31085005888a75601f9cea98938bcb.
2026-08-28 17:20:27.598 [info] ExtensionService#_doActivateExtension vscode.github-authentication, startup: false, activationEvent: 'onAuthenticationRequest:github'
2026-08-28 17:20:27.809 [info] ExtensionService#_doActivateExtension vscode.emmet, startup: false, activationEvent: 'onLanguage'
2026-08-28 17:20:27.936 [info] ExtensionService#_doActivateExtension vscode.css-language-features, startup: false, activationEvent: 'onLanguage:css'
2026-08-28 17:20:28.578 [info] ExtensionService#_doActivateExtension vscode.git-base, startup: true, activationEvent: '*', root cause: vscode.git
2026-08-28 17:20:29.766 [info] ExtensionService#_doActivateExtension vscode.git, startup: true, activationEvent: '*'
2026-08-28 17:20:30.219 [info] ExtensionService#_doActivateExtension vscode.github, startup: true, activationEvent: '*'
2026-08-28 17:20:31.168 [info] Eager extensions activated
2026-08-28 17:20:31.673 [info] ExtensionService#_doActivateExtension vscode.debug-auto-launch, startup: false, activationEvent: 'onStartupFinished'
2026-08-28 17:20:31.691 [info] ExtensionService#_doActivateExtension vscode.merge-conflict, startup: false, activationEvent: 'onStartupFinished'
2026-08-28 17:20:37.012 [info] ExtensionService#_doActivateExtension JohnnyMorganz.stylua, startup: false, activationEvent: 'onLanguage:lua'
2026-08-28 17:20:39.294 [info] ExtensionService#_doActivateExtension ms-vsliveshare.vsliveshare, startup: false, activationEvent: 'onView:liveshare.session'
2026-08-28 17:21:13.138 [info] ExtensionService#_doActivateExtension theqtcompany.qt-core, startup: false, activationEvent: 'workspaceContains:**/*.qml,**/*.qmlproject,**/*.qtd,**/*.qzt', root cause: theqtcompany.qt-qml
2026-08-28 17:21:15.123 [info] ExtensionService#_doActivateExtension theqtcompany.qt-qml, startup: false, activationEvent: 'workspaceContains:**/*.qml,**/*.qmlproject,**/*.qtd,**/*.qzt'
2026-08-28 17:21:16.007 [info] ExtensionService#_doActivateExtension vscode.configuration-editing, startup: false, activationEvent: 'onLanguage:jsonc'
2026-08-28 17:21:16.056 [info] ExtensionService#_doActivateExtension vscode.json-language-features, startup: false, activationEvent: 'onLanguage:jsonc'
2026-08-28 17:21:16.521 [info] ExtensionService#_doActivateExtension vscode.typescript-language-features, startup: false, activationEvent: 'onLanguage:jsonc'
2026-08-28 17:21:18.384 [error] Error: Cannot call write after a stream was destroyed
	at _write (node:internal/streams/writable:489:11)
	at Writable.write (node:internal/streams/writable:508:10)
	at /home/rm99/.vscode-oss/extensions/theqtcompany.qt-qml-1.16.0-universal/out/extension.js:84:14265
	at new Promise (<anonymous>)
	at YM.write (/home/rm99/.vscode-oss/extensions/theqtcompany.qt-qml-1.16.0-universal/out/extension.js:84:14186)
	at JT.doWrite (/home/rm99/.vscode-oss/extensions/theqtcompany.qt-qml-1.16.0-universal/out/extension.js:56:1627)
	at /home/rm99/.vscode-oss/extensions/theqtcompany.qt-qml-1.16.0-universal/out/extension.js:56:1526
2026-08-28 17:21:18.387 [error] Error: Client is not running and can't be stopped. It's current state is: starting
	at h2.shutdown (/home/rm99/.vscode-oss/extensions/theqtcompany.qt-qml-1.16.0-universal/out/extension.js:92:8500)
	at h2.stop (/home/rm99/.vscode-oss/extensions/theqtcompany.qt-qml-1.16.0-universal/out/extension.js:92:8079)
	at h2.stop (/home/rm99/.vscode-oss/extensions/theqtcompany.qt-qml-1.16.0-universal/out/extension.js:95:31201)
	at h2.doInitialize (/home/rm99/.vscode-oss/extensions/theqtcompany.qt-qml-1.16.0-universal/out/extension.js:92:7904)
	at process.processTicksAndRejections (node:internal/process/task_queues:104:5)
	at async h2.start (/home/rm99/.vscode-oss/extensions/theqtcompany.qt-qml-1.16.0-universal/out/extension.js:92:4473)
2026-08-28 17:21:18.533 [error] Error: write EPIPE
	at afterWriteDispatched (node:internal/stream_base_commons:159:15)
	at writeGeneric (node:internal/stream_base_commons:150:3)
	at Socket._writeGeneric (node:net:1026:11)
	at Socket._write (node:net:1038:8)
	at writeOrBuffer (node:internal/streams/writable:570:12)
	at _write (node:internal/streams/writable:499:10)
	at Writable.write (node:internal/streams/writable:508:10)
	at /home/rm99/.vscode-oss/extensions/theqtcompany.qt-qml-1.16.0-universal/out/extension.js:84:14265
	at new Promise (<anonymous>)
	at YM.write (/home/rm99/.vscode-oss/extensions/theqtcompany.qt-qml-1.16.0-universal/out/extension.js:84:14186)
	at JT.doWrite (/home/rm99/.vscode-oss/extensions/theqtcompany.qt-qml-1.16.0-universal/out/extension.js:56:1627)
	at /home/rm99/.vscode-oss/extensions/theqtcompany.qt-qml-1.16.0-universal/out/extension.js:56:1526
2026-08-28 17:21:18.535 [error] Error: Client is not running and can't be stopped. It's current state is: starting
	at h2.shutdown (/home/rm99/.vscode-oss/extensions/theqtcompany.qt-qml-1.16.0-universal/out/extension.js:92:8500)
	at h2.stop (/home/rm99/.vscode-oss/extensions/theqtcompany.qt-qml-1.16.0-universal/out/extension.js:92:8079)
	at h2.stop (/home/rm99/.vscode-oss/extensions/theqtcompany.qt-qml-1.16.0-universal/out/extension.js:95:31201)
	at h2.doInitialize (/home/rm99/.vscode-oss/extensions/theqtcompany.qt-qml-1.16.0-universal/out/extension.js:92:7904)
	at process.processTicksAndRejections (node:internal/process/task_queues:104:5)
	at async h2.start (/home/rm99/.vscode-oss/extensions/theqtcompany.qt-qml-1.16.0-universal/out/extension.js:92:4473)
2026-08-28 17:21:18.603 [error] Error: Cannot call write after a stream was destroyed
	at _write (node:internal/streams/writable:489:11)
	at Writable.write (node:internal/streams/writable:508:10)
	at /home/rm99/.vscode-oss/extensions/theqtcompany.qt-qml-1.16.0-universal/out/extension.js:84:14265
	at new Promise (<anonymous>)
	at YM.write (/home/rm99/.vscode-oss/extensions/theqtcompany.qt-qml-1.16.0-universal/out/extension.js:84:14186)
	at JT.doWrite (/home/rm99/.vscode-oss/extensions/theqtcompany.qt-qml-1.16.0-universal/out/extension.js:56:1627)
	at /home/rm99/.vscode-oss/extensions/theqtcompany.qt-qml-1.16.0-universal/out/extension.js:56:1526
2026-08-28 17:21:18.606 [error] Error: Client is not running and can't be stopped. It's current state is: starting
	at h2.shutdown (/home/rm99/.vscode-oss/extensions/theqtcompany.qt-qml-1.16.0-universal/out/extension.js:92:8500)
	at h2.stop (/home/rm99/.vscode-oss/extensions/theqtcompany.qt-qml-1.16.0-universal/out/extension.js:92:8079)
	at h2.stop (/home/rm99/.vscode-oss/extensions/theqtcompany.qt-qml-1.16.0-universal/out/extension.js:95:31201)
	at h2.doInitialize (/home/rm99/.vscode-oss/extensions/theqtcompany.qt-qml-1.16.0-universal/out/extension.js:92:7904)
	at process.processTicksAndRejections (node:internal/process/task_queues:104:5)
	at async h2.start (/home/rm99/.vscode-oss/extensions/theqtcompany.qt-qml-1.16.0-universal/out/extension.js:92:4473)
2026-08-28 17:21:18.876 [error] Error: write EPIPE
	at afterWriteDispatched (node:internal/stream_base_commons:159:15)
	at writeGeneric (node:internal/stream_base_commons:150:3)
	at Socket._writeGeneric (node:net:1026:11)
	at Socket._write (node:net:1038:8)
	at writeOrBuffer (node:internal/streams/writable:570:12)
	at _write (node:internal/streams/writable:499:10)
	at Writable.write (node:internal/streams/writable:508:10)
	at /home/rm99/.vscode-oss/extensions/theqtcompany.qt-qml-1.16.0-universal/out/extension.js:84:14265
	at new Promise (<anonymous>)
	at YM.write (/home/rm99/.vscode-oss/extensions/theqtcompany.qt-qml-1.16.0-universal/out/extension.js:84:14186)
	at JT.doWrite (/home/rm99/.vscode-oss/extensions/theqtcompany.qt-qml-1.16.0-universal/out/extension.js:56:1627)
	at /home/rm99/.vscode-oss/extensions/theqtcompany.qt-qml-1.16.0-universal/out/extension.js:56:1526
2026-08-28 17:21:18.881 [error] Error: Client is not running and can't be stopped. It's current state is: starting
	at h2.shutdown (/home/rm99/.vscode-oss/extensions/theqtcompany.qt-qml-1.16.0-universal/out/extension.js:92:8500)
	at h2.stop (/home/rm99/.vscode-oss/extensions/theqtcompany.qt-qml-1.16.0-universal/out/extension.js:92:8079)
	at h2.stop (/home/rm99/.vscode-oss/extensions/theqtcompany.qt-qml-1.16.0-universal/out/extension.js:95:31201)
	at h2.doInitialize (/home/rm99/.vscode-oss/extensions/theqtcompany.qt-qml-1.16.0-universal/out/extension.js:92:7904)
	at process.processTicksAndRejections (node:internal/process/task_queues:104:5)
	at async h2.start (/home/rm99/.vscode-oss/extensions/theqtcompany.qt-qml-1.16.0-universal/out/extension.js:92:4473)
2026-08-28 17:21:19.034 [error] Error: Cannot call write after a stream was destroyed
	at _write (node:internal/streams/writable:489:11)
	at Writable.write (node:internal/streams/writable:508:10)
	at /home/rm99/.vscode-oss/extensions/theqtcompany.qt-qml-1.16.0-universal/out/extension.js:84:14265
	at new Promise (<anonymous>)
	at YM.write (/home/rm99/.vscode-oss/extensions/theqtcompany.qt-qml-1.16.0-universal/out/extension.js:84:14186)
	at JT.doWrite (/home/rm99/.vscode-oss/extensions/theqtcompany.qt-qml-1.16.0-universal/out/extension.js:56:1627)
	at /home/rm99/.vscode-oss/extensions/theqtcompany.qt-qml-1.16.0-universal/out/extension.js:56:1526
	at runNextTicks (node:internal/process/task_queues:65:5)
	at process.processImmediate (node:internal/timers:472:9)
2026-08-28 17:21:19.037 [error] Error: Client is not running and can't be stopped. It's current state is: starting
	at h2.shutdown (/home/rm99/.vscode-oss/extensions/theqtcompany.qt-qml-1.16.0-universal/out/extension.js:92:8500)
	at h2.stop (/home/rm99/.vscode-oss/extensions/theqtcompany.qt-qml-1.16.0-universal/out/extension.js:92:8079)
	at h2.stop (/home/rm99/.vscode-oss/extensions/theqtcompany.qt-qml-1.16.0-universal/out/extension.js:95:31201)
	at h2.doInitialize (/home/rm99/.vscode-oss/extensions/theqtcompany.qt-qml-1.16.0-universal/out/extension.js:92:7904)
	at processTicksAndRejections (node:internal/process/task_queues:104:5)
	at runNextTicks (node:internal/process/task_queues:69:3)
	at process.processImmediate (node:internal/timers:472:9)
	at async h2.start (/home/rm99/.vscode-oss/extensions/theqtcompany.qt-qml-1.16.0-universal/out/extension.js:92:4473)
2026-08-28 17:25:49.492 [info] Extension host terminating: received terminate message from renderer
2026-08-28 17:25:49.594 [info] Extension host with pid 164583 exiting with code 0
