┌────────────────────────────────────── Exception dumped on 2026-08-23 09:10:29.055481 ───────────────────────────────────────┐
│ ┌─────────────────────────────────────────── Traceback (most recent call last) ───────────────────────────────────────────┐ │
│ │ in perform_show_preview:1142                                                                                            │ │
│ │                                                                                                                         │ │
│ │ in update_ui:1196                                                                                                       │ │
│ │                                                                                                                         │ │
│ │                                                 ... 1 frames hidden ...                                                 │ │
│ │                                                                                                                         │ │
│ │ in resample_file:194                                                                                                    │ │
│ │                                                                                                                         │ │
│ │ in _await_resample_process:60                                                                                           │ │
│ └─────────────────────────────────────────────────────────────────────────────────────────────────────────────────────────┘ │
│ OSError: image file is truncated                                                                                            │
└─────────────────────────────────────────────────────────────────────────────────────────────────────────────────────────────┘
┌────────────────────────────────────── Exception dumped on 2026-08-23 09:10:33.083158 ───────────────────────────────────────┐
│ ┌─────────────────────────────────────────── Traceback (most recent call last) ───────────────────────────────────────────┐ │
│ │ in perform_show_preview:1142                                                                                            │ │
│ │                                                                                                                         │ │
│ │ in update_ui:1196                                                                                                       │ │
│ │                                                                                                                         │ │
│ │                                                 ... 1 frames hidden ...                                                 │ │
│ │                                                                                                                         │ │
│ │ in resample_file:194                                                                                                    │ │
│ │                                                                                                                         │ │
│ │ in _await_resample_process:60                                                                                           │ │
│ └─────────────────────────────────────────────────────────────────────────────────────────────────────────────────────────┘ │
│ OSError: image file is truncated                                                                                            │
└─────────────────────────────────────────────────────────────────────────────────────────────────────────────────────────────┘
