2026-08-28 19:42:49.509 [info] Reading sessions from keychain...
2026-08-28 19:42:49.509 [info] Getting sessions for all scopes...
2026-08-28 19:42:50.211 [info] Got stored sessions!
2026-08-28 19:42:50.211 [info] Got 1 verified sessions.
2026-08-28 19:42:50.212 [info] Got 1 sessions for ...
2026-08-28 19:42:50.213 [info] Getting sessions for all scopes...
2026-08-28 19:42:50.213 [info] Got 1 sessions for ...
2026-08-28 19:42:50.214 [info] Getting sessions for all scopes...
2026-08-28 19:42:50.214 [info] Got 1 sessions for ...
2026-08-28 19:42:50.644 [info] Getting sessions for all scopes...
2026-08-28 19:42:50.644 [info] Got 1 sessions for ...
2026-08-28 19:42:56.818 [info] Getting sessions for all scopes...
2026-08-28 19:42:56.818 [info] Got 1 sessions for ...
2026-08-28 19:42:56.927 [info] Getting sessions for read:user,user:email...
2026-08-28 19:42:56.927 [info] Got 0 sessions for read:user,user:email...
2026-08-28 19:42:56.996 [info] FetcherService: Electron fetch failed with status: 429 
2026-08-28 19:42:57.056 [info] Unable to resolve optional EDU details. Status: 429 
2026-08-28 19:42:59.270 [info] Getting sessions for read:user,user:email...
2026-08-28 19:42:59.270 [info] Got 0 sessions for read:user,user:email...
2026-08-28 19:42:59.278 [info] Getting sessions for all scopes...
2026-08-28 19:42:59.278 [info] Got 1 sessions for ...
2026-08-28 19:42:59.891 [info] Getting sessions for all scopes...
2026-08-28 19:42:59.891 [info] Got 1 sessions for ...
2026-08-28 19:42:59.893 [info] Getting sessions for all scopes...
2026-08-28 19:42:59.893 [info] Got 1 sessions for ...
2026-08-28 19:42:59.894 [info] Getting sessions for all scopes...
2026-08-28 19:42:59.894 [info] Got 1 sessions for ...
2026-08-28 19:43:00.466 [info] Getting sessions for all scopes...
2026-08-28 19:43:00.466 [info] Got 1 sessions for ...
2026-08-28 19:43:01.973 [info] Getting sessions for read:user,repo,user:email,workflow...
2026-08-28 19:43:01.973 [info] Got 1 sessions for read:user,repo,user:email,workflow...
2026-08-28 19:43:03.209 [info] Getting sessions for repo...
2026-08-28 19:43:03.210 [info] Got 0 sessions for repo...
2026-08-28 19:43:03.210 [info] Getting sessions for repo...
2026-08-28 19:43:03.210 [info] Got 0 sessions for repo...
2026-08-28 19:43:03.732 [info] Getting sessions for all scopes...
2026-08-28 19:43:03.732 [info] Got 1 sessions for ...
2026-08-28 19:43:03.733 [info] Getting sessions for all scopes...
2026-08-28 19:43:03.733 [info] Got 1 sessions for ...
2026-08-28 19:43:04.251 [info] Getting sessions for all scopes...
2026-08-28 19:43:04.251 [info] Got 1 sessions for ...
2026-08-28 19:43:04.251 [info] Getting sessions for all scopes...
2026-08-28 19:43:04.252 [info] Got 1 sessions for ...
2026-08-28 19:43:04.256 [info] Getting sessions for read:user,user:email...
2026-08-28 19:43:04.256 [info] Got 0 sessions for read:user,user:email...
2026-08-28 19:43:05.004 [info] Getting sessions for read:user,user:email...
2026-08-28 19:43:05.004 [info] Got 0 sessions for read:user,user:email...
2026-08-28 19:43:05.005 [info] Getting sessions for read:user,user:email...
2026-08-28 19:43:05.005 [info] Got 0 sessions for read:user,user:email...
2026-08-28 19:43:05.006 [info] Getting sessions for all scopes...
2026-08-28 19:43:05.006 [info] Got 1 sessions for ...
2026-08-28 19:43:05.014 [info] Getting sessions for all scopes...
2026-08-28 19:43:05.014 [info] Got 1 sessions for ...
2026-08-28 19:43:05.202 [info] Getting sessions for all scopes...
2026-08-28 19:43:05.202 [info] Got 1 sessions for ...
2026-08-28 19:43:05.203 [info] Getting sessions for all scopes...
2026-08-28 19:43:05.203 [info] Got 1 sessions for ...
2026-08-28 19:43:05.203 [info] Getting sessions for all scopes...
2026-08-28 19:43:05.203 [info] Got 1 sessions for ...
2026-08-28 19:43:05.206 [info] Getting sessions for repo...
2026-08-28 19:43:05.206 [info] Got 0 sessions for repo...
2026-08-28 19:43:05.254 [info] Getting sessions for repo...
2026-08-28 19:43:05.255 [info] Got 0 sessions for repo...
2026-08-28 19:43:05.255 [info] Getting sessions for repo...
2026-08-28 19:43:05.255 [info] Got 0 sessions for repo...
2026-08-28 19:43:05.272 [info] Getting sessions for read:user,repo,user:email,workflow...
2026-08-28 19:43:05.273 [info] Got 1 sessions for read:user,repo,user:email,workflow...
2026-08-28 19:43:05.273 [info] Getting sessions for all scopes...
2026-08-28 19:43:05.273 [info] Got 1 sessions for ...
2026-08-28 19:43:05.294 [info] Getting sessions for all scopes...
2026-08-28 19:43:05.294 [info] Got 1 sessions for ...
2026-08-28 19:43:05.294 [info] Getting sessions for all scopes...
2026-08-28 19:43:05.294 [info] Got 1 sessions for ...
2026-08-28 19:43:05.303 [info] Getting sessions for read:user,user:email...
2026-08-28 19:43:05.303 [info] Got 0 sessions for read:user,user:email...
2026-08-28 19:43:05.362 [info] Getting sessions for all scopes...
2026-08-28 19:43:05.362 [info] Got 1 sessions for ...
2026-08-28 19:43:05.405 [info] Getting sessions for repo...
2026-08-28 19:43:05.405 [info] Got 0 sessions for repo...
2026-08-28 19:43:05.431 [info] Getting sessions for all scopes...
2026-08-28 19:43:05.432 [info] Got 1 sessions for ...
2026-08-28 19:43:05.468 [info] Getting sessions for all scopes...
2026-08-28 19:43:05.469 [info] Got 1 sessions for ...
2026-08-28 19:43:05.788 [info] Getting sessions for read:user,repo,user:email,workflow...
2026-08-28 19:43:05.788 [info] Got 1 sessions for read:user,repo,user:email,workflow...
2026-08-28 19:43:05.789 [info] Getting sessions for all scopes...
2026-08-28 19:43:05.789 [info] Got 1 sessions for ...
2026-08-28 19:43:06.814 [info] Getting sessions for read:user,repo,user:email,workflow...
2026-08-28 19:43:06.814 [info] Got 1 sessions for read:user,repo,user:email,workflow...
2026-08-28 19:43:06.822 [info] Getting sessions for all scopes...
2026-08-28 19:43:06.822 [info] Got 1 sessions for ...
2026-08-28 19:43:08.049 [info] Getting sessions for read:user,repo,user:email,workflow...
2026-08-28 19:43:08.049 [info] Got 1 sessions for read:user,repo,user:email,workflow...
2026-08-28 19:43:10.430 [info] Getting sessions for all scopes...
2026-08-28 19:43:10.430 [info] Got 1 sessions for ...
2026-08-28 19:43:10.500 [info] Getting sessions for read:user,repo,user:email,workflow...
2026-08-28 19:43:10.501 [info] Got 1 sessions for read:user,repo,user:email,workflow...
2026-08-28 19:43:12.327 [info] Getting sessions for read:user,user:email...
2026-08-28 19:43:12.328 [info] Got 0 sessions for read:user,user:email...
2026-08-28 19:43:12.328 [info] Getting sessions for read:user,user:email...
2026-08-28 19:43:12.328 [info] Got 0 sessions for read:user,user:email...
2026-08-28 19:43:12.405 [info] Getting sessions for all scopes...
2026-08-28 19:43:12.405 [info] Got 1 sessions for ...
2026-08-28 19:43:12.405 [info] Getting sessions for all scopes...
2026-08-28 19:43:12.405 [info] Got 1 sessions for ...
2026-08-28 19:43:13.168 [info] Getting sessions for repo...
2026-08-28 19:43:13.168 [info] Got 0 sessions for repo...
2026-08-28 19:43:13.169 [info] Getting sessions for repo...
2026-08-28 19:43:13.169 [info] Got 0 sessions for repo...
2026-08-28 19:43:13.221 [info] Getting sessions for all scopes...
2026-08-28 19:43:13.221 [info] Got 1 sessions for ...
2026-08-28 19:43:13.221 [info] Getting sessions for all scopes...
2026-08-28 19:43:13.221 [info] Got 1 sessions for ...
2026-08-28 19:43:13.224 [info] Getting sessions for read:user,user:email...
2026-08-28 19:43:13.224 [info] Got 0 sessions for read:user,user:email...
2026-08-28 19:43:13.225 [info] Getting sessions for read:user,user:email...
2026-08-28 19:43:13.225 [info] Got 0 sessions for read:user,user:email...
2026-08-28 19:43:13.226 [info] Getting sessions for all scopes...
2026-08-28 19:43:13.226 [info] Got 1 sessions for ...
2026-08-28 19:43:13.228 [info] Getting sessions for all scopes...
2026-08-28 19:43:13.228 [info] Got 1 sessions for ...
2026-08-28 19:43:13.229 [info] Getting sessions for repo...
2026-08-28 19:43:13.229 [info] Got 0 sessions for repo...
2026-08-28 19:43:13.231 [info] Getting sessions for repo...
2026-08-28 19:43:13.231 [info] Got 0 sessions for repo...
2026-08-28 19:43:13.232 [info] Getting sessions for all scopes...
2026-08-28 19:43:13.232 [info] Got 1 sessions for ...
2026-08-28 19:43:13.248 [info] Getting sessions for all scopes...
2026-08-28 19:43:13.248 [info] Got 1 sessions for ...
2026-08-28 19:43:20.474 [info] Getting sessions for all scopes...
2026-08-28 19:43:20.474 [info] Got 1 sessions for ...
2026-08-28 19:43:59.531 [info] Getting sessions for all scopes...
2026-08-28 19:43:59.531 [info] Got 1 sessions for ...
2026-08-28 19:43:59.546 [info] Getting sessions for all scopes...
2026-08-28 19:43:59.546 [info] Got 1 sessions for ...
2026-08-28 19:44:01.496 [info] Getting sessions for read:user,user:email...
2026-08-28 19:44:01.497 [info] Got 0 sessions for read:user,user:email...
2026-08-28 19:44:01.497 [info] Getting sessions for read:user,user:email...
2026-08-28 19:44:01.498 [info] Got 0 sessions for read:user,user:email...
2026-08-28 19:44:01.509 [info] Getting sessions for all scopes...
2026-08-28 19:44:01.509 [info] Got 1 sessions for ...
2026-08-28 19:44:01.510 [info] Getting sessions for all scopes...
2026-08-28 19:44:01.510 [info] Got 1 sessions for ...
2026-08-28 19:44:01.515 [info] Getting sessions for repo...
2026-08-28 19:44:01.515 [info] Got 0 sessions for repo...
2026-08-28 19:44:01.517 [info] Getting sessions for repo...
2026-08-28 19:44:01.518 [info] Got 0 sessions for repo...
2026-08-28 19:44:01.519 [info] Getting sessions for all scopes...
2026-08-28 19:44:01.519 [info] Got 1 sessions for ...
2026-08-28 19:44:01.521 [info] Getting sessions for all scopes...
2026-08-28 19:44:01.522 [info] Got 1 sessions for ...
2026-08-28 19:44:01.522 [info] Getting sessions for read:user,user:email...
2026-08-28 19:44:01.523 [info] Got 0 sessions for read:user,user:email...
2026-08-28 19:44:01.524 [info] Getting sessions for read:user,user:email...
2026-08-28 19:44:01.524 [info] Got 0 sessions for read:user,user:email...
2026-08-28 19:44:01.525 [info] Getting sessions for all scopes...
2026-08-28 19:44:01.525 [info] Got 1 sessions for ...
2026-08-28 19:44:01.525 [info] Getting sessions for all scopes...
2026-08-28 19:44:01.525 [info] Got 1 sessions for ...
2026-08-28 19:44:01.527 [info] Getting sessions for repo...
2026-08-28 19:44:01.527 [info] Got 0 sessions for repo...
2026-08-28 19:44:01.528 [info] Getting sessions for repo...
2026-08-28 19:44:01.528 [info] Got 0 sessions for repo...
2026-08-28 19:44:01.535 [info] Getting sessions for all scopes...
2026-08-28 19:44:01.536 [info] Got 1 sessions for ...
2026-08-28 19:44:01.539 [info] Getting sessions for all scopes...
2026-08-28 19:44:01.539 [info] Got 1 sessions for ...
2026-08-28 19:50:05.416 [info] Getting sessions for all scopes...
2026-08-28 19:50:05.416 [info] Got 1 sessions for ...
2026-08-28 19:50:05.423 [info] Getting sessions for read:user,repo,user:email,workflow...
2026-08-28 19:50:05.423 [info] Got 1 sessions for read:user,repo,user:email,workflow...
2026-08-28 19:50:05.803 [info] Getting sessions for all scopes...
2026-08-28 19:50:05.803 [info] Got 1 sessions for ...
2026-08-28 19:50:05.807 [info] Getting sessions for read:user,repo,user:email,workflow...
2026-08-28 19:50:05.807 [info] Got 1 sessions for read:user,repo,user:email,workflow...
2026-08-28 19:50:06.345 [info] Getting sessions for all scopes...
2026-08-28 19:50:06.345 [info] Got 1 sessions for ...
2026-08-28 19:50:06.350 [info] Getting sessions for read:user,repo,user:email,workflow...
2026-08-28 19:50:06.351 [info] Got 1 sessions for read:user,repo,user:email,workflow...
2026-08-28 19:52:19.123 [info] Getting sessions for all scopes...
2026-08-28 19:52:19.123 [info] Got 1 sessions for ...
2026-08-28 19:52:19.125 [info] Getting sessions for all scopes...
2026-08-28 19:52:19.125 [info] Got 1 sessions for ...
2026-08-28 19:52:20.586 [info] Getting sessions for all scopes...
2026-08-28 19:52:20.586 [info] Got 1 sessions for ...
2026-08-28 19:52:20.589 [info] Getting sessions for all scopes...
2026-08-28 19:52:20.589 [info] Got 1 sessions for ...
2026-08-28 19:52:23.736 [info] Getting sessions for all scopes...
2026-08-28 19:52:23.736 [info] Got 1 sessions for ...
2026-08-28 19:52:23.738 [info] Getting sessions for all scopes...
2026-08-28 19:52:23.738 [info] Got 1 sessions for ...
2026-08-28 19:52:25.796 [info] Getting sessions for all scopes...
2026-08-28 19:52:25.796 [info] Got 1 sessions for ...
2026-08-28 19:52:25.814 [info] Getting sessions for all scopes...
2026-08-28 19:52:25.814 [info] Got 1 sessions for ...
2026-08-28 19:52:28.199 [info] Getting sessions for all scopes...
2026-08-28 19:52:28.199 [info] Got 1 sessions for ...
2026-08-28 19:52:28.200 [info] Getting sessions for all scopes...
2026-08-28 19:52:28.200 [info] Got 1 sessions for ...
2026-08-28 19:52:34.589 [info] Getting sessions for all scopes...
2026-08-28 19:52:34.589 [info] Got 1 sessions for ...
2026-08-28 19:52:34.591 [info] Getting sessions for all scopes...
2026-08-28 19:52:34.591 [info] Got 1 sessions for ...
2026-08-28 19:54:07.838 [info] Getting sessions for all scopes...
2026-08-28 19:54:07.838 [info] Got 1 sessions for ...
2026-08-28 19:54:07.841 [info] Getting sessions for all scopes...
2026-08-28 19:54:07.841 [info] Got 1 sessions for ...
2026-08-28 19:54:45.285 [info] Getting sessions for all scopes...
2026-08-28 19:54:45.285 [info] Got 1 sessions for ...
2026-08-28 19:54:45.288 [info] Getting sessions for all scopes...
2026-08-28 19:54:45.288 [info] Got 1 sessions for ...
2026-08-28 19:55:00.546 [info] Getting sessions for all scopes...
2026-08-28 19:55:00.546 [info] Got 1 sessions for ...
2026-08-28 19:55:00.598 [info] Getting sessions for read:user,repo,user:email,workflow...
2026-08-28 19:55:00.598 [info] Got 1 sessions for read:user,repo,user:email,workflow...
2026-08-28 19:55:01.119 [info] Getting sessions for all scopes...
2026-08-28 19:55:01.119 [info] Got 1 sessions for ...
2026-08-28 19:55:01.124 [info] Getting sessions for read:user,repo,user:email,workflow...
2026-08-28 19:55:01.124 [info] Got 1 sessions for read:user,repo,user:email,workflow...
2026-08-28 19:55:01.586 [info] Getting sessions for all scopes...
2026-08-28 19:55:01.586 [info] Got 1 sessions for ...
2026-08-28 19:55:01.591 [info] Getting sessions for read:user,repo,user:email,workflow...
2026-08-28 19:55:01.591 [info] Got 1 sessions for read:user,repo,user:email,workflow...
2026-08-28 19:55:02.202 [info] Getting sessions for all scopes...
2026-08-28 19:55:02.202 [info] Got 1 sessions for ...
2026-08-28 19:55:02.206 [info] Getting sessions for read:user,repo,user:email,workflow...
2026-08-28 19:55:02.206 [info] Got 1 sessions for read:user,repo,user:email,workflow...
2026-08-28 19:55:02.683 [info] Getting sessions for all scopes...
2026-08-28 19:55:02.683 [info] Got 1 sessions for ...
2026-08-28 19:55:02.687 [info] Getting sessions for read:user,repo,user:email,workflow...
2026-08-28 19:55:02.687 [info] Got 1 sessions for read:user,repo,user:email,workflow...
2026-08-28 19:55:09.408 [info] Getting sessions for all scopes...
2026-08-28 19:55:09.408 [info] Got 1 sessions for ...
2026-08-28 19:55:09.413 [info] Getting sessions for read:user,repo,user:email,workflow...
2026-08-28 19:55:09.413 [info] Got 1 sessions for read:user,repo,user:email,workflow...
2026-08-28 19:55:09.974 [info] Getting sessions for all scopes...
2026-08-28 19:55:09.975 [info] Got 1 sessions for ...
2026-08-28 19:55:09.979 [info] Getting sessions for read:user,repo,user:email,workflow...
2026-08-28 19:55:09.979 [info] Got 1 sessions for read:user,repo,user:email,workflow...
2026-08-28 19:55:11.478 [info] Getting sessions for all scopes...
2026-08-28 19:55:11.478 [info] Got 1 sessions for ...
2026-08-28 19:55:11.482 [info] Getting sessions for read:user,repo,user:email,workflow...
2026-08-28 19:55:11.482 [info] Got 1 sessions for read:user,repo,user:email,workflow...
2026-08-28 19:55:12.339 [info] Getting sessions for all scopes...
2026-08-28 19:55:12.340 [info] Got 1 sessions for ...
2026-08-28 19:55:12.348 [info] Getting sessions for read:user,repo,user:email,workflow...
2026-08-28 19:55:12.349 [info] Got 1 sessions for read:user,repo,user:email,workflow...
2026-08-28 19:55:17.023 [info] Getting sessions for all scopes...
2026-08-28 19:55:17.024 [info] Got 1 sessions for ...
2026-08-28 19:55:17.028 [info] Getting sessions for read:user,repo,user:email,workflow...
2026-08-28 19:55:17.028 [info] Got 1 sessions for read:user,repo,user:email,workflow...
2026-08-28 19:55:17.711 [info] Getting sessions for all scopes...
2026-08-28 19:55:17.711 [info] Got 1 sessions for ...
2026-08-28 19:55:17.716 [info] Getting sessions for read:user,repo,user:email,workflow...
2026-08-28 19:55:17.716 [info] Got 1 sessions for read:user,repo,user:email,workflow...
2026-08-28 19:55:18.492 [info] Getting sessions for all scopes...
2026-08-28 19:55:18.492 [info] Got 1 sessions for ...
2026-08-28 19:55:18.497 [info] Getting sessions for read:user,repo,user:email,workflow...
2026-08-28 19:55:18.497 [info] Got 1 sessions for read:user,repo,user:email,workflow...
2026-08-28 19:55:37.999 [info] Getting sessions for all scopes...
2026-08-28 19:55:37.999 [info] Got 1 sessions for ...
2026-08-28 19:55:38.002 [info] Getting sessions for read:user,repo,user:email,workflow...
2026-08-28 19:55:38.003 [info] Got 1 sessions for read:user,repo,user:email,workflow...
2026-08-28 19:55:38.965 [info] Getting sessions for all scopes...
2026-08-28 19:55:38.965 [info] Got 1 sessions for ...
2026-08-28 19:55:38.969 [info] Getting sessions for read:user,repo,user:email,workflow...
2026-08-28 19:55:38.969 [info] Got 1 sessions for read:user,repo,user:email,workflow...
2026-08-28 19:55:40.052 [info] Getting sessions for all scopes...
2026-08-28 19:55:40.052 [info] Got 1 sessions for ...
2026-08-28 19:55:40.057 [info] Getting sessions for read:user,repo,user:email,workflow...
2026-08-28 19:55:40.057 [info] Got 1 sessions for read:user,repo,user:email,workflow...
2026-08-28 19:55:40.581 [info] Getting sessions for all scopes...
2026-08-28 19:55:40.581 [info] Got 1 sessions for ...
2026-08-28 19:55:40.586 [info] Getting sessions for read:user,repo,user:email,workflow...
2026-08-28 19:55:40.586 [info] Got 1 sessions for read:user,repo,user:email,workflow...
2026-08-28 19:56:42.944 [info] Getting sessions for all scopes...
2026-08-28 19:56:42.944 [info] Got 1 sessions for ...
2026-08-28 19:56:42.949 [info] Getting sessions for read:user,repo,user:email,workflow...
2026-08-28 19:56:42.949 [info] Got 1 sessions for read:user,repo,user:email,workflow...
2026-08-28 19:56:43.239 [info] Getting sessions for all scopes...
2026-08-28 19:56:43.239 [info] Got 1 sessions for ...
2026-08-28 19:56:43.243 [info] Getting sessions for read:user,repo,user:email,workflow...
2026-08-28 19:56:43.243 [info] Got 1 sessions for read:user,repo,user:email,workflow...
2026-08-28 19:56:44.358 [info] Getting sessions for all scopes...
2026-08-28 19:56:44.358 [info] Got 1 sessions for ...
2026-08-28 19:56:44.362 [info] Getting sessions for read:user,repo,user:email,workflow...
2026-08-28 19:56:44.362 [info] Got 1 sessions for read:user,repo,user:email,workflow...
2026-08-28 19:56:44.697 [info] Getting sessions for all scopes...
2026-08-28 19:56:44.697 [info] Got 1 sessions for ...
2026-08-28 19:56:44.702 [info] Getting sessions for read:user,repo,user:email,workflow...
2026-08-28 19:56:44.702 [info] Got 1 sessions for read:user,repo,user:email,workflow...
2026-08-28 19:56:45.784 [info] Getting sessions for all scopes...
2026-08-28 19:56:45.784 [info] Got 1 sessions for ...
2026-08-28 19:56:45.788 [info] Getting sessions for read:user,repo,user:email,workflow...
2026-08-28 19:56:45.788 [info] Got 1 sessions for read:user,repo,user:email,workflow...
2026-08-28 19:56:46.259 [info] Getting sessions for all scopes...
2026-08-28 19:56:46.259 [info] Got 1 sessions for ...
2026-08-28 19:56:46.264 [info] Getting sessions for read:user,repo,user:email,workflow...
2026-08-28 19:56:46.264 [info] Got 1 sessions for read:user,repo,user:email,workflow...
2026-08-28 19:56:55.401 [info] Getting sessions for all scopes...
2026-08-28 19:56:55.402 [info] Got 1 sessions for ...
2026-08-28 19:56:55.406 [info] Getting sessions for read:user,repo,user:email,workflow...
2026-08-28 19:56:55.406 [info] Got 1 sessions for read:user,repo,user:email,workflow...
2026-08-28 19:56:57.732 [info] Getting sessions for all scopes...
2026-08-28 19:56:57.732 [info] Got 1 sessions for ...
2026-08-28 19:56:57.736 [info] Getting sessions for read:user,repo,user:email,workflow...
2026-08-28 19:56:57.736 [info] Got 1 sessions for read:user,repo,user:email,workflow...
2026-08-28 19:56:58.439 [info] Getting sessions for all scopes...
2026-08-28 19:56:58.439 [info] Got 1 sessions for ...
2026-08-28 19:56:58.444 [info] Getting sessions for read:user,repo,user:email,workflow...
2026-08-28 19:56:58.444 [info] Got 1 sessions for read:user,repo,user:email,workflow...
2026-08-28 19:58:36.088 [info] Getting sessions for all scopes...
2026-08-28 19:58:36.089 [info] Got 1 sessions for ...
2026-08-28 19:58:36.092 [info] Getting sessions for all scopes...
2026-08-28 19:58:36.092 [info] Got 1 sessions for ...
2026-08-28 19:59:10.394 [info] Getting sessions for all scopes...
2026-08-28 19:59:10.394 [info] Got 1 sessions for ...
2026-08-28 19:59:10.398 [info] Getting sessions for read:user,repo,user:email,workflow...
2026-08-28 19:59:10.399 [info] Got 1 sessions for read:user,repo,user:email,workflow...
2026-08-28 19:59:10.937 [info] Getting sessions for all scopes...
2026-08-28 19:59:10.937 [info] Got 1 sessions for ...
2026-08-28 19:59:10.942 [info] Getting sessions for read:user,repo,user:email,workflow...
2026-08-28 19:59:10.942 [info] Got 1 sessions for read:user,repo,user:email,workflow...
2026-08-28 19:59:11.357 [info] Getting sessions for all scopes...
2026-08-28 19:59:11.357 [info] Got 1 sessions for ...
2026-08-28 19:59:11.361 [info] Getting sessions for read:user,repo,user:email,workflow...
2026-08-28 19:59:11.361 [info] Got 1 sessions for read:user,repo,user:email,workflow...
2026-08-28 19:59:12.996 [info] Getting sessions for all scopes...
2026-08-28 19:59:12.996 [info] Got 1 sessions for ...
2026-08-28 19:59:35.708 [info] Getting sessions for all scopes...
2026-08-28 19:59:35.708 [info] Got 1 sessions for ...
2026-08-28 20:00:57.366 [info] Getting sessions for all scopes...
2026-08-28 20:00:57.366 [info] Got 1 sessions for ...
2026-08-28 20:00:59.315 [info] Getting sessions for all scopes...
2026-08-28 20:00:59.315 [info] Got 1 sessions for ...
2026-08-28 20:00:59.319 [info] Getting sessions for read:user,repo,user:email,workflow...
2026-08-28 20:00:59.319 [info] Got 1 sessions for read:user,repo,user:email,workflow...
2026-08-28 20:02:54.635 [info] Getting sessions for all scopes...
2026-08-28 20:02:54.635 [info] Got 1 sessions for ...
2026-08-28 20:02:54.705 [info] Getting sessions for all scopes...
2026-08-28 20:02:54.705 [info] Got 1 sessions for ...
2026-08-28 20:03:59.639 [info] Getting sessions for all scopes...
2026-08-28 20:03:59.639 [info] Got 1 sessions for ...
2026-08-28 20:03:59.686 [info] Getting sessions for all scopes...
2026-08-28 20:03:59.686 [info] Got 1 sessions for ...
2026-08-28 20:04:26.516 [info] Getting sessions for all scopes...
2026-08-28 20:04:26.517 [info] Got 1 sessions for ...
2026-08-28 20:04:26.546 [info] Getting sessions for all scopes...
2026-08-28 20:04:26.547 [info] Got 1 sessions for ...
2026-08-28 20:04:28.102 [info] Getting sessions for all scopes...
2026-08-28 20:04:28.102 [info] Got 1 sessions for ...
2026-08-28 20:04:28.139 [info] Getting sessions for all scopes...
2026-08-28 20:04:28.140 [info] Got 1 sessions for ...
2026-08-28 20:04:40.370 [info] Getting sessions for all scopes...
2026-08-28 20:04:40.370 [info] Got 1 sessions for ...
2026-08-28 20:04:40.375 [info] Getting sessions for all scopes...
2026-08-28 20:04:40.375 [info] Got 1 sessions for ...
2026-08-28 20:04:44.801 [info] Getting sessions for all scopes...
2026-08-28 20:04:44.802 [info] Got 1 sessions for ...
2026-08-28 20:04:44.850 [info] Getting sessions for all scopes...
2026-08-28 20:04:44.851 [info] Got 1 sessions for ...
2026-08-28 20:04:45.964 [info] Getting sessions for all scopes...
2026-08-28 20:04:45.964 [info] Got 1 sessions for ...
2026-08-28 20:04:46.053 [info] Getting sessions for all scopes...
2026-08-28 20:04:46.053 [info] Got 1 sessions for ...
2026-08-28 20:04:51.995 [info] Getting sessions for all scopes...
2026-08-28 20:04:51.995 [info] Got 1 sessions for ...
2026-08-28 20:04:52.056 [info] Getting sessions for all scopes...
2026-08-28 20:04:52.056 [info] Got 1 sessions for ...
2026-08-28 20:04:56.071 [info] Getting sessions for all scopes...
2026-08-28 20:04:56.071 [info] Got 1 sessions for ...
2026-08-28 20:04:56.106 [info] Getting sessions for all scopes...
2026-08-28 20:04:56.106 [info] Got 1 sessions for ...
2026-08-28 20:04:58.070 [info] Getting sessions for all scopes...
2026-08-28 20:04:58.071 [info] Got 1 sessions for ...
2026-08-28 20:04:58.140 [info] Getting sessions for all scopes...
2026-08-28 20:04:58.140 [info] Got 1 sessions for ...
2026-08-28 20:05:04.906 [info] Getting sessions for all scopes...
2026-08-28 20:05:04.906 [info] Got 1 sessions for ...
2026-08-28 20:05:04.961 [info] Getting sessions for all scopes...
2026-08-28 20:05:04.962 [info] Got 1 sessions for ...
2026-08-28 20:05:09.533 [info] Getting sessions for all scopes...
2026-08-28 20:05:09.533 [info] Got 1 sessions for ...
2026-08-28 20:05:09.603 [info] Getting sessions for all scopes...
2026-08-28 20:05:09.603 [info] Got 1 sessions for ...
2026-08-28 20:05:15.284 [info] Getting sessions for all scopes...
2026-08-28 20:05:15.284 [info] Got 1 sessions for ...
2026-08-28 20:05:15.348 [info] Getting sessions for all scopes...
2026-08-28 20:05:15.348 [info] Got 1 sessions for ...
2026-08-28 20:05:16.639 [info] Getting sessions for all scopes...
2026-08-28 20:05:16.639 [info] Got 1 sessions for ...
2026-08-28 20:05:16.664 [info] Getting sessions for all scopes...
2026-08-28 20:05:16.664 [info] Got 1 sessions for ...
2026-08-28 20:05:21.130 [info] Getting sessions for all scopes...
2026-08-28 20:05:21.130 [info] Got 1 sessions for ...
2026-08-28 20:05:21.149 [info] Getting sessions for all scopes...
2026-08-28 20:05:21.149 [info] Got 1 sessions for ...
2026-08-28 20:05:22.704 [info] Getting sessions for all scopes...
2026-08-28 20:05:22.704 [info] Got 1 sessions for ...
2026-08-28 20:05:22.843 [info] Getting sessions for all scopes...
2026-08-28 20:05:22.843 [info] Got 1 sessions for ...
2026-08-28 20:05:30.032 [info] Getting sessions for all scopes...
2026-08-28 20:05:30.032 [info] Got 1 sessions for ...
2026-08-28 20:05:30.098 [info] Getting sessions for all scopes...
2026-08-28 20:05:30.098 [info] Got 1 sessions for ...
2026-08-28 20:05:30.991 [info] Getting sessions for all scopes...
2026-08-28 20:05:30.991 [info] Got 1 sessions for ...
2026-08-28 20:05:31.067 [info] Getting sessions for all scopes...
2026-08-28 20:05:31.067 [info] Got 1 sessions for ...
2026-08-28 20:05:35.617 [info] Getting sessions for all scopes...
2026-08-28 20:05:35.617 [info] Got 1 sessions for ...
2026-08-28 20:05:35.705 [info] Getting sessions for all scopes...
2026-08-28 20:05:35.705 [info] Got 1 sessions for ...
2026-08-28 20:05:39.056 [info] Getting sessions for all scopes...
2026-08-28 20:05:39.056 [info] Got 1 sessions for ...
2026-08-28 20:05:39.091 [info] Getting sessions for all scopes...
2026-08-28 20:05:39.091 [info] Got 1 sessions for ...
2026-08-28 20:06:19.613 [info] Getting sessions for all scopes...
2026-08-28 20:06:19.613 [info] Got 1 sessions for ...
2026-08-28 20:06:19.676 [info] Getting sessions for all scopes...
2026-08-28 20:06:19.677 [info] Got 1 sessions for ...
2026-08-28 20:06:21.998 [info] Getting sessions for all scopes...
2026-08-28 20:06:21.998 [info] Got 1 sessions for ...
2026-08-28 20:06:22.118 [info] Getting sessions for all scopes...
2026-08-28 20:06:22.118 [info] Got 1 sessions for ...
2026-08-28 20:06:22.839 [info] Getting sessions for all scopes...
2026-08-28 20:06:22.839 [info] Got 1 sessions for ...
2026-08-28 20:06:22.914 [info] Getting sessions for all scopes...
2026-08-28 20:06:22.914 [info] Got 1 sessions for ...
2026-08-28 20:10:01.095 [info] Getting sessions for all scopes...
2026-08-28 20:10:01.095 [info] Got 1 sessions for ...
2026-08-28 20:10:01.110 [info] Getting sessions for read:user,repo,user:email,workflow...
2026-08-28 20:10:01.110 [info] Got 1 sessions for read:user,repo,user:email,workflow...
2026-08-28 20:10:01.126 [info] Getting sessions for all scopes...
2026-08-28 20:10:01.126 [info] Got 1 sessions for ...
2026-08-28 20:10:01.162 [info] Getting sessions for read:user,repo,user:email,workflow...
2026-08-28 20:10:01.162 [info] Got 1 sessions for read:user,repo,user:email,workflow...
2026-08-28 20:18:13.808 [info] Getting sessions for all scopes...
2026-08-28 20:18:13.808 [info] Got 1 sessions for ...
2026-08-28 20:18:14.049 [info] Getting sessions for all scopes...
2026-08-28 20:18:14.049 [info] Got 1 sessions for ...
2026-08-28 20:18:33.146 [info] Reading sessions from keychain...
2026-08-28 20:18:33.146 [info] Got stored sessions!
2026-08-28 20:18:33.146 [info] Got 1 verified sessions.
2026-08-28 20:18:33.146 [info] Getting sessions for all scopes...
2026-08-28 20:18:33.146 [info] Got 1 sessions for ...
2026-08-28 20:18:33.146 [info] Getting sessions for all scopes...
2026-08-28 20:18:33.146 [info] Got 1 sessions for ...
2026-08-28 20:18:33.146 [info] Getting sessions for all scopes...
2026-08-28 20:18:33.146 [info] Got 1 sessions for ...
2026-08-28 20:18:33.146 [info] Getting sessions for all scopes...
2026-08-28 20:18:33.146 [info] Got 1 sessions for ...
2026-08-28 20:18:33.146 [info] Getting sessions for all scopes...
2026-08-28 20:18:33.146 [info] Got 1 sessions for ...
2026-08-28 20:18:33.370 [info] Getting sessions for all scopes...
2026-08-28 20:18:33.371 [info] Got 1 sessions for ...
2026-08-28 20:18:33.415 [info] Getting sessions for read:user,repo,user:email,workflow...
2026-08-28 20:18:33.415 [info] Got 1 sessions for read:user,repo,user:email,workflow...
2026-08-28 20:18:34.080 [info] FetcherService: Electron fetch failed with status: 429 
2026-08-28 20:18:34.153 [info] Unable to resolve optional EDU details. Status: 429 
2026-08-28 20:18:35.076 [info] Getting sessions for all scopes...
2026-08-28 20:18:35.076 [info] Got 1 sessions for ...
2026-08-28 20:18:35.276 [info] Getting sessions for all scopes...
2026-08-28 20:18:35.276 [info] Got 1 sessions for ...
2026-08-28 20:18:35.286 [info] Getting sessions for all scopes...
2026-08-28 20:18:35.287 [info] Got 1 sessions for ...
2026-08-28 20:18:35.460 [info] Getting sessions for all scopes...
2026-08-28 20:18:35.461 [info] Got 1 sessions for ...
2026-08-28 20:18:35.596 [info] Getting sessions for read:user,repo,user:email,workflow...
2026-08-28 20:18:35.596 [info] Got 1 sessions for read:user,repo,user:email,workflow...
2026-08-28 20:18:36.181 [info] Getting sessions for all scopes...
2026-08-28 20:18:36.182 [info] Got 1 sessions for ...
2026-08-28 20:18:36.254 [info] Getting sessions for read:user,repo,user:email,workflow...
2026-08-28 20:18:36.254 [info] Got 1 sessions for read:user,repo,user:email,workflow...
2026-08-28 20:18:36.556 [info] Getting sessions for read:user,repo,user:email,workflow...
2026-08-28 20:18:36.556 [info] Got 1 sessions for read:user,repo,user:email,workflow...
2026-08-28 20:18:36.556 [info] Getting sessions for all scopes...
2026-08-28 20:18:36.557 [info] Got 1 sessions for ...
2026-08-28 20:18:36.559 [info] Getting sessions for all scopes...
2026-08-28 20:18:36.559 [info] Got 1 sessions for ...
2026-08-28 20:18:37.039 [info] Getting sessions for read:user,repo,user:email,workflow...
2026-08-28 20:18:37.039 [info] Got 1 sessions for read:user,repo,user:email,workflow...
2026-08-28 20:18:37.845 [info] Getting sessions for all scopes...
2026-08-28 20:18:37.845 [info] Got 1 sessions for ...
2026-08-28 20:18:38.120 [info] Getting sessions for all scopes...
2026-08-28 20:18:38.121 [info] Got 1 sessions for ...
2026-08-28 20:18:38.559 [info] Getting sessions for read:user,repo,user:email,workflow...
2026-08-28 20:18:38.559 [info] Got 1 sessions for read:user,repo,user:email,workflow...
2026-08-28 20:18:38.970 [info] Getting sessions for all scopes...
2026-08-28 20:18:38.970 [info] Got 1 sessions for ...
2026-08-28 20:18:39.435 [info] Getting sessions for all scopes...
2026-08-28 20:18:39.435 [info] Got 1 sessions for ...
2026-08-28 20:18:39.459 [info] Getting sessions for all scopes...
2026-08-28 20:18:39.459 [info] Got 1 sessions for ...
2026-08-28 20:18:39.478 [info] Getting sessions for read:user,repo,user:email,workflow...
2026-08-28 20:18:39.478 [info] Got 1 sessions for read:user,repo,user:email,workflow...
2026-08-28 20:18:39.582 [info] Getting sessions for read:user,user:email...
2026-08-28 20:18:39.582 [info] Got 0 sessions for read:user,user:email...
2026-08-28 20:18:39.631 [info] Getting sessions for all scopes...
2026-08-28 20:18:39.631 [info] Got 1 sessions for ...
2026-08-28 20:18:39.683 [info] Getting sessions for repo...
2026-08-28 20:18:39.683 [info] Got 0 sessions for repo...
2026-08-28 20:18:39.757 [info] Getting sessions for all scopes...
2026-08-28 20:18:39.757 [info] Got 1 sessions for ...
2026-08-28 20:18:39.864 [info] Getting sessions for read:user,user:email...
2026-08-28 20:18:39.865 [info] Got 0 sessions for read:user,user:email...
2026-08-28 20:18:39.945 [info] Getting sessions for all scopes...
2026-08-28 20:18:39.945 [info] Got 1 sessions for ...
2026-08-28 20:18:40.365 [info] Getting sessions for repo...
2026-08-28 20:18:40.365 [info] Got 0 sessions for repo...
2026-08-28 20:18:40.417 [info] Getting sessions for all scopes...
2026-08-28 20:18:40.417 [info] Got 1 sessions for ...
2026-08-28 20:18:44.051 [info] Getting sessions for all scopes...
2026-08-28 20:18:44.052 [info] Got 1 sessions for ...
2026-08-28 20:18:48.699 [info] Getting sessions for read:user,user:email...
2026-08-28 20:18:48.700 [info] Got 0 sessions for read:user,user:email...
2026-08-28 20:18:48.702 [info] Getting sessions for all scopes...
2026-08-28 20:18:48.702 [info] Got 1 sessions for ...
2026-08-28 20:18:48.706 [info] Getting sessions for repo...
2026-08-28 20:18:48.706 [info] Got 0 sessions for repo...
2026-08-28 20:18:48.707 [info] Getting sessions for all scopes...
2026-08-28 20:18:48.707 [info] Got 1 sessions for ...
2026-08-28 20:18:48.709 [info] Getting sessions for read:user,user:email...
2026-08-28 20:18:48.709 [info] Got 0 sessions for read:user,user:email...
2026-08-28 20:18:48.711 [info] Getting sessions for all scopes...
2026-08-28 20:18:48.711 [info] Got 1 sessions for ...
2026-08-28 20:18:48.713 [info] Getting sessions for repo...
2026-08-28 20:18:48.713 [info] Got 0 sessions for repo...
2026-08-28 20:18:48.715 [info] Getting sessions for all scopes...
2026-08-28 20:18:48.715 [info] Got 1 sessions for ...
2026-08-28 20:19:00.827 [info] Getting sessions for read:user,user:email...
2026-08-28 20:19:00.827 [info] Got 0 sessions for read:user,user:email...
2026-08-28 20:19:00.831 [info] Getting sessions for all scopes...
2026-08-28 20:19:00.831 [info] Got 1 sessions for ...
2026-08-28 20:19:00.836 [info] Getting sessions for repo...
2026-08-28 20:19:00.836 [info] Got 0 sessions for repo...
2026-08-28 20:19:00.839 [info] Getting sessions for all scopes...
2026-08-28 20:19:00.839 [info] Got 1 sessions for ...
2026-08-28 20:19:00.842 [info] Getting sessions for read:user,user:email...
2026-08-28 20:19:00.842 [info] Got 0 sessions for read:user,user:email...
2026-08-28 20:19:00.844 [info] Getting sessions for all scopes...
2026-08-28 20:19:00.844 [info] Got 1 sessions for ...
2026-08-28 20:19:00.852 [info] Getting sessions for repo...
2026-08-28 20:19:00.852 [info] Got 0 sessions for repo...
2026-08-28 20:19:00.854 [info] Getting sessions for all scopes...
2026-08-28 20:19:00.854 [info] Got 1 sessions for ...
2026-08-28 20:19:46.011 [info] Getting sessions for all scopes...
2026-08-28 20:19:46.011 [info] Got 1 sessions for ...
2026-08-28 20:19:46.029 [info] Getting sessions for all scopes...
2026-08-28 20:19:46.029 [info] Got 1 sessions for ...
2026-08-28 20:19:48.783 [info] Getting sessions for all scopes...
2026-08-28 20:19:48.783 [info] Got 1 sessions for ...
2026-08-28 20:19:48.787 [info] Getting sessions for read:user,repo,user:email,workflow...
2026-08-28 20:19:48.787 [info] Got 1 sessions for read:user,repo,user:email,workflow...
2026-08-28 20:19:49.125 [info] Getting sessions for all scopes...
2026-08-28 20:19:49.125 [info] Got 1 sessions for ...
2026-08-28 20:19:49.130 [info] Getting sessions for read:user,repo,user:email,workflow...
2026-08-28 20:19:49.130 [info] Got 1 sessions for read:user,repo,user:email,workflow...
2026-08-28 20:20:03.754 [info] Getting sessions for all scopes...
2026-08-28 20:20:03.754 [info] Got 1 sessions for ...
2026-08-28 20:20:03.757 [info] Getting sessions for all scopes...
2026-08-28 20:20:03.757 [info] Got 1 sessions for ...
2026-08-28 20:21:55.691 [info] Getting sessions for all scopes...
2026-08-28 20:21:55.692 [info] Got 1 sessions for ...
2026-08-28 20:21:55.693 [info] Getting sessions for all scopes...
2026-08-28 20:21:55.693 [info] Got 1 sessions for ...
2026-08-28 20:22:18.037 [info] Getting sessions for all scopes...
2026-08-28 20:22:18.037 [info] Got 1 sessions for ...
2026-08-28 20:22:18.114 [info] Getting sessions for all scopes...
2026-08-28 20:22:18.114 [info] Got 1 sessions for ...
2026-08-28 20:22:26.672 [info] Getting sessions for all scopes...
2026-08-28 20:22:26.672 [info] Got 1 sessions for ...
2026-08-28 20:22:26.673 [info] Getting sessions for all scopes...
2026-08-28 20:22:26.674 [info] Got 1 sessions for ...
2026-08-28 20:24:05.834 [info] Getting sessions for all scopes...
2026-08-28 20:24:05.835 [info] Got 1 sessions for ...
2026-08-28 20:24:05.895 [info] Getting sessions for all scopes...
2026-08-28 20:24:05.895 [info] Got 1 sessions for ...
2026-08-28 20:24:13.155 [info] Getting sessions for all scopes...
2026-08-28 20:24:13.155 [info] Got 1 sessions for ...
2026-08-28 20:24:13.157 [info] Getting sessions for all scopes...
2026-08-28 20:24:13.157 [info] Got 1 sessions for ...
2026-08-28 20:24:20.504 [info] Getting sessions for all scopes...
2026-08-28 20:24:20.504 [info] Got 1 sessions for ...
2026-08-28 20:24:20.899 [info] Getting sessions for all scopes...
2026-08-28 20:24:20.899 [info] Got 1 sessions for ...
2026-08-28 20:24:24.472 [info] Getting sessions for all scopes...
2026-08-28 20:24:24.472 [info] Got 1 sessions for ...
2026-08-28 20:24:24.479 [info] Getting sessions for all scopes...
2026-08-28 20:24:24.479 [info] Got 1 sessions for ...
2026-08-28 20:24:28.806 [info] Getting sessions for all scopes...
2026-08-28 20:24:28.806 [info] Got 1 sessions for ...
2026-08-28 20:24:28.811 [info] Getting sessions for all scopes...
2026-08-28 20:24:28.811 [info] Got 1 sessions for ...
2026-08-28 20:24:30.638 [info] Getting sessions for all scopes...
2026-08-28 20:24:30.638 [info] Got 1 sessions for ...
2026-08-28 20:24:30.642 [info] Getting sessions for all scopes...
2026-08-28 20:24:30.643 [info] Got 1 sessions for ...
2026-08-28 20:24:38.092 [info] Getting sessions for all scopes...
2026-08-28 20:24:38.093 [info] Got 1 sessions for ...
2026-08-28 20:24:38.094 [info] Getting sessions for all scopes...
2026-08-28 20:24:38.094 [info] Got 1 sessions for ...
2026-08-28 20:24:45.763 [info] Getting sessions for all scopes...
2026-08-28 20:24:45.771 [info] Got 1 sessions for ...
2026-08-28 20:24:45.773 [info] Getting sessions for all scopes...
2026-08-28 20:24:45.773 [info] Got 1 sessions for ...
2026-08-28 20:25:11.270 [info] Reading sessions from keychain...
2026-08-28 20:25:11.270 [info] Getting sessions for all scopes...
2026-08-28 20:25:11.270 [info] Got stored sessions!
2026-08-28 20:25:11.270 [info] Got 1 verified sessions.
2026-08-28 20:25:11.270 [info] Got 1 sessions for ...
2026-08-28 20:25:11.270 [info] Getting sessions for all scopes...
2026-08-28 20:25:11.270 [info] Got 1 sessions for ...
2026-08-28 20:25:11.270 [info] Getting sessions for all scopes...
2026-08-28 20:25:11.270 [info] Got 1 sessions for ...
2026-08-28 20:25:11.270 [info] Getting sessions for all scopes...
2026-08-28 20:25:11.270 [info] Got 1 sessions for ...
2026-08-28 20:25:11.270 [info] Getting sessions for read:user,user:email...
2026-08-28 20:25:11.270 [info] Got 0 sessions for read:user,user:email...
2026-08-28 20:25:11.270 [info] Getting sessions for all scopes...
2026-08-28 20:25:11.270 [info] Got 1 sessions for ...
2026-08-28 20:25:11.270 [info] Getting sessions for all scopes...
2026-08-28 20:25:11.271 [info] Got 1 sessions for ...
2026-08-28 20:25:11.271 [info] Getting sessions for all scopes...
2026-08-28 20:25:11.271 [info] Got 1 sessions for ...
2026-08-28 20:25:11.271 [info] Getting sessions for all scopes...
2026-08-28 20:25:11.271 [info] Got 1 sessions for ...
2026-08-28 20:25:11.271 [info] Getting sessions for repo...
2026-08-28 20:25:11.271 [info] Got 0 sessions for repo...
2026-08-28 20:25:11.271 [info] Getting sessions for all scopes...
2026-08-28 20:25:11.271 [info] Got 1 sessions for ...
2026-08-28 20:25:11.322 [info] Getting sessions for all scopes...
2026-08-28 20:25:11.322 [info] Got 1 sessions for ...
2026-08-28 20:25:11.349 [info] FetcherService: Electron fetch failed with status: 429 
2026-08-28 20:25:11.406 [info] Unable to resolve optional EDU details. Status: 429 
2026-08-28 20:25:11.567 [info] Getting sessions for read:user,repo,user:email,workflow...
2026-08-28 20:25:11.567 [info] Got 1 sessions for read:user,repo,user:email,workflow...
2026-08-28 20:25:11.570 [info] Getting sessions for read:user,user:email...
2026-08-28 20:25:11.570 [info] Got 0 sessions for read:user,user:email...
2026-08-28 20:25:12.451 [info] Getting sessions for all scopes...
2026-08-28 20:25:12.451 [info] Got 1 sessions for ...
2026-08-28 20:25:13.447 [info] Getting sessions for repo...
2026-08-28 20:25:13.447 [info] Got 0 sessions for repo...
2026-08-28 20:25:13.463 [info] Getting sessions for read:user,user:email...
2026-08-28 20:25:13.463 [info] Got 0 sessions for read:user,user:email...
2026-08-28 20:25:13.919 [info] Getting sessions for all scopes...
2026-08-28 20:25:13.919 [info] Got 1 sessions for ...
2026-08-28 20:25:13.922 [info] Getting sessions for all scopes...
2026-08-28 20:25:13.922 [info] Got 1 sessions for ...
2026-08-28 20:25:13.923 [info] Getting sessions for all scopes...
2026-08-28 20:25:13.923 [info] Got 1 sessions for ...
2026-08-28 20:25:13.927 [info] Getting sessions for all scopes...
2026-08-28 20:25:13.927 [info] Got 1 sessions for ...
2026-08-28 20:25:14.011 [info] Getting sessions for all scopes...
2026-08-28 20:25:14.011 [info] Got 1 sessions for ...
2026-08-28 20:25:14.016 [info] Getting sessions for repo...
2026-08-28 20:25:14.016 [info] Got 0 sessions for repo...
2026-08-28 20:25:14.018 [info] Getting sessions for all scopes...
2026-08-28 20:25:14.018 [info] Got 1 sessions for ...
2026-08-28 20:25:14.206 [info] Getting sessions for all scopes...
2026-08-28 20:25:14.206 [info] Got 1 sessions for ...
2026-08-28 20:25:14.216 [info] Getting sessions for all scopes...
2026-08-28 20:25:14.216 [info] Got 1 sessions for ...
2026-08-28 20:25:14.244 [info] Getting sessions for read:user,user:email...
2026-08-28 20:25:14.245 [info] Got 0 sessions for read:user,user:email...
2026-08-28 20:25:14.245 [info] Getting sessions for read:user,repo,user:email,workflow...
2026-08-28 20:25:14.245 [info] Got 1 sessions for read:user,repo,user:email,workflow...
2026-08-28 20:25:14.255 [info] Getting sessions for all scopes...
2026-08-28 20:25:14.255 [info] Got 1 sessions for ...
2026-08-28 20:25:14.262 [info] Getting sessions for repo...
2026-08-28 20:25:14.262 [info] Got 0 sessions for repo...
2026-08-28 20:25:14.269 [info] Getting sessions for all scopes...
2026-08-28 20:25:14.269 [info] Got 1 sessions for ...
2026-08-28 20:25:14.282 [info] Getting sessions for all scopes...
2026-08-28 20:25:14.283 [info] Got 1 sessions for ...
2026-08-28 20:25:14.289 [info] Getting sessions for read:user,repo,user:email,workflow...
2026-08-28 20:25:14.289 [info] Got 1 sessions for read:user,repo,user:email,workflow...
2026-08-28 20:25:14.813 [info] Getting sessions for all scopes...
2026-08-28 20:25:14.813 [info] Got 1 sessions for ...
2026-08-28 20:25:14.814 [info] Getting sessions for all scopes...
2026-08-28 20:25:14.814 [info] Got 1 sessions for ...
2026-08-28 20:25:14.971 [info] Getting sessions for read:user,repo,user:email,workflow...
2026-08-28 20:25:14.972 [info] Got 1 sessions for read:user,repo,user:email,workflow...
2026-08-28 20:25:15.520 [info] Getting sessions for all scopes...
2026-08-28 20:25:15.520 [info] Got 1 sessions for ...
2026-08-28 20:25:15.579 [info] Getting sessions for read:user,repo,user:email,workflow...
2026-08-28 20:25:15.579 [info] Got 1 sessions for read:user,repo,user:email,workflow...
2026-08-28 20:25:16.183 [info] Getting sessions for all scopes...
2026-08-28 20:25:16.183 [info] Got 1 sessions for ...
2026-08-28 20:25:16.213 [info] Getting sessions for read:user,repo,user:email,workflow...
2026-08-28 20:25:16.213 [info] Got 1 sessions for read:user,repo,user:email,workflow...
2026-08-28 20:25:17.112 [info] Getting sessions for read:user,user:email...
2026-08-28 20:25:17.112 [info] Got 0 sessions for read:user,user:email...
2026-08-28 20:25:17.114 [info] Getting sessions for read:user,user:email...
2026-08-28 20:25:17.114 [info] Got 0 sessions for read:user,user:email...
2026-08-28 20:25:17.180 [info] Getting sessions for all scopes...
2026-08-28 20:25:17.180 [info] Got 1 sessions for ...
2026-08-28 20:25:17.470 [info] Getting sessions for all scopes...
2026-08-28 20:25:17.470 [info] Got 1 sessions for ...
2026-08-28 20:25:17.519 [info] Getting sessions for repo...
2026-08-28 20:25:17.519 [info] Got 0 sessions for repo...
2026-08-28 20:25:17.601 [info] Getting sessions for repo...
2026-08-28 20:25:17.601 [info] Got 0 sessions for repo...
2026-08-28 20:25:17.601 [info] Getting sessions for all scopes...
2026-08-28 20:25:17.601 [info] Got 1 sessions for ...
2026-08-28 20:25:17.676 [info] Getting sessions for all scopes...
2026-08-28 20:25:17.676 [info] Got 1 sessions for ...
2026-08-28 20:25:17.677 [info] Getting sessions for read:user,user:email...
2026-08-28 20:25:17.677 [info] Got 0 sessions for read:user,user:email...
2026-08-28 20:25:17.682 [info] Getting sessions for read:user,repo,user:email,workflow...
2026-08-28 20:25:17.682 [info] Got 1 sessions for read:user,repo,user:email,workflow...
2026-08-28 20:25:17.735 [info] Getting sessions for read:user,user:email...
2026-08-28 20:25:17.735 [info] Got 0 sessions for read:user,user:email...
2026-08-28 20:25:17.736 [info] Getting sessions for all scopes...
2026-08-28 20:25:17.736 [info] Got 1 sessions for ...
2026-08-28 20:25:17.823 [info] Getting sessions for all scopes...
2026-08-28 20:25:17.823 [info] Got 1 sessions for ...
2026-08-28 20:25:17.824 [info] Getting sessions for repo...
2026-08-28 20:25:17.824 [info] Got 0 sessions for repo...
2026-08-28 20:25:18.231 [info] Getting sessions for repo...
2026-08-28 20:25:18.231 [info] Got 0 sessions for repo...
2026-08-28 20:25:18.231 [info] Getting sessions for all scopes...
2026-08-28 20:25:18.231 [info] Got 1 sessions for ...
2026-08-28 20:25:18.249 [info] Getting sessions for all scopes...
2026-08-28 20:25:18.249 [info] Got 1 sessions for ...
2026-08-28 20:25:20.346 [info] Getting sessions for all scopes...
2026-08-28 20:25:20.346 [info] Got 1 sessions for ...
2026-08-28 20:25:20.416 [info] Getting sessions for all scopes...
2026-08-28 20:25:20.417 [info] Got 1 sessions for ...
2026-08-28 20:25:20.464 [info] Getting sessions for read:user,repo,user:email,workflow...
2026-08-28 20:25:20.465 [info] Got 1 sessions for read:user,repo,user:email,workflow...
2026-08-28 20:25:20.711 [info] Getting sessions for all scopes...
2026-08-28 20:25:20.711 [info] Got 1 sessions for ...
2026-08-28 20:25:20.716 [info] Getting sessions for read:user,repo,user:email,workflow...
2026-08-28 20:25:20.716 [info] Got 1 sessions for read:user,repo,user:email,workflow...
2026-08-28 20:25:20.792 [info] Getting sessions for all scopes...
2026-08-28 20:25:20.793 [info] Got 1 sessions for ...
2026-08-28 20:25:20.800 [info] Getting sessions for read:user,repo,user:email,workflow...
2026-08-28 20:25:20.800 [info] Got 1 sessions for read:user,repo,user:email,workflow...
2026-08-28 20:26:32.545 [info] Getting sessions for all scopes...
2026-08-28 20:26:32.545 [info] Got 1 sessions for ...
2026-08-28 20:26:32.644 [info] Getting sessions for all scopes...
2026-08-28 20:26:32.644 [info] Got 1 sessions for ...
2026-08-28 20:26:33.011 [info] Getting sessions for all scopes...
2026-08-28 20:26:33.011 [info] Got 1 sessions for ...
2026-08-28 20:26:33.022 [info] Getting sessions for read:user,repo,user:email,workflow...
2026-08-28 20:26:33.022 [info] Got 1 sessions for read:user,repo,user:email,workflow...
2026-08-28 20:26:33.508 [info] Getting sessions for all scopes...
2026-08-28 20:26:33.508 [info] Got 1 sessions for ...
2026-08-28 20:26:33.525 [info] Getting sessions for read:user,repo,user:email,workflow...
2026-08-28 20:26:33.526 [info] Got 1 sessions for read:user,repo,user:email,workflow...
2026-08-28 20:26:39.333 [info] Getting sessions for all scopes...
2026-08-28 20:26:39.333 [info] Got 1 sessions for ...
2026-08-28 20:26:39.381 [info] Getting sessions for all scopes...
2026-08-28 20:26:39.381 [info] Got 1 sessions for ...
2026-08-28 20:26:45.475 [info] Getting sessions for all scopes...
2026-08-28 20:26:45.475 [info] Got 1 sessions for ...
2026-08-28 20:26:45.478 [info] Getting sessions for all scopes...
2026-08-28 20:26:45.478 [info] Got 1 sessions for ...
2026-08-28 20:26:47.197 [info] Getting sessions for all scopes...
2026-08-28 20:26:47.197 [info] Got 1 sessions for ...
2026-08-28 20:26:47.200 [info] Getting sessions for all scopes...
2026-08-28 20:26:47.201 [info] Got 1 sessions for ...
2026-08-28 20:27:33.127 [info] Getting sessions for all scopes...
2026-08-28 20:27:33.127 [info] Got 1 sessions for ...
2026-08-28 20:27:33.175 [info] Getting sessions for all scopes...
2026-08-28 20:27:33.176 [info] Got 1 sessions for ...
2026-08-28 20:27:41.077 [info] Getting sessions for all scopes...
2026-08-28 20:27:41.077 [info] Got 1 sessions for ...
2026-08-28 20:27:41.083 [info] Getting sessions for all scopes...
2026-08-28 20:27:41.083 [info] Got 1 sessions for ...
2026-08-28 20:28:47.015 [info] Getting sessions for all scopes...
2026-08-28 20:28:47.015 [info] Got 1 sessions for ...
2026-08-28 20:28:47.021 [info] Getting sessions for all scopes...
2026-08-28 20:28:47.021 [info] Got 1 sessions for ...
2026-08-28 20:28:49.731 [info] Getting sessions for all scopes...
2026-08-28 20:28:49.732 [info] Got 1 sessions for ...
2026-08-28 20:28:49.832 [info] Getting sessions for all scopes...
2026-08-28 20:28:49.832 [info] Got 1 sessions for ...
2026-08-28 20:29:36.997 [info] Getting sessions for all scopes...
2026-08-28 20:29:36.997 [info] Got 1 sessions for ...
2026-08-28 20:29:37.103 [info] Getting sessions for all scopes...
2026-08-28 20:29:37.103 [info] Got 1 sessions for ...
2026-08-28 20:29:41.624 [info] Getting sessions for all scopes...
2026-08-28 20:29:41.625 [info] Got 1 sessions for ...
2026-08-28 20:29:41.661 [info] Getting sessions for all scopes...
2026-08-28 20:29:41.661 [info] Got 1 sessions for ...
2026-08-28 20:29:51.346 [info] Getting sessions for all scopes...
2026-08-28 20:29:51.346 [info] Got 1 sessions for ...
2026-08-28 20:29:51.392 [info] Getting sessions for all scopes...
2026-08-28 20:29:51.392 [info] Got 1 sessions for ...
