2026-08-28 17:10:11.479 [info] Reading sessions from keychain...
2026-08-28 17:10:11.479 [info] Getting sessions for all scopes...
2026-08-28 17:10:12.126 [info] Got 0 sessions for ...
2026-08-28 17:10:12.228 [info] Getting sessions for all scopes...
2026-08-28 17:10:12.228 [info] Got 0 sessions for ...
2026-08-28 17:10:13.018 [info] Getting sessions for read:user,user:email...
2026-08-28 17:10:13.018 [info] Got 0 sessions for read:user,user:email...
2026-08-28 17:10:13.188 [info] Getting sessions for all scopes...
2026-08-28 17:10:13.188 [info] Got 0 sessions for ...
2026-08-28 17:10:13.690 [info] Getting sessions for repo...
2026-08-28 17:10:13.690 [info] Got 0 sessions for repo...
2026-08-28 17:10:13.791 [info] Getting sessions for all scopes...
2026-08-28 17:10:13.791 [info] Got 0 sessions for ...
2026-08-28 17:10:13.993 [info] Getting sessions for read:user,user:email...
2026-08-28 17:10:13.993 [info] Got 0 sessions for read:user,user:email...
2026-08-28 17:10:13.997 [info] Getting sessions for read:user,user:email...
2026-08-28 17:10:13.997 [info] Got 0 sessions for read:user,user:email...
2026-08-28 17:10:14.000 [info] Getting sessions for read:user,user:email...
2026-08-28 17:10:14.001 [info] Got 0 sessions for read:user,user:email...
2026-08-28 17:10:14.003 [info] Getting sessions for read:user,user:email...
2026-08-28 17:10:14.004 [info] Got 0 sessions for read:user,user:email...
2026-08-28 17:10:14.006 [info] Getting sessions for read:user,user:email...
2026-08-28 17:10:14.006 [info] Got 0 sessions for read:user,user:email...
2026-08-28 17:10:14.009 [info] Getting sessions for read:user,user:email...
2026-08-28 17:10:14.009 [info] Got 0 sessions for read:user,user:email...
2026-08-28 17:10:14.011 [info] Getting sessions for read:user,user:email...
2026-08-28 17:10:14.011 [info] Got 0 sessions for read:user,user:email...
2026-08-28 17:10:14.013 [info] Getting sessions for read:user,user:email...
2026-08-28 17:10:14.013 [info] Got 0 sessions for read:user,user:email...
2026-08-28 17:10:14.016 [info] Getting sessions for read:user,user:email...
2026-08-28 17:10:14.016 [info] Got 0 sessions for read:user,user:email...
2026-08-28 17:10:14.019 [info] Getting sessions for read:user,user:email...
2026-08-28 17:10:14.019 [info] Got 0 sessions for read:user,user:email...
2026-08-28 17:10:14.050 [info] Getting sessions for all scopes...
2026-08-28 17:10:14.050 [info] Got 0 sessions for ...
2026-08-28 17:10:14.051 [info] Getting sessions for all scopes...
2026-08-28 17:10:14.051 [info] Got 0 sessions for ...
2026-08-28 17:10:14.052 [info] Getting sessions for all scopes...
2026-08-28 17:10:14.052 [info] Got 0 sessions for ...
2026-08-28 17:10:14.052 [info] Getting sessions for all scopes...
2026-08-28 17:10:14.052 [info] Got 0 sessions for ...
2026-08-28 17:10:14.053 [info] Getting sessions for all scopes...
2026-08-28 17:10:14.053 [info] Got 0 sessions for ...
2026-08-28 17:10:14.054 [info] Getting sessions for all scopes...
2026-08-28 17:10:14.054 [info] Got 0 sessions for ...
2026-08-28 17:10:14.055 [info] Getting sessions for all scopes...
2026-08-28 17:10:14.055 [info] Got 0 sessions for ...
2026-08-28 17:10:14.055 [info] Getting sessions for all scopes...
2026-08-28 17:10:14.055 [info] Got 0 sessions for ...
2026-08-28 17:10:14.056 [info] Getting sessions for all scopes...
2026-08-28 17:10:14.056 [info] Got 0 sessions for ...
2026-08-28 17:10:14.057 [info] Getting sessions for all scopes...
2026-08-28 17:10:14.057 [info] Got 0 sessions for ...
2026-08-28 17:10:14.060 [info] Getting sessions for repo...
2026-08-28 17:10:14.060 [info] Got 0 sessions for repo...
2026-08-28 17:10:14.062 [info] Getting sessions for repo...
2026-08-28 17:10:14.062 [info] Got 0 sessions for repo...
2026-08-28 17:10:14.063 [info] Getting sessions for repo...
2026-08-28 17:10:14.063 [info] Got 0 sessions for repo...
2026-08-28 17:10:14.065 [info] Getting sessions for repo...
2026-08-28 17:10:14.065 [info] Got 0 sessions for repo...
2026-08-28 17:10:14.066 [info] Getting sessions for repo...
2026-08-28 17:10:14.066 [info] Got 0 sessions for repo...
2026-08-28 17:10:14.068 [info] Getting sessions for repo...
2026-08-28 17:10:14.068 [info] Got 0 sessions for repo...
2026-08-28 17:10:14.069 [info] Getting sessions for repo...
2026-08-28 17:10:14.070 [info] Got 0 sessions for repo...
2026-08-28 17:10:14.072 [info] Getting sessions for repo...
2026-08-28 17:10:14.072 [info] Got 0 sessions for repo...
2026-08-28 17:10:14.117 [info] Getting sessions for repo...
2026-08-28 17:10:14.117 [info] Got 0 sessions for repo...
2026-08-28 17:10:14.117 [info] Getting sessions for repo...
2026-08-28 17:10:14.117 [info] Got 0 sessions for repo...
2026-08-28 17:10:14.118 [info] Getting sessions for all scopes...
2026-08-28 17:10:14.118 [info] Got 0 sessions for ...
2026-08-28 17:10:14.119 [info] Getting sessions for all scopes...
2026-08-28 17:10:14.119 [info] Got 0 sessions for ...
2026-08-28 17:10:14.119 [info] Getting sessions for all scopes...
2026-08-28 17:10:14.119 [info] Got 0 sessions for ...
2026-08-28 17:10:14.120 [info] Getting sessions for all scopes...
2026-08-28 17:10:14.120 [info] Got 0 sessions for ...
2026-08-28 17:10:14.121 [info] Getting sessions for all scopes...
2026-08-28 17:10:14.121 [info] Got 0 sessions for ...
2026-08-28 17:10:14.122 [info] Getting sessions for all scopes...
2026-08-28 17:10:14.123 [info] Got 0 sessions for ...
2026-08-28 17:10:14.123 [info] Getting sessions for all scopes...
2026-08-28 17:10:14.123 [info] Got 0 sessions for ...
2026-08-28 17:10:14.139 [info] Getting sessions for all scopes...
2026-08-28 17:10:14.139 [info] Got 0 sessions for ...
2026-08-28 17:10:14.162 [info] Getting sessions for all scopes...
2026-08-28 17:10:14.162 [info] Got 0 sessions for ...
2026-08-28 17:10:14.163 [info] Getting sessions for all scopes...
2026-08-28 17:10:14.163 [info] Got 0 sessions for ...
2026-08-28 17:10:16.796 [info] Getting sessions for all scopes...
2026-08-28 17:10:16.796 [info] Got 0 sessions for ...
2026-08-28 17:17:42.035 [info] Reading sessions from keychain...
2026-08-28 17:17:42.036 [info] Getting sessions for all scopes...
2026-08-28 17:17:42.275 [info] Got 0 sessions for ...
2026-08-28 17:17:42.945 [info] Getting sessions for all scopes...
2026-08-28 17:17:42.945 [info] Got 0 sessions for ...
2026-08-28 17:17:46.061 [info] Getting sessions for read:user,user:email...
2026-08-28 17:17:46.061 [info] Got 0 sessions for read:user,user:email...
2026-08-28 17:17:46.080 [info] Getting sessions for read:user,repo,user:email,workflow...
2026-08-28 17:17:46.080 [info] Got 0 sessions for read:user,repo,user:email,workflow...
2026-08-28 17:17:46.082 [info] Getting sessions for all scopes...
2026-08-28 17:17:46.082 [info] Got 0 sessions for ...
2026-08-28 17:17:46.124 [info] Getting sessions for repo...
2026-08-28 17:17:46.124 [info] Got 0 sessions for repo...
2026-08-28 17:17:46.438 [info] Getting sessions for all scopes...
2026-08-28 17:17:46.438 [info] Got 0 sessions for ...
2026-08-28 17:17:46.893 [info] Getting sessions for read:user,repo,user:email,workflow...
2026-08-28 17:17:46.893 [info] Got 0 sessions for read:user,repo,user:email,workflow...
2026-08-28 17:17:51.135 [info] Getting sessions for all scopes...
2026-08-28 17:17:51.136 [info] Got 0 sessions for ...
