2026-08-28 20:19:01.682 [info] Reading sessions from keychain...
2026-08-28 20:19:01.682 [info] Getting sessions for all scopes...
2026-08-28 20:19:01.682 [info] Got stored sessions!
2026-08-28 20:19:01.682 [info] Got 1 verified sessions.
2026-08-28 20:19:01.682 [info] Got 1 sessions for ...
2026-08-28 20:19:01.682 [info] Getting sessions for all scopes...
2026-08-28 20:19:01.682 [info] Got 1 sessions for ...
2026-08-28 20:19:01.682 [info] Getting sessions for all scopes...
2026-08-28 20:19:01.682 [info] Got 1 sessions for ...
2026-08-28 20:19:01.682 [info] Getting sessions for all scopes...
2026-08-28 20:19:01.682 [info] Got 1 sessions for ...
2026-08-28 20:19:01.682 [info] Getting sessions for all scopes...
2026-08-28 20:19:01.682 [info] Got 1 sessions for ...
2026-08-28 20:19:01.682 [info] Getting sessions for all scopes...
2026-08-28 20:19:01.682 [info] Got 1 sessions for ...
2026-08-28 20:19:01.682 [info] Getting sessions for all scopes...
2026-08-28 20:19:01.682 [info] Got 1 sessions for ...
2026-08-28 20:19:01.682 [info] Getting sessions for read:user,user:email...
2026-08-28 20:19:01.682 [info] Got 0 sessions for read:user,user:email...
2026-08-28 20:19:01.682 [info] Getting sessions for all scopes...
2026-08-28 20:19:01.682 [info] Got 1 sessions for ...
2026-08-28 20:19:01.682 [info] Getting sessions for read:user,user:email...
2026-08-28 20:19:01.682 [info] Got 0 sessions for read:user,user:email...
2026-08-28 20:19:01.682 [info] Getting sessions for all scopes...
2026-08-28 20:19:01.682 [info] Got 1 sessions for ...
2026-08-28 20:19:01.682 [info] FetcherService: Electron fetch failed with status: 429 
2026-08-28 20:19:01.682 [info] Unable to resolve optional EDU details. Status: 429 
2026-08-28 20:19:01.682 [info] Getting sessions for read:user,repo,user:email,workflow...
2026-08-28 20:19:01.682 [info] Got 1 sessions for read:user,repo,user:email,workflow...
2026-08-28 20:19:01.682 [info] Getting sessions for all scopes...
2026-08-28 20:19:01.682 [info] Got 1 sessions for ...
2026-08-28 20:19:01.789 [info] Getting sessions for repo...
2026-08-28 20:19:01.789 [info] Got 0 sessions for repo...
2026-08-28 20:19:01.789 [info] Getting sessions for repo...
2026-08-28 20:19:01.789 [info] Got 0 sessions for repo...
2026-08-28 20:19:03.713 [info] Getting sessions for all scopes...
2026-08-28 20:19:03.713 [info] Got 1 sessions for ...
2026-08-28 20:19:03.713 [info] Getting sessions for all scopes...
2026-08-28 20:19:03.713 [info] Got 1 sessions for ...
2026-08-28 20:19:04.359 [info] Getting sessions for read:user,user:email...
2026-08-28 20:19:04.359 [info] Got 0 sessions for read:user,user:email...
2026-08-28 20:19:04.359 [info] Getting sessions for read:user,user:email...
2026-08-28 20:19:04.359 [info] Got 0 sessions for read:user,user:email...
2026-08-28 20:19:04.373 [info] Getting sessions for all scopes...
2026-08-28 20:19:04.373 [info] Got 1 sessions for ...
2026-08-28 20:19:04.670 [info] Getting sessions for all scopes...
2026-08-28 20:19:04.670 [info] Got 1 sessions for ...
2026-08-28 20:19:04.688 [info] Getting sessions for all scopes...
2026-08-28 20:19:04.688 [info] Got 1 sessions for ...
2026-08-28 20:19:04.726 [info] Getting sessions for all scopes...
2026-08-28 20:19:04.726 [info] Got 1 sessions for ...
2026-08-28 20:19:04.729 [info] Getting sessions for all scopes...
2026-08-28 20:19:04.729 [info] Got 1 sessions for ...
2026-08-28 20:19:04.820 [info] Getting sessions for repo...
2026-08-28 20:19:04.820 [info] Got 0 sessions for repo...
2026-08-28 20:19:04.821 [info] Getting sessions for all scopes...
2026-08-28 20:19:04.822 [info] Got 1 sessions for ...
2026-08-28 20:19:04.992 [info] Getting sessions for repo...
2026-08-28 20:19:04.992 [info] Got 0 sessions for repo...
2026-08-28 20:19:05.072 [info] Getting sessions for all scopes...
2026-08-28 20:19:05.072 [info] Got 1 sessions for ...
2026-08-28 20:19:05.113 [info] Getting sessions for all scopes...
2026-08-28 20:19:05.113 [info] Got 1 sessions for ...
2026-08-28 20:19:05.115 [info] Getting sessions for read:user,repo,user:email,workflow...
2026-08-28 20:19:05.115 [info] Got 1 sessions for read:user,repo,user:email,workflow...
2026-08-28 20:19:05.602 [info] Getting sessions for all scopes...
2026-08-28 20:19:05.602 [info] Got 1 sessions for ...
2026-08-28 20:19:05.620 [info] Getting sessions for all scopes...
2026-08-28 20:19:05.620 [info] Got 1 sessions for ...
2026-08-28 20:19:05.621 [info] Getting sessions for read:user,repo,user:email,workflow...
2026-08-28 20:19:05.621 [info] Got 1 sessions for read:user,repo,user:email,workflow...
2026-08-28 20:19:06.052 [info] Getting sessions for all scopes...
2026-08-28 20:19:06.053 [info] Got 1 sessions for ...
2026-08-28 20:19:06.081 [info] Getting sessions for all scopes...
2026-08-28 20:19:06.082 [info] Got 1 sessions for ...
2026-08-28 20:19:06.124 [info] Getting sessions for read:user,repo,user:email,workflow...
2026-08-28 20:19:06.124 [info] Got 1 sessions for read:user,repo,user:email,workflow...
2026-08-28 20:19:06.977 [info] Getting sessions for all scopes...
2026-08-28 20:19:06.977 [info] Got 1 sessions for ...
2026-08-28 20:19:07.244 [info] Getting sessions for read:user,repo,user:email,workflow...
2026-08-28 20:19:07.244 [info] Got 1 sessions for read:user,repo,user:email,workflow...
2026-08-28 20:19:08.124 [info] Getting sessions for all scopes...
2026-08-28 20:19:08.124 [info] Got 1 sessions for ...
2026-08-28 20:19:08.161 [info] Getting sessions for read:user,repo,user:email,workflow...
2026-08-28 20:19:08.161 [info] Got 1 sessions for read:user,repo,user:email,workflow...
2026-08-28 20:19:08.396 [info] Getting sessions for read:user,user:email...
2026-08-28 20:19:08.396 [info] Got 0 sessions for read:user,user:email...
2026-08-28 20:19:08.396 [info] Getting sessions for read:user,user:email...
2026-08-28 20:19:08.396 [info] Got 0 sessions for read:user,user:email...
2026-08-28 20:19:08.421 [info] Getting sessions for all scopes...
2026-08-28 20:19:08.421 [info] Got 1 sessions for ...
2026-08-28 20:19:08.422 [info] Getting sessions for all scopes...
2026-08-28 20:19:08.422 [info] Got 1 sessions for ...
2026-08-28 20:19:08.456 [info] Getting sessions for repo...
2026-08-28 20:19:08.456 [info] Got 0 sessions for repo...
2026-08-28 20:19:08.457 [info] Getting sessions for repo...
2026-08-28 20:19:08.457 [info] Got 0 sessions for repo...
2026-08-28 20:19:08.485 [info] Getting sessions for all scopes...
2026-08-28 20:19:08.485 [info] Got 1 sessions for ...
2026-08-28 20:19:08.486 [info] Getting sessions for all scopes...
2026-08-28 20:19:08.486 [info] Got 1 sessions for ...
2026-08-28 20:19:08.592 [info] Getting sessions for read:user,user:email...
2026-08-28 20:19:08.592 [info] Got 0 sessions for read:user,user:email...
2026-08-28 20:19:08.593 [info] Getting sessions for read:user,user:email...
2026-08-28 20:19:08.593 [info] Got 0 sessions for read:user,user:email...
2026-08-28 20:19:08.613 [info] Getting sessions for all scopes...
2026-08-28 20:19:08.613 [info] Got 1 sessions for ...
2026-08-28 20:19:08.613 [info] Getting sessions for all scopes...
2026-08-28 20:19:08.614 [info] Got 1 sessions for ...
2026-08-28 20:19:08.635 [info] Getting sessions for repo...
2026-08-28 20:19:08.635 [info] Got 0 sessions for repo...
2026-08-28 20:19:08.636 [info] Getting sessions for repo...
2026-08-28 20:19:08.637 [info] Got 0 sessions for repo...
2026-08-28 20:19:08.659 [info] Getting sessions for all scopes...
2026-08-28 20:19:08.659 [info] Got 1 sessions for ...
2026-08-28 20:19:08.660 [info] Getting sessions for all scopes...
2026-08-28 20:19:08.660 [info] Got 1 sessions for ...
2026-08-28 20:19:09.778 [info] Getting sessions for all scopes...
2026-08-28 20:19:09.778 [info] Got 1 sessions for ...
2026-08-28 20:19:18.893 [info] Getting sessions for all scopes...
2026-08-28 20:19:18.893 [info] Got 1 sessions for ...
2026-08-28 20:19:19.500 [info] Getting sessions for all scopes...
2026-08-28 20:19:19.500 [info] Got 1 sessions for ...
2026-08-28 20:19:31.360 [info] Getting sessions for all scopes...
2026-08-28 20:19:31.360 [info] Got 1 sessions for ...
2026-08-28 20:19:31.362 [info] Getting sessions for all scopes...
2026-08-28 20:19:31.362 [info] Got 1 sessions for ...
2026-08-28 20:19:42.391 [info] Getting sessions for all scopes...
2026-08-28 20:19:42.391 [info] Got 1 sessions for ...
2026-08-28 20:19:42.393 [info] Getting sessions for all scopes...
2026-08-28 20:19:42.393 [info] Got 1 sessions for ...
