2026-08-30 16:27:50.730 [info] Reading sessions from keychain...
2026-08-30 16:27:50.730 [info] Getting sessions for all scopes...
2026-08-30 16:27:50.730 [info] Got stored sessions!
2026-08-30 16:27:50.730 [info] Got 1 verified sessions.
2026-08-30 16:27:50.730 [info] Got 1 sessions for ...
2026-08-30 16:27:50.730 [info] Getting sessions for all scopes...
2026-08-30 16:27:50.730 [info] Got 1 sessions for ...
2026-08-30 16:27:50.730 [info] Getting sessions for all scopes...
2026-08-30 16:27:50.730 [info] Got 1 sessions for ...
2026-08-30 16:27:50.730 [info] Getting sessions for all scopes...
2026-08-30 16:27:50.730 [info] Got 1 sessions for ...
2026-08-30 16:27:50.730 [info] Getting sessions for read:user,user:email...
2026-08-30 16:27:50.730 [info] Got 0 sessions for read:user,user:email...
2026-08-30 16:27:50.730 [info] Getting sessions for all scopes...
2026-08-30 16:27:50.730 [info] Got 1 sessions for ...
2026-08-30 16:27:50.730 [info] Getting sessions for all scopes...
2026-08-30 16:27:50.730 [info] Got 1 sessions for ...
2026-08-30 16:27:50.730 [info] Getting sessions for all scopes...
2026-08-30 16:27:50.730 [info] Got 1 sessions for ...
2026-08-30 16:27:50.730 [info] Getting sessions for all scopes...
2026-08-30 16:27:50.731 [info] Got 1 sessions for ...
2026-08-30 16:27:50.731 [info] Getting sessions for all scopes...
2026-08-30 16:27:50.731 [info] Got 1 sessions for ...
2026-08-30 16:27:50.731 [info] FetcherService: Electron fetch failed with status: 429 
2026-08-30 16:27:50.731 [info] Unable to resolve optional EDU details. Status: 429 
2026-08-30 16:27:50.731 [info] Getting sessions for read:user,repo,user:email,workflow...
2026-08-30 16:27:50.731 [info] Got 1 sessions for read:user,repo,user:email,workflow...
2026-08-30 16:27:52.879 [info] Getting sessions for repo...
2026-08-30 16:27:52.879 [info] Got 0 sessions for repo...
2026-08-30 16:27:53.296 [info] Getting sessions for all scopes...
2026-08-30 16:27:53.296 [info] Got 1 sessions for ...
2026-08-30 16:27:53.299 [info] Getting sessions for all scopes...
2026-08-30 16:27:53.299 [info] Got 1 sessions for ...
2026-08-30 16:27:53.453 [info] Getting sessions for read:user,user:email...
2026-08-30 16:27:53.454 [info] Got 0 sessions for read:user,user:email...
2026-08-30 16:27:53.475 [info] Getting sessions for all scopes...
2026-08-30 16:27:53.475 [info] Got 1 sessions for ...
2026-08-30 16:27:53.547 [info] Getting sessions for read:user,user:email...
2026-08-30 16:27:53.547 [info] Got 0 sessions for read:user,user:email...
2026-08-30 16:27:53.728 [info] Getting sessions for all scopes...
2026-08-30 16:27:53.728 [info] Got 1 sessions for ...
2026-08-30 16:27:53.808 [info] Getting sessions for all scopes...
2026-08-30 16:27:53.808 [info] Got 1 sessions for ...
2026-08-30 16:27:53.859 [info] Getting sessions for repo...
2026-08-30 16:27:53.859 [info] Got 0 sessions for repo...
2026-08-30 16:27:53.859 [info] Getting sessions for read:user,repo,user:email,workflow...
2026-08-30 16:27:53.859 [info] Got 1 sessions for read:user,repo,user:email,workflow...
2026-08-30 16:27:54.057 [info] Getting sessions for repo...
2026-08-30 16:27:54.057 [info] Got 0 sessions for repo...
2026-08-30 16:27:54.063 [info] Getting sessions for all scopes...
2026-08-30 16:27:54.064 [info] Got 1 sessions for ...
2026-08-30 16:27:54.125 [info] Getting sessions for all scopes...
2026-08-30 16:27:54.125 [info] Got 1 sessions for ...
2026-08-30 16:27:54.128 [info] Getting sessions for read:user,user:email...
2026-08-30 16:27:54.128 [info] Got 0 sessions for read:user,user:email...
2026-08-30 16:27:54.340 [info] Getting sessions for all scopes...
2026-08-30 16:27:54.340 [info] Got 1 sessions for ...
2026-08-30 16:27:54.505 [info] Getting sessions for repo...
2026-08-30 16:27:54.505 [info] Got 0 sessions for repo...
2026-08-30 16:27:54.618 [info] Getting sessions for all scopes...
2026-08-30 16:27:54.618 [info] Got 1 sessions for ...
2026-08-30 16:27:54.620 [info] Getting sessions for all scopes...
2026-08-30 16:27:54.620 [info] Got 1 sessions for ...
2026-08-30 16:27:54.640 [info] Getting sessions for all scopes...
2026-08-30 16:27:54.640 [info] Got 1 sessions for ...
2026-08-30 16:27:54.711 [info] Getting sessions for read:user,repo,user:email,workflow...
2026-08-30 16:27:54.712 [info] Got 1 sessions for read:user,repo,user:email,workflow...
2026-08-30 16:27:54.799 [info] Getting sessions for all scopes...
2026-08-30 16:27:54.799 [info] Got 1 sessions for ...
2026-08-30 16:27:54.808 [info] Getting sessions for all scopes...
2026-08-30 16:27:54.808 [info] Got 1 sessions for ...
2026-08-30 16:27:54.971 [info] Getting sessions for read:user,user:email...
2026-08-30 16:27:54.971 [info] Got 0 sessions for read:user,user:email...
2026-08-30 16:27:55.003 [info] Getting sessions for all scopes...
2026-08-30 16:27:55.003 [info] Got 1 sessions for ...
2026-08-30 16:27:55.011 [info] Getting sessions for repo...
2026-08-30 16:27:55.011 [info] Got 0 sessions for repo...
2026-08-30 16:27:55.102 [info] Getting sessions for all scopes...
2026-08-30 16:27:55.102 [info] Got 1 sessions for ...
2026-08-30 16:27:55.111 [info] Getting sessions for read:user,user:email...
2026-08-30 16:27:55.111 [info] Got 0 sessions for read:user,user:email...
2026-08-30 16:27:55.245 [info] Getting sessions for all scopes...
2026-08-30 16:27:55.245 [info] Got 1 sessions for ...
2026-08-30 16:27:55.419 [info] Getting sessions for repo...
2026-08-30 16:27:55.419 [info] Got 0 sessions for repo...
2026-08-30 16:27:55.419 [info] Getting sessions for all scopes...
2026-08-30 16:27:55.419 [info] Got 1 sessions for ...
2026-08-30 16:27:55.420 [info] Getting sessions for all scopes...
2026-08-30 16:27:55.420 [info] Got 1 sessions for ...
2026-08-30 16:27:55.535 [info] Getting sessions for all scopes...
2026-08-30 16:27:55.535 [info] Got 1 sessions for ...
2026-08-30 16:27:55.769 [info] Getting sessions for read:user,repo,user:email,workflow...
2026-08-30 16:27:55.769 [info] Got 1 sessions for read:user,repo,user:email,workflow...
2026-08-30 16:27:56.363 [info] Getting sessions for all scopes...
2026-08-30 16:27:56.363 [info] Got 1 sessions for ...
2026-08-30 16:27:57.172 [info] Getting sessions for all scopes...
2026-08-30 16:27:57.172 [info] Got 1 sessions for ...
2026-08-30 16:27:57.277 [info] Getting sessions for read:user,repo,user:email,workflow...
2026-08-30 16:27:57.277 [info] Got 1 sessions for read:user,repo,user:email,workflow...
2026-08-30 16:27:57.761 [info] Getting sessions for all scopes...
2026-08-30 16:27:57.761 [info] Got 1 sessions for ...
2026-08-30 16:27:57.770 [info] Getting sessions for read:user,repo,user:email,workflow...
2026-08-30 16:27:57.770 [info] Got 1 sessions for read:user,repo,user:email,workflow...
2026-08-30 16:27:58.618 [info] Getting sessions for read:user,user:email...
2026-08-30 16:27:58.618 [info] Got 0 sessions for read:user,user:email...
2026-08-30 16:27:58.623 [info] Getting sessions for read:user,user:email...
2026-08-30 16:27:58.624 [info] Got 0 sessions for read:user,user:email...
2026-08-30 16:27:58.628 [info] Getting sessions for all scopes...
2026-08-30 16:27:58.628 [info] Got 1 sessions for ...
2026-08-30 16:27:58.629 [info] Getting sessions for all scopes...
2026-08-30 16:27:58.629 [info] Got 1 sessions for ...
2026-08-30 16:27:58.635 [info] Getting sessions for repo...
2026-08-30 16:27:58.635 [info] Got 0 sessions for repo...
2026-08-30 16:27:58.639 [info] Getting sessions for repo...
2026-08-30 16:27:58.639 [info] Got 0 sessions for repo...
2026-08-30 16:27:58.654 [info] Getting sessions for all scopes...
2026-08-30 16:27:58.654 [info] Got 1 sessions for ...
2026-08-30 16:27:58.656 [info] Getting sessions for all scopes...
2026-08-30 16:27:58.656 [info] Got 1 sessions for ...
2026-08-30 16:27:58.660 [info] Getting sessions for read:user,user:email...
2026-08-30 16:27:58.660 [info] Got 0 sessions for read:user,user:email...
2026-08-30 16:27:58.662 [info] Getting sessions for read:user,user:email...
2026-08-30 16:27:58.662 [info] Got 0 sessions for read:user,user:email...
2026-08-30 16:27:58.663 [info] Getting sessions for all scopes...
2026-08-30 16:27:58.663 [info] Got 1 sessions for ...
2026-08-30 16:27:58.665 [info] Getting sessions for all scopes...
2026-08-30 16:27:58.665 [info] Got 1 sessions for ...
2026-08-30 16:27:58.667 [info] Getting sessions for repo...
2026-08-30 16:27:58.668 [info] Got 0 sessions for repo...
2026-08-30 16:27:58.672 [info] Getting sessions for repo...
2026-08-30 16:27:58.672 [info] Got 0 sessions for repo...
2026-08-30 16:27:58.672 [info] Getting sessions for all scopes...
2026-08-30 16:27:58.672 [info] Got 1 sessions for ...
2026-08-30 16:27:58.676 [info] Getting sessions for all scopes...
2026-08-30 16:27:58.677 [info] Got 1 sessions for ...
2026-08-30 16:28:05.631 [info] Getting sessions for all scopes...
2026-08-30 16:28:05.631 [info] Got 1 sessions for ...
2026-08-30 16:28:05.637 [info] Getting sessions for all scopes...
2026-08-30 16:28:05.637 [info] Got 1 sessions for ...
2026-08-30 16:28:06.649 [info] Getting sessions for all scopes...
2026-08-30 16:28:06.649 [info] Got 1 sessions for ...
2026-08-30 16:28:06.658 [info] Getting sessions for all scopes...
2026-08-30 16:28:06.658 [info] Got 1 sessions for ...
2026-08-30 16:28:19.376 [info] Getting sessions for read:user,repo,user:email,workflow...
2026-08-30 16:28:19.376 [info] Got 1 sessions for read:user,repo,user:email,workflow...
2026-08-30 16:30:50.837 [info] Getting sessions for all scopes...
2026-08-30 16:30:50.837 [info] Got 1 sessions for ...
2026-08-30 16:30:51.012 [info] Getting sessions for all scopes...
2026-08-30 16:30:51.012 [info] Got 1 sessions for ...
2026-08-30 16:30:59.275 [info] Getting sessions for all scopes...
2026-08-30 16:30:59.275 [info] Got 1 sessions for ...
2026-08-30 16:30:59.278 [info] Getting sessions for all scopes...
2026-08-30 16:30:59.278 [info] Got 1 sessions for ...
2026-08-30 16:32:02.548 [info] Getting sessions for all scopes...
2026-08-30 16:32:02.548 [info] Got 1 sessions for ...
2026-08-30 16:32:02.550 [info] Getting sessions for all scopes...
2026-08-30 16:32:02.550 [info] Got 1 sessions for ...
2026-08-30 16:32:58.520 [info] Getting sessions for all scopes...
2026-08-30 16:32:58.520 [info] Got 1 sessions for ...
2026-08-30 16:32:58.522 [info] Getting sessions for all scopes...
2026-08-30 16:32:58.522 [info] Got 1 sessions for ...
2026-08-30 16:33:16.842 [info] Getting sessions for all scopes...
2026-08-30 16:33:16.842 [info] Got 1 sessions for ...
2026-08-30 16:33:16.845 [info] Getting sessions for all scopes...
2026-08-30 16:33:16.845 [info] Got 1 sessions for ...
2026-08-30 16:33:37.191 [info] Getting sessions for all scopes...
2026-08-30 16:33:37.191 [info] Got 1 sessions for ...
2026-08-30 16:33:37.195 [info] Getting sessions for all scopes...
2026-08-30 16:33:37.196 [info] Got 1 sessions for ...
2026-08-30 16:33:58.461 [info] Getting sessions for all scopes...
2026-08-30 16:33:58.462 [info] Got 1 sessions for ...
2026-08-30 16:33:58.466 [info] Getting sessions for all scopes...
2026-08-30 16:33:58.466 [info] Got 1 sessions for ...
2026-08-30 16:34:39.727 [info] Reading sessions from keychain...
2026-08-30 16:34:39.727 [info] Got stored sessions!
2026-08-30 16:34:39.727 [info] Got 1 verified sessions.
2026-08-30 16:34:39.727 [info] Getting sessions for all scopes...
2026-08-30 16:34:39.727 [info] Got 1 sessions for ...
2026-08-30 16:34:39.727 [info] Getting sessions for all scopes...
2026-08-30 16:34:39.727 [info] Got 1 sessions for ...
2026-08-30 16:34:39.727 [info] Getting sessions for all scopes...
2026-08-30 16:34:39.727 [info] Got 1 sessions for ...
2026-08-30 16:34:39.727 [info] Getting sessions for read:user,user:email...
2026-08-30 16:34:39.727 [info] Got 0 sessions for read:user,user:email...
2026-08-30 16:34:39.727 [info] Getting sessions for all scopes...
2026-08-30 16:34:39.727 [info] Got 1 sessions for ...
2026-08-30 16:34:39.727 [info] Getting sessions for all scopes...
2026-08-30 16:34:39.727 [info] Got 1 sessions for ...
2026-08-30 16:34:39.775 [info] Getting sessions for repo...
2026-08-30 16:34:39.776 [info] Got 0 sessions for repo...
2026-08-30 16:34:40.079 [info] Getting sessions for all scopes...
2026-08-30 16:34:40.079 [info] Got 1 sessions for ...
2026-08-30 16:34:40.465 [info] Getting sessions for read:user,user:email...
2026-08-30 16:34:40.465 [info] Got 0 sessions for read:user,user:email...
2026-08-30 16:34:40.478 [info] FetcherService: Electron fetch failed with status: 429 
2026-08-30 16:34:40.534 [info] Unable to resolve optional EDU details. Status: 429 
2026-08-30 16:34:49.707 [info] Getting sessions for all scopes...
2026-08-30 16:34:49.707 [info] Got 1 sessions for ...
2026-08-30 16:34:50.259 [info] Getting sessions for read:user,user:email...
2026-08-30 16:34:50.259 [info] Got 0 sessions for read:user,user:email...
2026-08-30 16:34:50.295 [info] Getting sessions for all scopes...
2026-08-30 16:34:50.295 [info] Got 1 sessions for ...
2026-08-30 16:34:50.643 [info] Getting sessions for repo...
2026-08-30 16:34:50.643 [info] Got 0 sessions for repo...
2026-08-30 16:34:50.750 [info] Getting sessions for all scopes...
2026-08-30 16:34:50.750 [info] Got 1 sessions for ...
2026-08-30 16:34:51.004 [info] Getting sessions for all scopes...
2026-08-30 16:34:51.004 [info] Got 1 sessions for ...
2026-08-30 16:34:51.009 [info] Getting sessions for all scopes...
2026-08-30 16:34:51.009 [info] Got 1 sessions for ...
2026-08-30 16:34:51.011 [info] Getting sessions for all scopes...
2026-08-30 16:34:51.011 [info] Got 1 sessions for ...
2026-08-30 16:34:52.005 [info] Getting sessions for repo...
2026-08-30 16:34:52.005 [info] Got 0 sessions for repo...
2026-08-30 16:34:53.142 [info] Getting sessions for all scopes...
2026-08-30 16:34:53.143 [info] Got 1 sessions for ...
2026-08-30 16:34:53.609 [info] Getting sessions for all scopes...
2026-08-30 16:34:53.609 [info] Got 1 sessions for ...
2026-08-30 16:34:54.174 [info] Getting sessions for read:user,user:email...
2026-08-30 16:34:54.174 [info] Got 0 sessions for read:user,user:email...
2026-08-30 16:34:54.493 [info] Getting sessions for read:user,repo,user:email,workflow...
2026-08-30 16:34:54.493 [info] Got 1 sessions for read:user,repo,user:email,workflow...
2026-08-30 16:34:54.509 [info] Getting sessions for all scopes...
2026-08-30 16:34:54.509 [info] Got 1 sessions for ...
2026-08-30 16:34:54.700 [info] Getting sessions for repo...
2026-08-30 16:34:54.700 [info] Got 0 sessions for repo...
2026-08-30 16:34:55.876 [info] Getting sessions for all scopes...
2026-08-30 16:34:55.876 [info] Got 1 sessions for ...
2026-08-30 16:34:56.276 [info] Getting sessions for all scopes...
2026-08-30 16:34:56.276 [info] Got 1 sessions for ...
2026-08-30 16:34:56.452 [info] Getting sessions for all scopes...
2026-08-30 16:34:56.452 [info] Got 1 sessions for ...
2026-08-30 16:34:56.502 [info] Getting sessions for all scopes...
2026-08-30 16:34:56.502 [info] Got 1 sessions for ...
2026-08-30 16:34:57.684 [info] Getting sessions for all scopes...
2026-08-30 16:34:57.684 [info] Got 1 sessions for ...
2026-08-30 16:34:57.858 [info] Getting sessions for read:user,repo,user:email,workflow...
2026-08-30 16:34:57.858 [info] Got 1 sessions for read:user,repo,user:email,workflow...
2026-08-30 16:35:00.977 [info] Getting sessions for read:user,user:email...
2026-08-30 16:35:00.977 [info] Got 0 sessions for read:user,user:email...
2026-08-30 16:35:00.978 [info] Getting sessions for read:user,user:email...
2026-08-30 16:35:00.978 [info] Got 0 sessions for read:user,user:email...
2026-08-30 16:35:01.228 [info] Getting sessions for all scopes...
2026-08-30 16:35:01.228 [info] Got 1 sessions for ...
2026-08-30 16:35:01.230 [info] Getting sessions for all scopes...
2026-08-30 16:35:01.230 [info] Got 1 sessions for ...
2026-08-30 16:35:01.349 [info] Getting sessions for repo...
2026-08-30 16:35:01.349 [info] Got 0 sessions for repo...
2026-08-30 16:35:01.350 [info] Getting sessions for repo...
2026-08-30 16:35:01.350 [info] Got 0 sessions for repo...
2026-08-30 16:35:01.351 [info] Getting sessions for all scopes...
2026-08-30 16:35:01.351 [info] Got 1 sessions for ...
2026-08-30 16:35:01.351 [info] Getting sessions for all scopes...
2026-08-30 16:35:01.351 [info] Got 1 sessions for ...
2026-08-30 16:35:01.582 [info] Getting sessions for all scopes...
2026-08-30 16:35:01.582 [info] Got 1 sessions for ...
2026-08-30 16:35:01.583 [info] Getting sessions for all scopes...
2026-08-30 16:35:01.584 [info] Got 1 sessions for ...
2026-08-30 16:35:01.601 [info] Getting sessions for read:user,user:email...
2026-08-30 16:35:01.601 [info] Got 0 sessions for read:user,user:email...
2026-08-30 16:35:01.601 [info] Getting sessions for read:user,user:email...
2026-08-30 16:35:01.601 [info] Got 0 sessions for read:user,user:email...
2026-08-30 16:35:02.484 [info] Getting sessions for all scopes...
2026-08-30 16:35:02.484 [info] Got 1 sessions for ...
2026-08-30 16:35:02.490 [info] Getting sessions for all scopes...
2026-08-30 16:35:02.490 [info] Got 1 sessions for ...
2026-08-30 16:35:02.491 [info] Getting sessions for read:user,repo,user:email,workflow...
2026-08-30 16:35:02.491 [info] Got 1 sessions for read:user,repo,user:email,workflow...
2026-08-30 16:35:02.499 [info] Getting sessions for repo...
2026-08-30 16:35:02.499 [info] Got 0 sessions for repo...
2026-08-30 16:35:02.500 [info] Getting sessions for repo...
2026-08-30 16:35:02.500 [info] Got 0 sessions for repo...
2026-08-30 16:35:02.862 [info] Getting sessions for all scopes...
2026-08-30 16:35:02.862 [info] Got 1 sessions for ...
2026-08-30 16:35:02.864 [info] Getting sessions for all scopes...
2026-08-30 16:35:02.864 [info] Got 1 sessions for ...
2026-08-30 16:35:07.517 [info] Getting sessions for all scopes...
2026-08-30 16:35:07.517 [info] Got 1 sessions for ...
2026-08-30 16:35:07.518 [info] Getting sessions for all scopes...
2026-08-30 16:35:07.518 [info] Got 1 sessions for ...
2026-08-30 16:35:08.205 [info] Getting sessions for read:user,repo,user:email,workflow...
2026-08-30 16:35:08.205 [info] Got 1 sessions for read:user,repo,user:email,workflow...
2026-08-30 16:35:08.656 [info] Getting sessions for read:user,repo,user:email,workflow...
2026-08-30 16:35:08.656 [info] Got 1 sessions for read:user,repo,user:email,workflow...
2026-08-30 16:35:09.490 [info] Getting sessions for all scopes...
2026-08-30 16:35:09.490 [info] Got 1 sessions for ...
2026-08-30 16:35:10.445 [info] Getting sessions for read:user,repo,user:email,workflow...
2026-08-30 16:35:10.445 [info] Got 1 sessions for read:user,repo,user:email,workflow...
2026-08-30 16:35:11.863 [info] Getting sessions for all scopes...
2026-08-30 16:35:11.864 [info] Got 1 sessions for ...
2026-08-30 16:35:11.940 [info] Getting sessions for read:user,repo,user:email,workflow...
2026-08-30 16:35:11.940 [info] Got 1 sessions for read:user,repo,user:email,workflow...
2026-08-30 16:37:40.515 [info] Getting sessions for all scopes...
2026-08-30 16:37:40.522 [info] Got 1 sessions for ...
2026-08-30 16:37:40.525 [info] Getting sessions for all scopes...
2026-08-30 16:37:40.525 [info] Got 1 sessions for ...
2026-08-30 16:37:42.643 [info] Getting sessions for all scopes...
2026-08-30 16:37:42.644 [info] Got 1 sessions for ...
2026-08-30 16:37:42.647 [info] Getting sessions for all scopes...
2026-08-30 16:37:42.647 [info] Got 1 sessions for ...
2026-08-30 16:40:42.160 [info] Getting sessions for all scopes...
2026-08-30 16:40:42.168 [info] Got 1 sessions for ...
2026-08-30 16:40:42.170 [info] Getting sessions for all scopes...
2026-08-30 16:40:42.170 [info] Got 1 sessions for ...
2026-08-30 16:40:52.316 [info] Getting sessions for all scopes...
2026-08-30 16:40:52.316 [info] Got 1 sessions for ...
2026-08-30 16:40:52.319 [info] Getting sessions for all scopes...
2026-08-30 16:40:52.320 [info] Got 1 sessions for ...
2026-08-30 16:43:20.039 [info] Getting sessions for all scopes...
2026-08-30 16:43:20.039 [info] Got 1 sessions for ...
2026-08-30 16:43:20.040 [info] Getting sessions for all scopes...
2026-08-30 16:43:20.041 [info] Got 1 sessions for ...
2026-08-30 16:45:43.482 [info] Getting sessions for all scopes...
2026-08-30 16:45:43.482 [info] Got 1 sessions for ...
2026-08-30 16:45:43.486 [info] Getting sessions for all scopes...
2026-08-30 16:45:43.486 [info] Got 1 sessions for ...
2026-08-30 16:45:56.735 [info] Getting sessions for all scopes...
2026-08-30 16:45:56.735 [info] Got 1 sessions for ...
2026-08-30 16:45:56.741 [info] Getting sessions for all scopes...
2026-08-30 16:45:56.742 [info] Got 1 sessions for ...
2026-08-30 16:46:30.229 [info] Getting sessions for all scopes...
2026-08-30 16:46:30.229 [info] Got 1 sessions for ...
2026-08-30 16:46:30.254 [info] Getting sessions for all scopes...
2026-08-30 16:46:30.254 [info] Got 1 sessions for ...
2026-08-30 16:46:32.643 [info] Getting sessions for all scopes...
2026-08-30 16:46:32.644 [info] Got 1 sessions for ...
2026-08-30 16:46:32.725 [info] Getting sessions for all scopes...
2026-08-30 16:46:32.725 [info] Got 1 sessions for ...
2026-08-30 18:12:09.476 [info] Getting sessions for all scopes...
2026-08-30 18:12:09.476 [info] Got 1 sessions for ...
2026-08-30 18:12:09.525 [info] Getting sessions for all scopes...
2026-08-30 18:12:09.525 [info] Got 1 sessions for ...
