2026-08-21 14:50:14.792 [info] [main] Log level: Info
2026-08-21 14:50:14.792 [info] [main] Validating found git in: "git"
2026-08-21 14:50:14.792 [info] [main] Using git "2.55.0" from "git"
2026-08-21 14:50:14.792 [info] [Model][doInitialScan] Initial repository scan started
2026-08-21 14:50:14.792 [info] > git rev-parse --show-toplevel [19ms]
2026-08-21 14:50:14.795 [info] > git rev-parse --git-dir --git-common-dir --show-superproject-working-tree [5ms]
2026-08-21 14:50:14.862 [info] [Model][openRepository] Opened repository (path): /home/rm99/ble.sh
2026-08-21 14:50:14.862 [info] [Model][openRepository] Opened repository (real path): /home/rm99/ble.sh
2026-08-21 14:50:14.862 [info] [Model][openRepository] Opened repository (kind): repository
2026-08-21 14:50:14.876 [info] [Model][doInitialScan] Initial repository scan completed - repositories (1), closed repositories (0), parent repositories (0), unsafe repositories (0)
2026-08-21 14:50:14.897 [info] > git config --get --local core.virtualfilesystem [21ms]
2026-08-21 14:50:14.898 [warning] [Git][config] git config failed: Failed to execute git
2026-08-21 14:50:14.902 [info] > git config --get commit.template [7ms]
2026-08-21 14:50:14.921 [info] > git for-each-ref --format=%(refname)%00%(upstream:short)%00%(objectname)%00%(upstream:track)%00%(upstream:remotename)%00%(upstream:remoteref) refs/heads/master refs/remotes/master [5ms]
2026-08-21 14:50:14.929 [warning] [Git][revParse] Unable to read file: ENOENT: no such file or directory, open '/home/rm99/ble.sh/.git/refs/remotes/origin/master'
2026-08-21 14:50:14.931 [info] > git rev-parse refs/remotes/origin/master [3ms]
2026-08-21 14:50:14.947 [info] > git for-each-ref --sort -committerdate --format %(refname)%00%(objectname)%00%(*objectname) [2ms]
2026-08-21 14:50:15.052 [info] > git status -z -uall [114ms]
2026-08-21 14:50:15.096 [info] > git config --get commit.template [3ms]
2026-08-21 14:50:15.096 [info] > git for-each-ref --format=%(refname)%00%(upstream:short)%00%(objectname)%00%(upstream:track)%00%(upstream:remotename)%00%(upstream:remoteref) refs/heads/master refs/remotes/master [13ms]
2026-08-21 14:50:15.111 [info] > git config --get --local branch.master.vscode-merge-base [9ms]
2026-08-21 14:50:15.120 [info] > git for-each-ref --format=%(refname)%00%(upstream:short)%00%(objectname)%00%(upstream:track)%00%(upstream:remotename)%00%(upstream:remoteref) refs/heads/master refs/remotes/master [10ms]
2026-08-21 14:50:15.125 [warning] [Git][revParse] Unable to read file: ENOENT: no such file or directory, open '/home/rm99/ble.sh/.git/refs/remotes/origin/master'
2026-08-21 14:50:15.126 [info] > git for-each-ref --format=%(refname)%00%(upstream:short)%00%(objectname)%00%(upstream:track)%00%(upstream:remotename)%00%(upstream:remoteref) refs/heads/origin/master refs/remotes/origin/master [8ms]
2026-08-21 14:50:15.134 [info] > git merge-base refs/heads/master refs/remotes/origin/master [1ms]
2026-08-21 14:50:15.140 [info] > git rev-parse refs/remotes/origin/master [15ms]
2026-08-21 14:50:15.154 [info] > git diff --raw --numstat --diff-filter=ADMR -z --find-renames=50% d69e4d549a1881a37300fe6b4a05478bd9157dfc...refs/remotes/origin/master -- [14ms]
2026-08-21 14:50:15.156 [info] > git for-each-ref --sort -committerdate --format %(refname)%00%(objectname)%00%(*objectname) [3ms]
2026-08-21 14:50:15.208 [info] > git status -z -uall [63ms]
2026-08-21 14:50:15.445 [info] > git check-ignore -v -z --stdin [4ms]
2026-08-21 14:50:15.725 [info] > git rev-parse --show-toplevel [7ms]
2026-08-21 14:50:15.744 [info] > git rev-parse --git-dir --git-common-dir --show-superproject-working-tree [10ms]
2026-08-21 14:50:15.782 [info] [Model][openRepository] Opened repository (path): /home/rm99/ble.sh/contrib
2026-08-21 14:50:15.782 [info] [Model][openRepository] Opened repository (real path): /home/rm99/ble.sh/contrib
2026-08-21 14:50:15.782 [info] [Model][openRepository] Opened repository (kind): submodule
2026-08-21 14:50:15.809 [info] > git config --get commit.template [6ms]
2026-08-21 14:50:15.809 [info] > git config --get --local core.virtualfilesystem [15ms]
2026-08-21 14:50:15.809 [warning] [Git][config] git config failed: Failed to execute git
2026-08-21 14:50:15.823 [info] > git for-each-ref --format %(refname)%00%(objectname)%00%(*objectname) refs/tags [2ms]
2026-08-21 14:50:15.846 [info] > git for-each-ref --sort -committerdate --format %(refname)%00%(objectname)%00%(*objectname) [4ms]
2026-08-21 14:50:15.848 [info] > git status -z -uall [16ms]
2026-08-21 14:50:15.867 [info] > git config --get commit.template [7ms]
2026-08-21 14:50:15.872 [info] > git for-each-ref --format %(refname)%00%(objectname)%00%(*objectname) refs/tags [6ms]
2026-08-21 14:50:15.905 [info] > git status -z -uall [23ms]
2026-08-21 14:50:15.906 [info] > git for-each-ref --sort -committerdate --format %(refname)%00%(objectname)%00%(*objectname) [7ms]
2026-08-21 14:50:16.317 [info] > git check-ignore -v -z --stdin [1ms]
2026-08-21 14:50:38.134 [info] > git rev-parse --show-toplevel [3ms]
2026-08-21 14:50:38.134 [info] fatal: not a git repository (or any of the parent directories): .git
