2026-08-30 16:27:53.209 [info] [main] Log level: Info
2026-08-30 16:27:53.209 [info] [main] Validating found git in: "git"
2026-08-30 16:27:53.209 [info] [main] Using git "2.55.0" from "git"
2026-08-30 16:27:53.209 [info] [Model][doInitialScan] Initial repository scan started
2026-08-30 16:27:53.209 [info] > git rev-parse --show-toplevel [753ms]
2026-08-30 16:27:53.209 [info] fatal: not a git repository (or any of the parent directories): .git
2026-08-30 16:27:53.410 [info] > git rev-parse --show-toplevel [748ms]
2026-08-30 16:27:53.410 [info] fatal: not a git repository (or any of the parent directories): .git
2026-08-30 16:27:53.850 [info] > git rev-parse --show-toplevel [344ms]
2026-08-30 16:27:53.850 [info] fatal: not a git repository (or any of the parent directories): .git
2026-08-30 16:27:53.913 [info] > git rev-parse --show-toplevel [25ms]
2026-08-30 16:27:53.913 [info] fatal: not a git repository (or any of the parent directories): .git
2026-08-30 16:27:54.119 [info] > git rev-parse --show-toplevel [72ms]
2026-08-30 16:27:54.119 [info] fatal: not a git repository (or any of the parent directories): .git
2026-08-30 16:27:54.195 [info] > git rev-parse --show-toplevel [30ms]
2026-08-30 16:27:54.195 [info] fatal: not a git repository (or any of the parent directories): .git
2026-08-30 16:27:54.317 [info] > git rev-parse --show-toplevel [83ms]
2026-08-30 16:27:54.317 [info] fatal: not a git repository (or any of the parent directories): .git
2026-08-30 16:27:54.439 [info] > git rev-parse --show-toplevel [50ms]
2026-08-30 16:27:54.439 [info] fatal: not a git repository (or any of the parent directories): .git
2026-08-30 16:27:54.447 [info] [Model][doInitialScan] Initial repository scan completed - repositories (0), closed repositories (0), parent repositories (0), unsafe repositories (0)
2026-08-30 16:27:54.565 [info] > git rev-parse --show-toplevel [78ms]
2026-08-30 16:27:54.565 [info] fatal: not a git repository (or any of the parent directories): .git
2026-08-30 16:27:54.568 [info] > git rev-parse --show-toplevel [12ms]
2026-08-30 16:27:54.568 [info] fatal: not a git repository (or any of the parent directories): .git
2026-08-30 16:27:57.743 [info] > git rev-parse --show-toplevel [17ms]
2026-08-30 16:27:57.743 [info] fatal: not a git repository (or any of the parent directories): .git
2026-08-30 16:34:45.200 [info] [main] Log level: Info
2026-08-30 16:34:45.200 [info] [main] Validating found git in: "git"
2026-08-30 16:34:45.200 [info] [main] Using git "2.55.0" from "git"
2026-08-30 16:34:45.200 [info] [Model][doInitialScan] Initial repository scan started
2026-08-30 16:34:50.438 [info] > git rev-parse --show-toplevel [9850ms]
2026-08-30 16:34:50.438 [info] fatal: not a git repository (or any of the parent directories): .git
2026-08-30 16:34:53.510 [info] > git rev-parse --show-toplevel [2534ms]
2026-08-30 16:34:53.510 [info] fatal: not a git repository (or any of the parent directories): .git
2026-08-30 16:34:54.529 [info] > git rev-parse --show-toplevel [849ms]
2026-08-30 16:34:54.529 [info] fatal: not a git repository (or any of the parent directories): .git
2026-08-30 16:34:55.666 [info] > git rev-parse --show-toplevel [1002ms]
2026-08-30 16:34:55.666 [info] fatal: not a git repository (or any of the parent directories): .git
2026-08-30 16:34:56.428 [info] > git rev-parse --show-toplevel [457ms]
2026-08-30 16:34:56.428 [info] fatal: not a git repository (or any of the parent directories): .git
2026-08-30 16:34:57.695 [info] > git rev-parse --show-toplevel [1205ms]
2026-08-30 16:34:57.695 [info] fatal: not a git repository (or any of the parent directories): .git
2026-08-30 16:35:01.019 [info] > git rev-parse --show-toplevel [3032ms]
2026-08-30 16:35:01.019 [info] fatal: not a git repository (or any of the parent directories): .git
2026-08-30 16:35:01.026 [info] [Model][doInitialScan] Initial repository scan completed - repositories (0), closed repositories (0), parent repositories (0), unsafe repositories (0)
2026-08-30 16:35:01.476 [info] > git rev-parse --show-toplevel [343ms]
2026-08-30 16:35:01.476 [info] fatal: not a git repository (or any of the parent directories): .git
2026-08-30 16:35:01.580 [info] > git rev-parse --show-toplevel [309ms]
2026-08-30 16:35:01.580 [info] fatal: not a git repository (or any of the parent directories): .git
2026-08-30 16:35:02.137 [info] > git rev-parse --show-toplevel [596ms]
2026-08-30 16:35:02.137 [info] fatal: not a git repository (or any of the parent directories): .git
2026-08-30 16:35:11.810 [info] > git rev-parse --show-toplevel [17ms]
2026-08-30 16:35:11.810 [info] fatal: not a git repository (or any of the parent directories): .git
2026-08-30 16:44:54.027 [info] > git rev-parse --show-toplevel [16ms]
2026-08-30 16:44:54.027 [info] fatal: not a git repository (or any of the parent directories): .git
2026-08-30 16:44:57.309 [info] > git rev-parse --show-toplevel [340ms]
2026-08-30 16:44:57.309 [info] fatal: not a git repository (or any of the parent directories): .git
2026-08-30 16:45:40.348 [info] > git rev-parse --show-toplevel [21ms]
2026-08-30 16:45:40.348 [info] fatal: not a git repository (or any of the parent directories): .git
2026-08-30 16:46:16.150 [info] > git rev-parse --show-toplevel [15ms]
2026-08-30 16:46:16.150 [info] fatal: not a git repository (or any of the parent directories): .git
2026-08-30 16:46:28.608 [info] > git rev-parse --show-toplevel [9ms]
2026-08-30 16:46:28.609 [info] fatal: not a git repository (or any of the parent directories): .git
2026-08-30 16:47:27.177 [info] > git rev-parse --show-toplevel [10ms]
2026-08-30 16:47:27.177 [info] fatal: not a git repository (or any of the parent directories): .git
2026-08-30 16:49:03.288 [info] > git rev-parse --show-toplevel [4ms]
2026-08-30 16:49:03.288 [info] fatal: not a git repository (or any of the parent directories): .git
2026-08-30 18:12:10.816 [info] > git rev-parse --show-toplevel [10ms]
2026-08-30 18:12:10.816 [info] fatal: not a git repository (or any of the parent directories): .git
